.next/types/validator.ts(71,39): error TS2307: Cannot find module '../../src/app/(admin)/admin/content/formations/[id]/page.js' or its corresponding type declarations.
.next/types/validator.ts(80,39): error TS2307: Cannot find module '../../src/app/(admin)/admin/content/formations/page.js' or its corresponding type declarations.
.next/types/validator.ts(89,39): error TS2307: Cannot find module '../../src/app/(admin)/admin/content/lessons/[id]/page.js' or its corresponding type declarations.
.next/types/validator.ts(98,39): error TS2307: Cannot find module '../../src/app/(admin)/admin/content/modules/page.js' or its corresponding type declarations.
.next/types/validator.ts(107,39): error TS2307: Cannot find module '../../src/app/(admin)/admin/page.js' or its corresponding type declarations.
.next/types/validator.ts(116,39): error TS2307: Cannot find module '../../src/app/(auth)/forgot-password/page.js' or its corresponding type declarations.
.next/types/validator.ts(125,39): error TS2307: Cannot find module '../../src/app/(auth)/login/page.js' or its corresponding type declarations.
.next/types/validator.ts(134,39): error TS2307: Cannot find module '../../src/app/(auth)/logout/page.js' or its corresponding type declarations.
.next/types/validator.ts(143,39): error TS2307: Cannot find module '../../src/app/(auth)/register/page.js' or its corresponding type declarations.
.next/types/validator.ts(152,39): error TS2307: Cannot find module '../../src/app/(auth)/reset-password/page.js' or its corresponding type declarations.
.next/types/validator.ts(161,39): error TS2307: Cannot find module '../../src/app/(platform)/dashboard/page.js' or its corresponding type declarations.
.next/types/validator.ts(170,39): error TS2307: Cannot find module '../../src/app/(platform)/formations/[slug]/page.js' or its corresponding type declarations.
.next/types/validator.ts(179,39): error TS2307: Cannot find module '../../src/app/(platform)/learn/[slug]/[lessonId]/page.js' or its corresponding type declarations.
.next/types/validator.ts(188,39): error TS2307: Cannot find module '../../src/app/(platform)/library/page.js' or its corresponding type declarations.
.next/types/validator.ts(197,39): error TS2307: Cannot find module '../../src/app/auth/error/page.js' or its corresponding type declarations.
.next/types/validator.ts(206,39): error TS2307: Cannot find module '../../src/app/page.js' or its corresponding type declarations.
.next/types/validator.ts(215,39): error TS2307: Cannot find module '../../src/app/api/enroll/route.js' or its corresponding type declarations.
.next/types/validator.ts(224,39): error TS2307: Cannot find module '../../src/app/api/progress/route.js' or its corresponding type declarations.
.next/types/validator.ts(233,39): error TS2307: Cannot find module '../../src/app/api/upload/route.js' or its corresponding type declarations.
.next/types/validator.ts(242,39): error TS2307: Cannot find module '../../src/app/auth/callback/route.js' or its corresponding type declarations.
.next/types/validator.ts(252,31): error TS2344: Type 'typeof import("C:/Users/TP412/Dropbox/PC/Documents/PlataformaAinara/src/pages/Dashboard")' does not satisfy the constraint 'PagesPageConfig'.
  Property 'default' is missing in type 'typeof import("C:/Users/TP412/Dropbox/PC/Documents/PlataformaAinara/src/pages/Dashboard")' but required in type 'PagesPageConfig'.
.next/types/validator.ts(261,31): error TS2344: Type 'typeof import("C:/Users/TP412/Dropbox/PC/Documents/PlataformaAinara/src/pages/Library")' does not satisfy the constraint 'PagesPageConfig'.
  Property 'default' is missing in type 'typeof import("C:/Users/TP412/Dropbox/PC/Documents/PlataformaAinara/src/pages/Library")' but required in type 'PagesPageConfig'.
.next/types/validator.ts(270,31): error TS2344: Type 'typeof import("C:/Users/TP412/Dropbox/PC/Documents/PlataformaAinara/src/pages/Mentorship")' does not satisfy the constraint 'PagesPageConfig'.
  Property 'default' is missing in type 'typeof import("C:/Users/TP412/Dropbox/PC/Documents/PlataformaAinara/src/pages/Mentorship")' but required in type 'PagesPageConfig'.
.next/types/validator.ts(279,31): error TS2344: Type 'typeof import("C:/Users/TP412/Dropbox/PC/Documents/PlataformaAinara/src/pages/Profile")' does not satisfy the constraint 'PagesPageConfig'.
  Property 'default' is missing in type 'typeof import("C:/Users/TP412/Dropbox/PC/Documents/PlataformaAinara/src/pages/Profile")' but required in type 'PagesPageConfig'.
.next/types/validator.ts(288,31): error TS2344: Type 'typeof import("C:/Users/TP412/Dropbox/PC/Documents/PlataformaAinara/src/pages/Quest")' does not satisfy the constraint 'PagesPageConfig'.
  Property 'default' is missing in type 'typeof import("C:/Users/TP412/Dropbox/PC/Documents/PlataformaAinara/src/pages/Quest")' but required in type 'PagesPageConfig'.
.next/types/validator.ts(297,31): error TS2344: Type 'typeof import("C:/Users/TP412/Dropbox/PC/Documents/PlataformaAinara/src/pages/Taberna")' does not satisfy the constraint 'PagesPageConfig'.
  Property 'default' is missing in type 'typeof import("C:/Users/TP412/Dropbox/PC/Documents/PlataformaAinara/src/pages/Taberna")' but required in type 'PagesPageConfig'.
.next/types/validator.ts(306,31): error TS2344: Type 'typeof import("C:/Users/TP412/Dropbox/PC/Documents/PlataformaAinara/src/pages/admin/AdminContent")' does not satisfy the constraint 'PagesPageConfig'.
  Property 'default' is missing in type 'typeof import("C:/Users/TP412/Dropbox/PC/Documents/PlataformaAinara/src/pages/admin/AdminContent")' but required in type 'PagesPageConfig'.
.next/types/validator.ts(315,31): error TS2344: Type 'typeof import("C:/Users/TP412/Dropbox/PC/Documents/PlataformaAinara/src/pages/admin/AdminDashboard")' does not satisfy the constraint 'PagesPageConfig'.
  Property 'default' is missing in type 'typeof import("C:/Users/TP412/Dropbox/PC/Documents/PlataformaAinara/src/pages/admin/AdminDashboard")' but required in type 'PagesPageConfig'.
.next/types/validator.ts(324,31): error TS2344: Type 'typeof import("C:/Users/TP412/Dropbox/PC/Documents/PlataformaAinara/src/pages/admin/AdminLayout")' does not satisfy the constraint 'PagesPageConfig'.
  Property 'default' is missing in type 'typeof import("C:/Users/TP412/Dropbox/PC/Documents/PlataformaAinara/src/pages/admin/AdminLayout")' but required in type 'PagesPageConfig'.
.next/types/validator.ts(333,31): error TS2344: Type 'typeof import("C:/Users/TP412/Dropbox/PC/Documents/PlataformaAinara/src/pages/admin/AdminThemes")' does not satisfy the constraint 'PagesPageConfig'.
  Property 'default' is missing in type 'typeof import("C:/Users/TP412/Dropbox/PC/Documents/PlataformaAinara/src/pages/admin/AdminThemes")' but required in type 'PagesPageConfig'.
.next/types/validator.ts(342,31): error TS2344: Type 'typeof import("C:/Users/TP412/Dropbox/PC/Documents/PlataformaAinara/src/pages/admin/AdminUsers")' does not satisfy the constraint 'PagesPageConfig'.
  Property 'default' is missing in type 'typeof import("C:/Users/TP412/Dropbox/PC/Documents/PlataformaAinara/src/pages/admin/AdminUsers")' but required in type 'PagesPageConfig'.
.next/types/validator.ts(352,39): error TS2307: Cannot find module '../../src/app/(admin)/layout.js' or its corresponding type declarations.
.next/types/validator.ts(361,39): error TS2307: Cannot find module '../../src/app/(auth)/layout.js' or its corresponding type declarations.
.next/types/validator.ts(370,39): error TS2307: Cannot find module '../../src/app/(platform)/layout.js' or its corresponding type declarations.
.next/types/validator.ts(379,39): error TS2307: Cannot find module '../../src/app/(platform)/learn/[slug]/[lessonId]/layout.js' or its corresponding type declarations.
.next/types/validator.ts(388,39): error TS2307: Cannot find module '../../src/app/layout.js' or its corresponding type declarations.
app/(admin)/admin/content/formations/[id]/page.tsx(83,17): error TS18047: 'params' is possibly 'null'.
app/(admin)/admin/content/formations/[id]/page.tsx(125,14): error TS18047: 'params' is possibly 'null'.
app/(admin)/admin/content/formations/[id]/page.tsx(133,19): error TS18047: 'params' is possibly 'null'.
app/(admin)/admin/content/formations/[id]/page.tsx(146,29): error TS18047: 'params' is possibly 'null'.
app/(admin)/admin/content/lessons/[id]/page.tsx(43,3): error TS2353: Object literal may only specify known properties, and 'video_duration' does not exist in type 'Lesson & { module_title: string; formation_title: string; formation_id: string; }'.
app/(admin)/admin/content/lessons/[id]/page.tsx(65,17): error TS18047: 'params' is possibly 'null'.
app/(admin)/admin/content/lessons/[id]/page.tsx(83,9): error TS2322: Type 'null' is not assignable to type 'string | undefined'.
app/(admin)/admin/content/lessons/[id]/page.tsx(103,14): error TS18047: 'params' is possibly 'null'.
app/(admin)/admin/content/lessons/[id]/page.tsx(135,11): error TS2353: Object literal may only specify known properties, and 'video_duration' does not exist in type '(Lesson & { module_title: string; formation_title: string; formation_id: string; }) | ((prevState: (Lesson & { module_title: string; formation_title: string; formation_id: string; }) | null) => (Lesson & { ...; }) | null)'.
app/(admin)/admin/content/lessons/[id]/page.tsx(276,35): error TS2339: Property 'xp_reward' does not exist on type 'Lesson & { module_title: string; formation_title: string; formation_id: string; }'.
app/(admin)/admin/content/lessons/[id]/page.tsx(278,46): error TS2353: Object literal may only specify known properties, and 'xp_reward' does not exist in type '(Lesson & { module_title: string; formation_title: string; formation_id: string; }) | ((prevState: (Lesson & { module_title: string; formation_title: string; formation_id: string; }) | null) => (Lesson & { ...; }) | null)'.
app/(admin)/admin/content/lessons/[id]/page.tsx(308,60): error TS2339: Property 'video_duration' does not exist on type 'Lesson & { module_title: string; formation_title: string; formation_id: string; }'.
app/(admin)/admin/content/lessons/[id]/page.tsx(323,50): error TS2339: Property 'video_duration' does not exist on type 'Lesson & { module_title: string; formation_title: string; formation_id: string; }'.
app/(admin)/admin/content/lessons/[id]/page.tsx(437,35): error TS2339: Property 'video_duration' does not exist on type 'Lesson & { module_title: string; formation_title: string; formation_id: string; }'.
app/(admin)/admin/content/lessons/[id]/page.tsx(439,46): error TS2353: Object literal may only specify known properties, and 'video_duration' does not exist in type '(Lesson & { module_title: string; formation_title: string; formation_id: string; }) | ((prevState: (Lesson & { module_title: string; formation_title: string; formation_id: string; }) | null) => (Lesson & { ...; }) | null)'.
app/(admin)/admin/content/lessons/[id]/page.tsx(522,35): error TS2339: Property 'is_free' does not exist on type 'Lesson & { module_title: string; formation_title: string; formation_id: string; }'.
app/(admin)/admin/content/lessons/[id]/page.tsx(523,72): error TS2353: Object literal may only specify known properties, and 'is_free' does not exist in type '(Lesson & { module_title: string; formation_title: string; formation_id: string; }) | ((prevState: (Lesson & { module_title: string; formation_title: string; formation_id: string; }) | null) => (Lesson & { ...; }) | null)'.
app/(admin)/admin/content/lessons/[id]/page.tsx(560,33): error TS2339: Property 'xp_reward' does not exist on type 'Lesson & { module_title: string; formation_title: string; formation_id: string; }'.
app/(admin)/admin/content/lessons/[id]/page.tsx(562,44): error TS2353: Object literal may only specify known properties, and 'xp_reward' does not exist in type '(Lesson & { module_title: string; formation_title: string; formation_id: string; }) | ((prevState: (Lesson & { module_title: string; formation_title: string; formation_id: string; }) | null) => (Lesson & { ...; }) | null)'.
app/(admin)/admin/content/modules/page.tsx(42,5): error TS2322: Type 'null' is not assignable to type 'string | undefined'.
app/(admin)/admin/content/modules/page.tsx(63,115): error TS2353: Object literal may only specify known properties, and 'video_duration' does not exist in type 'Lesson'.
app/(admin)/admin/content/modules/page.tsx(64,116): error TS2353: Object literal may only specify known properties, and 'video_duration' does not exist in type 'Lesson'.
app/(admin)/admin/content/modules/page.tsx(77,85): error TS2322: Type 'null' is not assignable to type 'string | undefined'.
app/(admin)/admin/content/modules/page.tsx(87,5): error TS2322: Type 'null' is not assignable to type 'string | undefined'.
app/(admin)/admin/content/modules/page.tsx(103,9): error TS2353: Object literal may only specify known properties, and 'order_index' does not exist in type 'Module & { lessons: Lesson[]; }'.
app/(admin)/admin/content/modules/page.tsx(124,11): error TS18048: 'm.lessons' is possibly 'undefined'.
app/(admin)/admin/content/modules/page.tsx(233,32): error TS18048: 'module.lessons' is possibly 'undefined'.
app/(admin)/admin/content/modules/page.tsx(261,24): error TS18048: 'module.lessons' is possibly 'undefined'.
app/(admin)/admin/content/modules/page.tsx(275,28): error TS18048: 'module.lessons' is possibly 'undefined'.
app/(admin)/admin/content/modules/page.tsx(292,43): error TS2339: Property 'is_free' does not exist on type 'Lesson'.
app/(admin)/admin/content/modules/page.tsx(307,43): error TS2339: Property 'video_duration' does not exist on type 'Lesson'.
app/(admin)/admin/content/modules/page.tsx(308,66): error TS2339: Property 'video_duration' does not exist on type 'Lesson'.
app/(admin)/admin/content/modules/page.tsx(310,49): error TS2339: Property 'xp_reward' does not exist on type 'Lesson'.
src/components/Header.tsx(9,14): error TS2322: Type '({ activePage, userName, userAvatar }: HeaderProps) => Element' is not assignable to type 'FC<HeaderProps>'.
  Type 'Element' is not assignable to type 'HtmlEscapedString | Promise<HtmlEscapedString> | null'.
src/components/Header.tsx(22,13): error TS2322: Type '{ children: Element[]; class: string; }' is not assignable to type 'DetailedHTMLProps<HTMLAttributes<HTMLElement>, HTMLElement>'.
  Property 'class' does not exist on type 'DetailedHTMLProps<HTMLAttributes<HTMLElement>, HTMLElement>'. Did you mean 'className'?
src/components/Header.tsx(23,12): error TS2322: Type '{ children: Element[]; class: string; }' is not assignable to type 'DetailedHTMLProps<HTMLAttributes<HTMLDivElement>, HTMLDivElement>'.
  Property 'class' does not exist on type 'DetailedHTMLProps<HTMLAttributes<HTMLDivElement>, HTMLDivElement>'. Did you mean 'className'?
src/components/Header.tsx(25,21): error TS2322: Type '{ children: Element[]; href: string; class: string; }' is not assignable to type 'DetailedHTMLProps<AnchorHTMLAttributes<HTMLAnchorElement>, HTMLAnchorElement>'.
  Property 'class' does not exist on type 'DetailedHTMLProps<AnchorHTMLAttributes<HTMLAnchorElement>, HTMLAnchorElement>'. Did you mean 'className'?
src/components/Header.tsx(26,16): error TS2322: Type '{ children: Element; class: string; }' is not assignable to type 'DetailedHTMLProps<HTMLAttributes<HTMLDivElement>, HTMLDivElement>'.
  Property 'class' does not exist on type 'DetailedHTMLProps<HTMLAttributes<HTMLDivElement>, HTMLDivElement>'. Did you mean 'className'?
src/components/Header.tsx(27,19): error TS2322: Type '{ children: string; class: string; }' is not assignable to type 'DetailedHTMLProps<HTMLAttributes<HTMLSpanElement>, HTMLSpanElement>'.
  Property 'class' does not exist on type 'DetailedHTMLProps<HTMLAttributes<HTMLSpanElement>, HTMLSpanElement>'. Did you mean 'className'?
src/components/Header.tsx(29,15): error TS2322: Type '{ children: string; class: string; }' is not assignable to type 'DetailedHTMLProps<HTMLAttributes<HTMLHeadingElement>, HTMLHeadingElement>'.
  Property 'class' does not exist on type 'DetailedHTMLProps<HTMLAttributes<HTMLHeadingElement>, HTMLHeadingElement>'. Did you mean 'className'?
src/components/Header.tsx(33,14): error TS2322: Type '{ children: Element[]; class: string; }' is not assignable to type 'DetailedHTMLProps<HTMLAttributes<HTMLElement>, HTMLElement>'.
  Property 'class' does not exist on type 'DetailedHTMLProps<HTMLAttributes<HTMLElement>, HTMLElement>'. Did you mean 'className'?
src/components/Header.tsx(37,15): error TS2322: Type '{ children: string; href: string; class: string; }' is not assignable to type 'DetailedHTMLProps<AnchorHTMLAttributes<HTMLAnchorElement>, HTMLAnchorElement>'.
  Property 'class' does not exist on type 'DetailedHTMLProps<AnchorHTMLAttributes<HTMLAnchorElement>, HTMLAnchorElement>'. Did you mean 'className'?
src/components/Header.tsx(49,12): error TS2322: Type '{ children: Element[]; class: string; }' is not assignable to type 'DetailedHTMLProps<HTMLAttributes<HTMLDivElement>, HTMLDivElement>'.
  Property 'class' does not exist on type 'DetailedHTMLProps<HTMLAttributes<HTMLDivElement>, HTMLDivElement>'. Did you mean 'className'?
src/components/Header.tsx(51,14): error TS2322: Type '{ children: Element[]; class: string; }' is not assignable to type 'DetailedHTMLProps<HTMLAttributes<HTMLDivElement>, HTMLDivElement>'.
  Property 'class' does not exist on type 'DetailedHTMLProps<HTMLAttributes<HTMLDivElement>, HTMLDivElement>'. Did you mean 'className'?
src/components/Header.tsx(52,17): error TS2322: Type '{ children: string; class: string; }' is not assignable to type 'DetailedHTMLProps<HTMLAttributes<HTMLSpanElement>, HTMLSpanElement>'.
  Property 'class' does not exist on type 'DetailedHTMLProps<HTMLAttributes<HTMLSpanElement>, HTMLSpanElement>'. Did you mean 'className'?
src/components/Header.tsx(56,13): error TS2322: Type '{ type: "text"; placeholder: string; class: string; }' is not assignable to type 'DetailedHTMLProps<InputHTMLAttributes<HTMLInputElement>, HTMLInputElement>'.
  Property 'class' does not exist on type 'DetailedHTMLProps<InputHTMLAttributes<HTMLInputElement>, HTMLInputElement>'. Did you mean 'className'?
src/components/Header.tsx(60,14): error TS2322: Type '{ children: Element[]; class: string; }' is not assignable to type 'DetailedHTMLProps<HTMLAttributes<HTMLDivElement>, HTMLDivElement>'.
  Property 'class' does not exist on type 'DetailedHTMLProps<HTMLAttributes<HTMLDivElement>, HTMLDivElement>'. Did you mean 'className'?
src/components/Header.tsx(62,19): error TS2322: Type '{ children: Element[]; class: string; }' is not assignable to type 'DetailedHTMLProps<ButtonHTMLAttributes<HTMLButtonElement>, HTMLButtonElement>'.
  Property 'class' does not exist on type 'DetailedHTMLProps<ButtonHTMLAttributes<HTMLButtonElement>, HTMLButtonElement>'. Did you mean 'className'?
src/components/Header.tsx(63,19): error TS2322: Type '{ children: string; class: string; }' is not assignable to type 'DetailedHTMLProps<HTMLAttributes<HTMLSpanElement>, HTMLSpanElement>'.
  Property 'class' does not exist on type 'DetailedHTMLProps<HTMLAttributes<HTMLSpanElement>, HTMLSpanElement>'. Did you mean 'className'?
src/components/Header.tsx(64,19): error TS2322: Type '{ class: string; }' is not assignable to type 'DetailedHTMLProps<HTMLAttributes<HTMLSpanElement>, HTMLSpanElement>'.
  Property 'class' does not exist on type 'DetailedHTMLProps<HTMLAttributes<HTMLSpanElement>, HTMLSpanElement>'. Did you mean 'className'?
src/components/Header.tsx(68,16): error TS2322: Type '{ children: Element[]; class: string; }' is not assignable to type 'DetailedHTMLProps<HTMLAttributes<HTMLDivElement>, HTMLDivElement>'.
  Property 'class' does not exist on type 'DetailedHTMLProps<HTMLAttributes<HTMLDivElement>, HTMLDivElement>'. Did you mean 'className'?
src/components/Header.tsx(71,15): error TS2559: Type 'string' has no properties in common with type 'Properties<string | number, string & {}>'.
src/components/Header.tsx(73,19): error TS2322: Type '{ children: string; class: string; }' is not assignable to type 'DetailedHTMLProps<HTMLAttributes<HTMLSpanElement>, HTMLSpanElement>'.
  Property 'class' does not exist on type 'DetailedHTMLProps<HTMLAttributes<HTMLSpanElement>, HTMLSpanElement>'. Did you mean 'className'?
src/pages/admin/AdminContent.tsx(23,18): error TS2322: Type '{ children: Element[]; class: string; }' is not assignable to type 'DetailedHTMLProps<HTMLAttributes<HTMLDivElement>, HTMLDivElement>'.
  Property 'class' does not exist on type 'DetailedHTMLProps<HTMLAttributes<HTMLDivElement>, HTMLDivElement>'. Did you mean 'className'?
src/pages/admin/AdminContent.tsx(25,24): error TS2322: Type '{ children: (string | number)[]; class: string; }' is not assignable to type 'DetailedHTMLProps<HTMLAttributes<HTMLParagraphElement>, HTMLParagraphElement>'.
  Property 'class' does not exist on type 'DetailedHTMLProps<HTMLAttributes<HTMLParagraphElement>, HTMLParagraphElement>'. Did you mean 'className'?
src/pages/admin/AdminContent.tsx(31,21): error TS2322: Type '{ children: (string | Element)[]; href: string; class: string; }' is not assignable to type 'DetailedHTMLProps<AnchorHTMLAttributes<HTMLAnchorElement>, HTMLAnchorElement>'.
  Property 'class' does not exist on type 'DetailedHTMLProps<AnchorHTMLAttributes<HTMLAnchorElement>, HTMLAnchorElement>'. Did you mean 'className'?
src/pages/admin/AdminContent.tsx(33,27): error TS2322: Type '{ children: string; class: string; }' is not assignable to type 'DetailedHTMLProps<HTMLAttributes<HTMLSpanElement>, HTMLSpanElement>'.
  Property 'class' does not exist on type 'DetailedHTMLProps<HTMLAttributes<HTMLSpanElement>, HTMLSpanElement>'. Did you mean 'className'?
src/pages/admin/AdminContent.tsx(39,18): error TS2322: Type '{ children: (false | Element | Element[])[]; class: string; }' is not assignable to type 'DetailedHTMLProps<HTMLAttributes<HTMLDivElement>, HTMLDivElement>'.
  Property 'class' does not exist on type 'DetailedHTMLProps<HTMLAttributes<HTMLDivElement>, HTMLDivElement>'. Did you mean 'className'?
src/pages/admin/AdminContent.tsx(41,26): error TS2322: Type '{ children: (false | Element)[]; class: string; }' is not assignable to type 'DetailedHTMLProps<HTMLAttributes<HTMLDivElement>, HTMLDivElement>'.
  Property 'class' does not exist on type 'DetailedHTMLProps<HTMLAttributes<HTMLDivElement>, HTMLDivElement>'. Did you mean 'className'?
src/pages/admin/AdminContent.tsx(43,30): error TS2322: Type '{ children: Element; class: string; }' is not assignable to type 'DetailedHTMLProps<HTMLAttributes<HTMLDivElement>, HTMLDivElement>'.
  Property 'class' does not exist on type 'DetailedHTMLProps<HTMLAttributes<HTMLDivElement>, HTMLDivElement>'. Did you mean 'className'?
src/pages/admin/AdminContent.tsx(44,34): error TS2322: Type '{ children: Element[]; class: string; }' is not assignable to type 'DetailedHTMLProps<HTMLAttributes<HTMLDivElement>, HTMLDivElement>'.
  Property 'class' does not exist on type 'DetailedHTMLProps<HTMLAttributes<HTMLDivElement>, HTMLDivElement>'. Did you mean 'className'?
src/pages/admin/AdminContent.tsx(45,38): error TS2322: Type '{ children: Element; class: string; }' is not assignable to type 'DetailedHTMLProps<HTMLAttributes<HTMLDivElement>, HTMLDivElement>'.
  Property 'class' does not exist on type 'DetailedHTMLProps<HTMLAttributes<HTMLDivElement>, HTMLDivElement>'. Did you mean 'className'?
src/pages/admin/AdminContent.tsx(47,85): error TS2322: Type '{ src: string; alt: string; class: string; }' is not assignable to type 'DetailedHTMLProps<ImgHTMLAttributes<HTMLImageElement>, HTMLImageElement>'.
  Property 'class' does not exist on type 'DetailedHTMLProps<ImgHTMLAttributes<HTMLImageElement>, HTMLImageElement>'. Did you mean 'className'?
src/pages/admin/AdminContent.tsx(48,49): error TS2322: Type '{ children: string; class: string; }' is not assignable to type 'DetailedHTMLProps<HTMLAttributes<HTMLSpanElement>, HTMLSpanElement>'.
  Property 'class' does not exist on type 'DetailedHTMLProps<HTMLAttributes<HTMLSpanElement>, HTMLSpanElement>'. Did you mean 'className'?
src/pages/admin/AdminContent.tsx(51,38): error TS2322: Type '{ children: Element[]; class: string; }' is not assignable to type 'DetailedHTMLProps<HTMLAttributes<HTMLDivElement>, HTMLDivElement>'.
  Property 'class' does not exist on type 'DetailedHTMLProps<HTMLAttributes<HTMLDivElement>, HTMLDivElement>'. Did you mean 'className'?
src/pages/admin/AdminContent.tsx(52,42): error TS2322: Type '{ children: Element[]; class: string; }' is not assignable to type 'DetailedHTMLProps<HTMLAttributes<HTMLDivElement>, HTMLDivElement>'.
  Property 'class' does not exist on type 'DetailedHTMLProps<HTMLAttributes<HTMLDivElement>, HTMLDivElement>'. Did you mean 'className'?
src/pages/admin/AdminContent.tsx(53,45): error TS2322: Type '{ children: string; class: string; }' is not assignable to type 'DetailedHTMLProps<HTMLAttributes<HTMLHeadingElement>, HTMLHeadingElement>'.
  Property 'class' does not exist on type 'DetailedHTMLProps<HTMLAttributes<HTMLHeadingElement>, HTMLHeadingElement>'. Did you mean 'className'?
src/pages/admin/AdminContent.tsx(54,47): error TS2322: Type '{ children: string; class: string; }' is not assignable to type 'DetailedHTMLProps<HTMLAttributes<HTMLSpanElement>, HTMLSpanElement>'.
  Property 'class' does not exist on type 'DetailedHTMLProps<HTMLAttributes<HTMLSpanElement>, HTMLSpanElement>'. Did you mean 'className'?
src/pages/admin/AdminContent.tsx(60,47): error TS2322: Type '{ children: string; class: string; }' is not assignable to type 'DetailedHTMLProps<HTMLAttributes<HTMLSpanElement>, HTMLSpanElement>'.
  Property 'class' does not exist on type 'DetailedHTMLProps<HTMLAttributes<HTMLSpanElement>, HTMLSpanElement>'. Did you mean 'className'?
src/pages/admin/AdminContent.tsx(67,40): error TS2322: Type '{ children: string | null; class: string; }' is not assignable to type 'DetailedHTMLProps<HTMLAttributes<HTMLParagraphElement>, HTMLParagraphElement>'.
  Property 'class' does not exist on type 'DetailedHTMLProps<HTMLAttributes<HTMLParagraphElement>, HTMLParagraphElement>'. Did you mean 'className'?
src/pages/admin/AdminContent.tsx(68,42): error TS2322: Type '{ children: Element[]; class: string; }' is not assignable to type 'DetailedHTMLProps<HTMLAttributes<HTMLDivElement>, HTMLDivElement>'.
  Property 'class' does not exist on type 'DetailedHTMLProps<HTMLAttributes<HTMLDivElement>, HTMLDivElement>'. Did you mean 'className'?
src/pages/admin/AdminContent.tsx(69,47): error TS2322: Type '{ children: (string | number | Element)[]; class: string; }' is not assignable to type 'DetailedHTMLProps<HTMLAttributes<HTMLSpanElement>, HTMLSpanElement>'.
  Property 'class' does not exist on type 'DetailedHTMLProps<HTMLAttributes<HTMLSpanElement>, HTMLSpanElement>'. Did you mean 'className'?
src/pages/admin/AdminContent.tsx(70,51): error TS2322: Type '{ children: string; class: string; }' is not assignable to type 'DetailedHTMLProps<HTMLAttributes<HTMLSpanElement>, HTMLSpanElement>'.
  Property 'class' does not exist on type 'DetailedHTMLProps<HTMLAttributes<HTMLSpanElement>, HTMLSpanElement>'. Did you mean 'className'?
src/pages/admin/AdminContent.tsx(73,47): error TS2322: Type '{ children: (string | number | Element)[]; class: string; }' is not assignable to type 'DetailedHTMLProps<HTMLAttributes<HTMLSpanElement>, HTMLSpanElement>'.
  Property 'class' does not exist on type 'DetailedHTMLProps<HTMLAttributes<HTMLSpanElement>, HTMLSpanElement>'. Did you mean 'className'?
src/pages/admin/AdminContent.tsx(74,51): error TS2322: Type '{ children: string; class: string; }' is not assignable to type 'DetailedHTMLProps<HTMLAttributes<HTMLSpanElement>, HTMLSpanElement>'.
  Property 'class' does not exist on type 'DetailedHTMLProps<HTMLAttributes<HTMLSpanElement>, HTMLSpanElement>'. Did you mean 'className'?
src/pages/admin/AdminContent.tsx(77,47): error TS2322: Type '{ children: (string | number | Element)[]; class: string; }' is not assignable to type 'DetailedHTMLProps<HTMLAttributes<HTMLSpanElement>, HTMLSpanElement>'.
  Property 'class' does not exist on type 'DetailedHTMLProps<HTMLAttributes<HTMLSpanElement>, HTMLSpanElement>'. Did you mean 'className'?
src/pages/admin/AdminContent.tsx(78,51): error TS2322: Type '{ children: string; class: string; }' is not assignable to type 'DetailedHTMLProps<HTMLAttributes<HTMLSpanElement>, HTMLSpanElement>'.
  Property 'class' does not exist on type 'DetailedHTMLProps<HTMLAttributes<HTMLSpanElement>, HTMLSpanElement>'. Did you mean 'className'?
src/pages/admin/AdminContent.tsx(81,47): error TS2322: Type '{ children: (string | Element)[]; class: string; }' is not assignable to type 'DetailedHTMLProps<HTMLAttributes<HTMLSpanElement>, HTMLSpanElement>'.
  Property 'class' does not exist on type 'DetailedHTMLProps<HTMLAttributes<HTMLSpanElement>, HTMLSpanElement>'. Did you mean 'className'?
src/pages/admin/AdminContent.tsx(84,51): error TS2322: Type '{ children: string; class: string; }' is not assignable to type 'DetailedHTMLProps<HTMLAttributes<HTMLSpanElement>, HTMLSpanElement>'.
  Property 'class' does not exist on type 'DetailedHTMLProps<HTMLAttributes<HTMLSpanElement>, HTMLSpanElement>'. Did you mean 'className'?
src/pages/admin/AdminContent.tsx(90,38): error TS2322: Type '{ children: Element[]; class: string; }' is not assignable to type 'DetailedHTMLProps<HTMLAttributes<HTMLDivElement>, HTMLDivElement>'.
  Property 'class' does not exist on type 'DetailedHTMLProps<HTMLAttributes<HTMLDivElement>, HTMLDivElement>'. Did you mean 'className'?
src/pages/admin/AdminContent.tsx(93,41): error TS2322: Type '{ children: Element; href: string; class: string; title: string; }' is not assignable to type 'DetailedHTMLProps<AnchorHTMLAttributes<HTMLAnchorElement>, HTMLAnchorElement>'.
  Property 'class' does not exist on type 'DetailedHTMLProps<AnchorHTMLAttributes<HTMLAnchorElement>, HTMLAnchorElement>'. Did you mean 'className'?
src/pages/admin/AdminContent.tsx(96,47): error TS2322: Type '{ children: string; class: string; }' is not assignable to type 'DetailedHTMLProps<HTMLAttributes<HTMLSpanElement>, HTMLSpanElement>'.
  Property 'class' does not exist on type 'DetailedHTMLProps<HTMLAttributes<HTMLSpanElement>, HTMLSpanElement>'. Did you mean 'className'?
src/pages/admin/AdminContent.tsx(100,41): error TS2322: Type '{ children: Element; href: string; class: string; title: string; }' is not assignable to type 'DetailedHTMLProps<AnchorHTMLAttributes<HTMLAnchorElement>, HTMLAnchorElement>'.
  Property 'class' does not exist on type 'DetailedHTMLProps<AnchorHTMLAttributes<HTMLAnchorElement>, HTMLAnchorElement>'. Did you mean 'className'?
src/pages/admin/AdminContent.tsx(103,47): error TS2322: Type '{ children: string; class: string; }' is not assignable to type 'DetailedHTMLProps<HTMLAttributes<HTMLSpanElement>, HTMLSpanElement>'.
  Property 'class' does not exist on type 'DetailedHTMLProps<HTMLAttributes<HTMLSpanElement>, HTMLSpanElement>'. Did you mean 'className'?
src/pages/admin/AdminContent.tsx(109,41): error TS2322: Type '{ children: Element; type: "button"; "data-action": string; "data-formation-id": string; class: string; title: string; }' is not assignable to type 'DetailedHTMLProps<ButtonHTMLAttributes<HTMLButtonElement>, HTMLButtonElement>'.
  Property 'class' does not exist on type 'DetailedHTMLProps<ButtonHTMLAttributes<HTMLButtonElement>, HTMLButtonElement>'. Did you mean 'className'?
src/pages/admin/AdminContent.tsx(115,47): error TS2322: Type '{ children: string; class: string; }' is not assignable to type 'DetailedHTMLProps<HTMLAttributes<HTMLSpanElement>, HTMLSpanElement>'.
  Property 'class' does not exist on type 'DetailedHTMLProps<HTMLAttributes<HTMLSpanElement>, HTMLSpanElement>'. Did you mean 'className'?
src/pages/admin/AdminContent.tsx(125,34): error TS2322: Type '{ children: Element[]; class: string; }' is not assignable to type 'DetailedHTMLProps<HTMLAttributes<HTMLDivElement>, HTMLDivElement>'.
  Property 'class' does not exist on type 'DetailedHTMLProps<HTMLAttributes<HTMLDivElement>, HTMLDivElement>'. Did you mean 'className'?
src/pages/admin/AdminContent.tsx(127,46): error TS2322: Type '{ children: Element[]; class: string; open: boolean; }' is not assignable to type 'DetailedHTMLProps<DetailsHTMLAttributes<HTMLDetailsElement>, HTMLDetailsElement>'.
  Property 'class' does not exist on type 'DetailedHTMLProps<DetailsHTMLAttributes<HTMLDetailsElement>, HTMLDetailsElement>'. Did you mean 'className'?
src/pages/admin/AdminContent.tsx(128,50): error TS2322: Type '{ children: Element[]; class: string; }' is not assignable to type 'DetailedHTMLProps<HTMLAttributes<HTMLElement>, HTMLElement>'.
  Property 'class' does not exist on type 'DetailedHTMLProps<HTMLAttributes<HTMLElement>, HTMLElement>'. Did you mean 'className'?
src/pages/admin/AdminContent.tsx(129,51): error TS2322: Type '{ children: string; class: string; }' is not assignable to type 'DetailedHTMLProps<HTMLAttributes<HTMLSpanElement>, HTMLSpanElement>'.
  Property 'class' does not exist on type 'DetailedHTMLProps<HTMLAttributes<HTMLSpanElement>, HTMLSpanElement>'. Did you mean 'className'?
src/pages/admin/AdminContent.tsx(132,50): error TS2322: Type '{ children: Element[]; class: string; }' is not assignable to type 'DetailedHTMLProps<HTMLAttributes<HTMLDivElement>, HTMLDivElement>'.
  Property 'class' does not exist on type 'DetailedHTMLProps<HTMLAttributes<HTMLDivElement>, HTMLDivElement>'. Did you mean 'className'?
src/pages/admin/AdminContent.tsx(133,54): error TS2322: Type '{ children: Element[]; class: string; }' is not assignable to type 'DetailedHTMLProps<HTMLAttributes<HTMLDivElement>, HTMLDivElement>'.
  Property 'class' does not exist on type 'DetailedHTMLProps<HTMLAttributes<HTMLDivElement>, HTMLDivElement>'. Did you mean 'className'?
src/pages/admin/AdminContent.tsx(134,59): error TS2322: Type '{ children: (string | number)[]; class: string; }' is not assignable to type 'DetailedHTMLProps<HTMLAttributes<HTMLSpanElement>, HTMLSpanElement>'.
  Property 'class' does not exist on type 'DetailedHTMLProps<HTMLAttributes<HTMLSpanElement>, HTMLSpanElement>'. Did you mean 'className'?
src/pages/admin/AdminContent.tsx(135,59): error TS2322: Type '{ children: string; class: string; }' is not assignable to type 'DetailedHTMLProps<HTMLAttributes<HTMLSpanElement>, HTMLSpanElement>'.
  Property 'class' does not exist on type 'DetailedHTMLProps<HTMLAttributes<HTMLSpanElement>, HTMLSpanElement>'. Did you mean 'className'?
src/pages/admin/AdminContent.tsx(136,59): error TS2322: Type '{ children: string; class: string; }' is not assignable to type 'DetailedHTMLProps<HTMLAttributes<HTMLSpanElement>, HTMLSpanElement>'.
  Property 'class' does not exist on type 'DetailedHTMLProps<HTMLAttributes<HTMLSpanElement>, HTMLSpanElement>'. Did you mean 'className'?
src/pages/admin/AdminContent.tsx(143,52): error TS2322: Type '{ children: (string | number)[]; class: string; }' is not assignable to type 'DetailedHTMLProps<HTMLAttributes<HTMLParagraphElement>, HTMLParagraphElement>'.
  Property 'class' does not exist on type 'DetailedHTMLProps<HTMLAttributes<HTMLParagraphElement>, HTMLParagraphElement>'. Did you mean 'className'?
src/pages/admin/AdminContent.tsx(145,50): error TS2322: Type '{ children: Element[]; class: string; }' is not assignable to type 'DetailedHTMLProps<HTMLAttributes<HTMLDivElement>, HTMLDivElement>'.
  Property 'class' does not exist on type 'DetailedHTMLProps<HTMLAttributes<HTMLDivElement>, HTMLDivElement>'. Did you mean 'className'?
src/pages/admin/AdminContent.tsx(148,53): error TS2322: Type '{ children: Element; href: string; class: string; }' is not assignable to type 'DetailedHTMLProps<AnchorHTMLAttributes<HTMLAnchorElement>, HTMLAnchorElement>'.
  Property 'class' does not exist on type 'DetailedHTMLProps<AnchorHTMLAttributes<HTMLAnchorElement>, HTMLAnchorElement>'. Did you mean 'className'?
src/pages/admin/AdminContent.tsx(150,59): error TS2322: Type '{ children: string; class: string; }' is not assignable to type 'DetailedHTMLProps<HTMLAttributes<HTMLSpanElement>, HTMLSpanElement>'.
  Property 'class' does not exist on type 'DetailedHTMLProps<HTMLAttributes<HTMLSpanElement>, HTMLSpanElement>'. Did you mean 'className'?
src/pages/admin/AdminContent.tsx(154,53): error TS2322: Type '{ children: Element; href: string; class: string; }' is not assignable to type 'DetailedHTMLProps<AnchorHTMLAttributes<HTMLAnchorElement>, HTMLAnchorElement>'.
  Property 'class' does not exist on type 'DetailedHTMLProps<AnchorHTMLAttributes<HTMLAnchorElement>, HTMLAnchorElement>'. Did you mean 'className'?
src/pages/admin/AdminContent.tsx(156,59): error TS2322: Type '{ children: string; class: string; }' is not assignable to type 'DetailedHTMLProps<HTMLAttributes<HTMLSpanElement>, HTMLSpanElement>'.
  Property 'class' does not exist on type 'DetailedHTMLProps<HTMLAttributes<HTMLSpanElement>, HTMLSpanElement>'. Did you mean 'className'?
src/pages/admin/AdminContent.tsx(162,46): error TS2322: Type '{ children: Element; class: string; }' is not assignable to type 'DetailedHTMLProps<HTMLAttributes<HTMLDivElement>, HTMLDivElement>'.
  Property 'class' does not exist on type 'DetailedHTMLProps<HTMLAttributes<HTMLDivElement>, HTMLDivElement>'. Did you mean 'className'?
src/pages/admin/AdminContent.tsx(163,50): error TS2322: Type '{ children: (false | Element | Element[])[]; class: string; }' is not assignable to type 'DetailedHTMLProps<HTMLAttributes<HTMLDivElement>, HTMLDivElement>'.
  Property 'class' does not exist on type 'DetailedHTMLProps<HTMLAttributes<HTMLDivElement>, HTMLDivElement>'. Did you mean 'className'?
src/pages/admin/AdminContent.tsx(165,58): error TS2322: Type '{ children: Element[]; class: string; }' is not assignable to type 'DetailedHTMLProps<HTMLAttributes<HTMLDivElement>, HTMLDivElement>'.
  Property 'class' does not exist on type 'DetailedHTMLProps<HTMLAttributes<HTMLDivElement>, HTMLDivElement>'. Did you mean 'className'?
src/pages/admin/AdminContent.tsx(166,63): error TS2322: Type '{ children: number; class: string; }' is not assignable to type 'DetailedHTMLProps<HTMLAttributes<HTMLSpanElement>, HTMLSpanElement>'.
  Property 'class' does not exist on type 'DetailedHTMLProps<HTMLAttributes<HTMLSpanElement>, HTMLSpanElement>'. Did you mean 'className'?
src/pages/admin/AdminContent.tsx(167,63): error TS2322: Type '{ children: string; class: string; }' is not assignable to type 'DetailedHTMLProps<HTMLAttributes<HTMLSpanElement>, HTMLSpanElement>'.
  Property 'class' does not exist on type 'DetailedHTMLProps<HTMLAttributes<HTMLSpanElement>, HTMLSpanElement>'. Did you mean 'className'?
src/pages/admin/AdminContent.tsx(177,62): error TS2322: Type '{ children: Element[]; class: string; }' is not assignable to type 'DetailedHTMLProps<HTMLAttributes<HTMLDivElement>, HTMLDivElement>'.
  Property 'class' does not exist on type 'DetailedHTMLProps<HTMLAttributes<HTMLDivElement>, HTMLDivElement>'. Did you mean 'className'?
src/pages/admin/AdminContent.tsx(178,64): error TS2322: Type '{ children: string; class: string; }' is not assignable to type 'DetailedHTMLProps<HTMLAttributes<HTMLParagraphElement>, HTMLParagraphElement>'.
  Property 'class' does not exist on type 'DetailedHTMLProps<HTMLAttributes<HTMLParagraphElement>, HTMLParagraphElement>'. Did you mean 'className'?
src/pages/admin/AdminContent.tsx(179,64): error TS2322: Type '{ children: (string | number | false | null)[]; class: string; }' is not assignable to type 'DetailedHTMLProps<HTMLAttributes<HTMLParagraphElement>, HTMLParagraphElement>'.
  Property 'class' does not exist on type 'DetailedHTMLProps<HTMLAttributes<HTMLParagraphElement>, HTMLParagraphElement>'. Did you mean 'className'?
src/pages/admin/AdminContent.tsx(184,62): error TS2322: Type '{ children: Element[]; class: string; }' is not assignable to type 'DetailedHTMLProps<HTMLAttributes<HTMLDivElement>, HTMLDivElement>'.
  Property 'class' does not exist on type 'DetailedHTMLProps<HTMLAttributes<HTMLDivElement>, HTMLDivElement>'. Did you mean 'className'?
src/pages/admin/AdminContent.tsx(185,67): error TS2322: Type '{ class: string; }' is not assignable to type 'DetailedHTMLProps<HTMLAttributes<HTMLSpanElement>, HTMLSpanElement>'.
  Property 'class' does not exist on type 'DetailedHTMLProps<HTMLAttributes<HTMLSpanElement>, HTMLSpanElement>'. Did you mean 'className'?
src/pages/admin/AdminContent.tsx(189,65): error TS2322: Type '{ children: Element; href: string; class: string; }' is not assignable to type 'DetailedHTMLProps<AnchorHTMLAttributes<HTMLAnchorElement>, HTMLAnchorElement>'.
  Property 'class' does not exist on type 'DetailedHTMLProps<AnchorHTMLAttributes<HTMLAnchorElement>, HTMLAnchorElement>'. Did you mean 'className'?
src/pages/admin/AdminContent.tsx(191,71): error TS2322: Type '{ children: string; class: string; }' is not assignable to type 'DetailedHTMLProps<HTMLAttributes<HTMLSpanElement>, HTMLSpanElement>'.
  Property 'class' does not exist on type 'DetailedHTMLProps<HTMLAttributes<HTMLSpanElement>, HTMLSpanElement>'. Did you mean 'className'?
src/pages/admin/AdminContent.tsx(197,58): error TS2322: Type '{ children: string; class: string; }' is not assignable to type 'DetailedHTMLProps<HTMLAttributes<HTMLDivElement>, HTMLDivElement>'.
  Property 'class' does not exist on type 'DetailedHTMLProps<HTMLAttributes<HTMLDivElement>, HTMLDivElement>'. Did you mean 'className'?
src/pages/admin/AdminContent.tsx(209,34): error TS2322: Type '{ children: Element[]; class: string; }' is not assignable to type 'DetailedHTMLProps<HTMLAttributes<HTMLDivElement>, HTMLDivElement>'.
  Property 'class' does not exist on type 'DetailedHTMLProps<HTMLAttributes<HTMLDivElement>, HTMLDivElement>'. Did you mean 'className'?
src/pages/admin/AdminContent.tsx(210,39): error TS2322: Type '{ children: string; class: string; }' is not assignable to type 'DetailedHTMLProps<HTMLAttributes<HTMLSpanElement>, HTMLSpanElement>'.
  Property 'class' does not exist on type 'DetailedHTMLProps<HTMLAttributes<HTMLSpanElement>, HTMLSpanElement>'. Did you mean 'className'?
src/pages/admin/AdminContent.tsx(214,37): error TS2322: Type '{ children: (string | Element)[]; href: string; class: string; }' is not assignable to type 'DetailedHTMLProps<AnchorHTMLAttributes<HTMLAnchorElement>, HTMLAnchorElement>'.
  Property 'class' does not exist on type 'DetailedHTMLProps<AnchorHTMLAttributes<HTMLAnchorElement>, HTMLAnchorElement>'. Did you mean 'className'?
src/pages/admin/AdminContent.tsx(216,43): error TS2322: Type '{ children: string; class: string; }' is not assignable to type 'DetailedHTMLProps<HTMLAttributes<HTMLSpanElement>, HTMLSpanElement>'.
  Property 'class' does not exist on type 'DetailedHTMLProps<HTMLAttributes<HTMLSpanElement>, HTMLSpanElement>'. Did you mean 'className'?
src/pages/admin/AdminContent.tsx(225,26): error TS2322: Type '{ children: Element[]; class: string; }' is not assignable to type 'DetailedHTMLProps<HTMLAttributes<HTMLDivElement>, HTMLDivElement>'.
  Property 'class' does not exist on type 'DetailedHTMLProps<HTMLAttributes<HTMLDivElement>, HTMLDivElement>'. Did you mean 'className'?
src/pages/admin/AdminContent.tsx(226,31): error TS2322: Type '{ children: string; class: string; }' is not assignable to type 'DetailedHTMLProps<HTMLAttributes<HTMLSpanElement>, HTMLSpanElement>'.
  Property 'class' does not exist on type 'DetailedHTMLProps<HTMLAttributes<HTMLSpanElement>, HTMLSpanElement>'. Did you mean 'className'?
src/pages/admin/AdminContent.tsx(227,29): error TS2322: Type '{ children: string; class: string; }' is not assignable to type 'DetailedHTMLProps<HTMLAttributes<HTMLHeadingElement>, HTMLHeadingElement>'.
  Property 'class' does not exist on type 'DetailedHTMLProps<HTMLAttributes<HTMLHeadingElement>, HTMLHeadingElement>'. Did you mean 'className'?
src/pages/admin/AdminContent.tsx(228,28): error TS2322: Type '{ children: string; class: string; }' is not assignable to type 'DetailedHTMLProps<HTMLAttributes<HTMLParagraphElement>, HTMLParagraphElement>'.
  Property 'class' does not exist on type 'DetailedHTMLProps<HTMLAttributes<HTMLParagraphElement>, HTMLParagraphElement>'. Did you mean 'className'?
src/pages/admin/AdminContent.tsx(231,29): error TS2322: Type '{ children: (string | Element)[]; href: string; class: string; }' is not assignable to type 'DetailedHTMLProps<AnchorHTMLAttributes<HTMLAnchorElement>, HTMLAnchorElement>'.
  Property 'class' does not exist on type 'DetailedHTMLProps<AnchorHTMLAttributes<HTMLAnchorElement>, HTMLAnchorElement>'. Did you mean 'className'?
src/pages/admin/AdminContent.tsx(233,35): error TS2322: Type '{ children: string; class: string; }' is not assignable to type 'DetailedHTMLProps<HTMLAttributes<HTMLSpanElement>, HTMLSpanElement>'.
  Property 'class' does not exist on type 'DetailedHTMLProps<HTMLAttributes<HTMLSpanElement>, HTMLSpanElement>'. Did you mean 'className'?
src/pages/admin/AdminDashboard.tsx(40,18): error TS2322: Type '{ children: Element[]; class: string; }' is not assignable to type 'DetailedHTMLProps<HTMLAttributes<HTMLDivElement>, HTMLDivElement>'.
  Property 'class' does not exist on type 'DetailedHTMLProps<HTMLAttributes<HTMLDivElement>, HTMLDivElement>'. Did you mean 'className'?
src/pages/admin/AdminDashboard.tsx(42,26): error TS2322: Type '{ children: Element[]; class: string; }' is not assignable to type 'DetailedHTMLProps<HTMLAttributes<HTMLDivElement>, HTMLDivElement>'.
  Property 'class' does not exist on type 'DetailedHTMLProps<HTMLAttributes<HTMLDivElement>, HTMLDivElement>'. Did you mean 'className'?
src/pages/admin/AdminDashboard.tsx(43,30): error TS2322: Type '{ children: Element; class: string; }' is not assignable to type 'DetailedHTMLProps<HTMLAttributes<HTMLDivElement>, HTMLDivElement>'.
  Property 'class' does not exist on type 'DetailedHTMLProps<HTMLAttributes<HTMLDivElement>, HTMLDivElement>'. Did you mean 'className'?
src/pages/admin/AdminDashboard.tsx(44,35): error TS2322: Type '{ children: string; class: string; }' is not assignable to type 'DetailedHTMLProps<HTMLAttributes<HTMLSpanElement>, HTMLSpanElement>'.
  Property 'class' does not exist on type 'DetailedHTMLProps<HTMLAttributes<HTMLSpanElement>, HTMLSpanElement>'. Did you mean 'className'?
src/pages/admin/AdminDashboard.tsx(47,32): error TS2322: Type '{ children: string | number; class: string; }' is not assignable to type 'DetailedHTMLProps<HTMLAttributes<HTMLParagraphElement>, HTMLParagraphElement>'.
  Property 'class' does not exist on type 'DetailedHTMLProps<HTMLAttributes<HTMLParagraphElement>, HTMLParagraphElement>'. Did you mean 'className'?
src/pages/admin/AdminDashboard.tsx(48,32): error TS2322: Type '{ children: string; class: string; }' is not assignable to type 'DetailedHTMLProps<HTMLAttributes<HTMLParagraphElement>, HTMLParagraphElement>'.
  Property 'class' does not exist on type 'DetailedHTMLProps<HTMLAttributes<HTMLParagraphElement>, HTMLParagraphElement>'. Did you mean 'className'?
src/pages/admin/AdminDashboard.tsx(55,18): error TS2322: Type '{ children: Element[]; class: string; }' is not assignable to type 'DetailedHTMLProps<HTMLAttributes<HTMLDivElement>, HTMLDivElement>'.
  Property 'class' does not exist on type 'DetailedHTMLProps<HTMLAttributes<HTMLDivElement>, HTMLDivElement>'. Did you mean 'className'?
src/pages/admin/AdminDashboard.tsx(56,21): error TS2322: Type '{ children: string; class: string; }' is not assignable to type 'DetailedHTMLProps<HTMLAttributes<HTMLHeadingElement>, HTMLHeadingElement>'.
  Property 'class' does not exist on type 'DetailedHTMLProps<HTMLAttributes<HTMLHeadingElement>, HTMLHeadingElement>'. Did you mean 'className'?
src/pages/admin/AdminDashboard.tsx(57,22): error TS2322: Type '{ children: Element[]; class: string; }' is not assignable to type 'DetailedHTMLProps<HTMLAttributes<HTMLDivElement>, HTMLDivElement>'.
  Property 'class' does not exist on type 'DetailedHTMLProps<HTMLAttributes<HTMLDivElement>, HTMLDivElement>'. Did you mean 'className'?
src/pages/admin/AdminDashboard.tsx(60,25): error TS2322: Type '{ children: (string | Element)[]; href: string; class: string; }' is not assignable to type 'DetailedHTMLProps<AnchorHTMLAttributes<HTMLAnchorElement>, HTMLAnchorElement>'.
  Property 'class' does not exist on type 'DetailedHTMLProps<AnchorHTMLAttributes<HTMLAnchorElement>, HTMLAnchorElement>'. Did you mean 'className'?
src/pages/admin/AdminDashboard.tsx(62,31): error TS2322: Type '{ children: string; class: string; }' is not assignable to type 'DetailedHTMLProps<HTMLAttributes<HTMLSpanElement>, HTMLSpanElement>'.
  Property 'class' does not exist on type 'DetailedHTMLProps<HTMLAttributes<HTMLSpanElement>, HTMLSpanElement>'. Did you mean 'className'?
src/pages/admin/AdminDashboard.tsx(67,25): error TS2322: Type '{ children: (string | Element)[]; href: string; class: string; }' is not assignable to type 'DetailedHTMLProps<AnchorHTMLAttributes<HTMLAnchorElement>, HTMLAnchorElement>'.
  Property 'class' does not exist on type 'DetailedHTMLProps<AnchorHTMLAttributes<HTMLAnchorElement>, HTMLAnchorElement>'. Did you mean 'className'?
src/pages/admin/AdminDashboard.tsx(69,31): error TS2322: Type '{ children: string; class: string; }' is not assignable to type 'DetailedHTMLProps<HTMLAttributes<HTMLSpanElement>, HTMLSpanElement>'.
  Property 'class' does not exist on type 'DetailedHTMLProps<HTMLAttributes<HTMLSpanElement>, HTMLSpanElement>'. Did you mean 'className'?
src/pages/admin/AdminDashboard.tsx(74,25): error TS2322: Type '{ children: (string | Element)[]; href: string; class: string; }' is not assignable to type 'DetailedHTMLProps<AnchorHTMLAttributes<HTMLAnchorElement>, HTMLAnchorElement>'.
  Property 'class' does not exist on type 'DetailedHTMLProps<AnchorHTMLAttributes<HTMLAnchorElement>, HTMLAnchorElement>'. Did you mean 'className'?
src/pages/admin/AdminDashboard.tsx(76,31): error TS2322: Type '{ children: string; class: string; }' is not assignable to type 'DetailedHTMLProps<HTMLAttributes<HTMLSpanElement>, HTMLSpanElement>'.
  Property 'class' does not exist on type 'DetailedHTMLProps<HTMLAttributes<HTMLSpanElement>, HTMLSpanElement>'. Did you mean 'className'?
src/pages/admin/AdminDashboard.tsx(83,18): error TS2322: Type '{ children: Element[]; class: string; }' is not assignable to type 'DetailedHTMLProps<HTMLAttributes<HTMLDivElement>, HTMLDivElement>'.
  Property 'class' does not exist on type 'DetailedHTMLProps<HTMLAttributes<HTMLDivElement>, HTMLDivElement>'. Did you mean 'className'?
src/pages/admin/AdminDashboard.tsx(84,22): error TS2322: Type '{ children: Element[]; class: string; }' is not assignable to type 'DetailedHTMLProps<HTMLAttributes<HTMLDivElement>, HTMLDivElement>'.
  Property 'class' does not exist on type 'DetailedHTMLProps<HTMLAttributes<HTMLDivElement>, HTMLDivElement>'. Did you mean 'className'?
src/pages/admin/AdminDashboard.tsx(85,25): error TS2322: Type '{ children: string; class: string; }' is not assignable to type 'DetailedHTMLProps<HTMLAttributes<HTMLHeadingElement>, HTMLHeadingElement>'.
  Property 'class' does not exist on type 'DetailedHTMLProps<HTMLAttributes<HTMLHeadingElement>, HTMLHeadingElement>'. Did you mean 'className'?
src/pages/admin/AdminDashboard.tsx(86,54): error TS2322: Type '{ children: string; href: string; class: string; }' is not assignable to type 'DetailedHTMLProps<AnchorHTMLAttributes<HTMLAnchorElement>, HTMLAnchorElement>'.
  Property 'class' does not exist on type 'DetailedHTMLProps<AnchorHTMLAttributes<HTMLAnchorElement>, HTMLAnchorElement>'. Did you mean 'className'?
src/pages/admin/AdminDashboard.tsx(90,22): error TS2322: Type '{ children: Element; class: string; }' is not assignable to type 'DetailedHTMLProps<HTMLAttributes<HTMLDivElement>, HTMLDivElement>'.
  Property 'class' does not exist on type 'DetailedHTMLProps<HTMLAttributes<HTMLDivElement>, HTMLDivElement>'. Did you mean 'className'?
src/pages/admin/AdminDashboard.tsx(91,28): error TS2322: Type '{ children: Element[]; class: string; }' is not assignable to type 'DetailedHTMLProps<TableHTMLAttributes<HTMLTableElement>, HTMLTableElement>'.
  Property 'class' does not exist on type 'DetailedHTMLProps<TableHTMLAttributes<HTMLTableElement>, HTMLTableElement>'. Did you mean 'className'?
src/pages/admin/AdminDashboard.tsx(92,32): error TS2322: Type '{ children: Element; class: string; }' is not assignable to type 'DetailedHTMLProps<HTMLAttributes<HTMLTableSectionElement>, HTMLTableSectionElement>'.
  Property 'class' does not exist on type 'DetailedHTMLProps<HTMLAttributes<HTMLTableSectionElement>, HTMLTableSectionElement>'. Did you mean 'className'?
src/pages/admin/AdminDashboard.tsx(94,37): error TS2322: Type '{ children: string; class: string; }' is not assignable to type 'DetailedHTMLProps<ThHTMLAttributes<HTMLTableHeaderCellElement>, HTMLTableHeaderCellElement>'.
  Property 'class' does not exist on type 'DetailedHTMLProps<ThHTMLAttributes<HTMLTableHeaderCellElement>, HTMLTableHeaderCellElement>'. Did you mean 'className'?
src/pages/admin/AdminDashboard.tsx(95,37): error TS2322: Type '{ children: string; class: string; }' is not assignable to type 'DetailedHTMLProps<ThHTMLAttributes<HTMLTableHeaderCellElement>, HTMLTableHeaderCellElement>'.
  Property 'class' does not exist on type 'DetailedHTMLProps<ThHTMLAttributes<HTMLTableHeaderCellElement>, HTMLTableHeaderCellElement>'. Did you mean 'className'?
src/pages/admin/AdminDashboard.tsx(96,37): error TS2322: Type '{ children: string; class: string; }' is not assignable to type 'DetailedHTMLProps<ThHTMLAttributes<HTMLTableHeaderCellElement>, HTMLTableHeaderCellElement>'.
  Property 'class' does not exist on type 'DetailedHTMLProps<ThHTMLAttributes<HTMLTableHeaderCellElement>, HTMLTableHeaderCellElement>'. Did you mean 'className'?
src/pages/admin/AdminDashboard.tsx(97,37): error TS2322: Type '{ children: string; class: string; }' is not assignable to type 'DetailedHTMLProps<ThHTMLAttributes<HTMLTableHeaderCellElement>, HTMLTableHeaderCellElement>'.
  Property 'class' does not exist on type 'DetailedHTMLProps<ThHTMLAttributes<HTMLTableHeaderCellElement>, HTMLTableHeaderCellElement>'. Did you mean 'className'?
src/pages/admin/AdminDashboard.tsx(100,32): error TS2322: Type '{ children: (false | Element | Element[])[]; class: string; }' is not assignable to type 'DetailedHTMLProps<HTMLAttributes<HTMLTableSectionElement>, HTMLTableSectionElement>'.
  Property 'class' does not exist on type 'DetailedHTMLProps<HTMLAttributes<HTMLTableSectionElement>, HTMLTableSectionElement>'. Did you mean 'className'?
src/pages/admin/AdminDashboard.tsx(102,37): error TS2322: Type '{ children: Element[]; class: string; }' is not assignable to type 'DetailedHTMLProps<HTMLAttributes<HTMLTableRowElement>, HTMLTableRowElement>'.
  Property 'class' does not exist on type 'DetailedHTMLProps<HTMLAttributes<HTMLTableRowElement>, HTMLTableRowElement>'. Did you mean 'className'?
src/pages/admin/AdminDashboard.tsx(103,41): error TS2322: Type '{ children: Element; class: string; }' is not assignable to type 'DetailedHTMLProps<TdHTMLAttributes<HTMLTableDataCellElement>, HTMLTableDataCellElement>'.
  Property 'class' does not exist on type 'DetailedHTMLProps<TdHTMLAttributes<HTMLTableDataCellElement>, HTMLTableDataCellElement>'. Did you mean 'className'?
src/pages/admin/AdminDashboard.tsx(104,46): error TS2322: Type '{ children: Element[]; class: string; }' is not assignable to type 'DetailedHTMLProps<HTMLAttributes<HTMLDivElement>, HTMLDivElement>'.
  Property 'class' does not exist on type 'DetailedHTMLProps<HTMLAttributes<HTMLDivElement>, HTMLDivElement>'. Did you mean 'className'?
src/pages/admin/AdminDashboard.tsx(105,50): error TS2322: Type '{ children: Element; class: string; }' is not assignable to type 'DetailedHTMLProps<HTMLAttributes<HTMLDivElement>, HTMLDivElement>'.
  Property 'class' does not exist on type 'DetailedHTMLProps<HTMLAttributes<HTMLDivElement>, HTMLDivElement>'. Did you mean 'className'?
src/pages/admin/AdminDashboard.tsx(106,55): error TS2322: Type '{ children: string; class: string; }' is not assignable to type 'DetailedHTMLProps<HTMLAttributes<HTMLSpanElement>, HTMLSpanElement>'.
  Property 'class' does not exist on type 'DetailedHTMLProps<HTMLAttributes<HTMLSpanElement>, HTMLSpanElement>'. Did you mean 'className'?
src/pages/admin/AdminDashboard.tsx(108,51): error TS2322: Type '{ children: string; class: string; }' is not assignable to type 'DetailedHTMLProps<HTMLAttributes<HTMLSpanElement>, HTMLSpanElement>'.
  Property 'class' does not exist on type 'DetailedHTMLProps<HTMLAttributes<HTMLSpanElement>, HTMLSpanElement>'. Did you mean 'className'?
src/pages/admin/AdminDashboard.tsx(111,41): error TS2322: Type '{ children: string; class: string; }' is not assignable to type 'DetailedHTMLProps<TdHTMLAttributes<HTMLTableDataCellElement>, HTMLTableDataCellElement>'.
  Property 'class' does not exist on type 'DetailedHTMLProps<TdHTMLAttributes<HTMLTableDataCellElement>, HTMLTableDataCellElement>'. Did you mean 'className'?
src/pages/admin/AdminDashboard.tsx(112,41): error TS2322: Type '{ children: Element; class: string; }' is not assignable to type 'DetailedHTMLProps<TdHTMLAttributes<HTMLTableDataCellElement>, HTMLTableDataCellElement>'.
  Property 'class' does not exist on type 'DetailedHTMLProps<TdHTMLAttributes<HTMLTableDataCellElement>, HTMLTableDataCellElement>'. Did you mean 'className'?
src/pages/admin/AdminDashboard.tsx(113,47): error TS2322: Type '{ children: string; class: string; }' is not assignable to type 'DetailedHTMLProps<HTMLAttributes<HTMLSpanElement>, HTMLSpanElement>'.
  Property 'class' does not exist on type 'DetailedHTMLProps<HTMLAttributes<HTMLSpanElement>, HTMLSpanElement>'. Did you mean 'className'?
src/pages/admin/AdminDashboard.tsx(120,41): error TS2322: Type '{ children: string; class: string; }' is not assignable to type 'DetailedHTMLProps<TdHTMLAttributes<HTMLTableDataCellElement>, HTMLTableDataCellElement>'.
  Property 'class' does not exist on type 'DetailedHTMLProps<TdHTMLAttributes<HTMLTableDataCellElement>, HTMLTableDataCellElement>'. Did you mean 'className'?
src/pages/admin/AdminDashboard.tsx(127,41): error TS2322: Type '{ children: string; colspan: number; class: string; }' is not assignable to type 'DetailedHTMLProps<TdHTMLAttributes<HTMLTableDataCellElement>, HTMLTableDataCellElement>'.
  Property 'colspan' does not exist on type 'DetailedHTMLProps<TdHTMLAttributes<HTMLTableDataCellElement>, HTMLTableDataCellElement>'. Did you mean 'colSpan'?
src/pages/admin/AdminLayout.tsx(24,14): error TS2322: Type '{ children: Element[]; class: string; }' is not assignable to type 'DetailedHTMLProps<HTMLAttributes<HTMLDivElement>, HTMLDivElement>'.
  Property 'class' does not exist on type 'DetailedHTMLProps<HTMLAttributes<HTMLDivElement>, HTMLDivElement>'. Did you mean 'className'?
src/pages/admin/AdminLayout.tsx(26,20): error TS2322: Type '{ children: Element[]; class: string; }' is not assignable to type 'DetailedHTMLProps<HTMLAttributes<HTMLElement>, HTMLElement>'.
  Property 'class' does not exist on type 'DetailedHTMLProps<HTMLAttributes<HTMLElement>, HTMLElement>'. Did you mean 'className'?
src/pages/admin/AdminLayout.tsx(27,22): error TS2322: Type '{ children: Element; class: string; }' is not assignable to type 'DetailedHTMLProps<HTMLAttributes<HTMLDivElement>, HTMLDivElement>'.
  Property 'class' does not exist on type 'DetailedHTMLProps<HTMLAttributes<HTMLDivElement>, HTMLDivElement>'. Did you mean 'className'?
src/pages/admin/AdminLayout.tsx(28,26): error TS2322: Type '{ children: Element[]; class: string; }' is not assignable to type 'DetailedHTMLProps<HTMLAttributes<HTMLDivElement>, HTMLDivElement>'.
  Property 'class' does not exist on type 'DetailedHTMLProps<HTMLAttributes<HTMLDivElement>, HTMLDivElement>'. Did you mean 'className'?
src/pages/admin/AdminLayout.tsx(29,30): error TS2322: Type '{ children: Element; class: string; }' is not assignable to type 'DetailedHTMLProps<HTMLAttributes<HTMLDivElement>, HTMLDivElement>'.
  Property 'class' does not exist on type 'DetailedHTMLProps<HTMLAttributes<HTMLDivElement>, HTMLDivElement>'. Did you mean 'className'?
src/pages/admin/AdminLayout.tsx(30,35): error TS2322: Type '{ children: string; class: string; }' is not assignable to type 'DetailedHTMLProps<HTMLAttributes<HTMLSpanElement>, HTMLSpanElement>'.
  Property 'class' does not exist on type 'DetailedHTMLProps<HTMLAttributes<HTMLSpanElement>, HTMLSpanElement>'. Did you mean 'className'?
src/pages/admin/AdminLayout.tsx(33,33): error TS2322: Type '{ children: string; class: string; }' is not assignable to type 'DetailedHTMLProps<HTMLAttributes<HTMLHeadingElement>, HTMLHeadingElement>'.
  Property 'class' does not exist on type 'DetailedHTMLProps<HTMLAttributes<HTMLHeadingElement>, HTMLHeadingElement>'. Did you mean 'className'?
src/pages/admin/AdminLayout.tsx(34,32): error TS2322: Type '{ children: string; class: string; }' is not assignable to type 'DetailedHTMLProps<HTMLAttributes<HTMLParagraphElement>, HTMLParagraphElement>'.
  Property 'class' does not exist on type 'DetailedHTMLProps<HTMLAttributes<HTMLParagraphElement>, HTMLParagraphElement>'. Did you mean 'className'?
src/pages/admin/AdminLayout.tsx(39,22): error TS2322: Type '{ children: Element[]; class: string; }' is not assignable to type 'DetailedHTMLProps<HTMLAttributes<HTMLElement>, HTMLElement>'.
  Property 'class' does not exist on type 'DetailedHTMLProps<HTMLAttributes<HTMLElement>, HTMLElement>'. Did you mean 'className'?
src/pages/admin/AdminLayout.tsx(43,29): error TS2322: Type '{ children: Element[]; href: string; class: string; }' is not assignable to type 'DetailedHTMLProps<AnchorHTMLAttributes<HTMLAnchorElement>, HTMLAnchorElement>'.
  Property 'class' does not exist on type 'DetailedHTMLProps<AnchorHTMLAttributes<HTMLAnchorElement>, HTMLAnchorElement>'. Did you mean 'className'?
src/pages/admin/AdminLayout.tsx(48,35): error TS2322: Type '{ children: string; class: string; }' is not assignable to type 'DetailedHTMLProps<HTMLAttributes<HTMLSpanElement>, HTMLSpanElement>'.
  Property 'class' does not exist on type 'DetailedHTMLProps<HTMLAttributes<HTMLSpanElement>, HTMLSpanElement>'. Did you mean 'className'?
src/pages/admin/AdminLayout.tsx(49,35): error TS2322: Type '{ children: string; class: string; }' is not assignable to type 'DetailedHTMLProps<HTMLAttributes<HTMLSpanElement>, HTMLSpanElement>'.
  Property 'class' does not exist on type 'DetailedHTMLProps<HTMLAttributes<HTMLSpanElement>, HTMLSpanElement>'. Did you mean 'className'?
src/pages/admin/AdminLayout.tsx(54,22): error TS2322: Type '{ children: Element[]; class: string; }' is not assignable to type 'DetailedHTMLProps<HTMLAttributes<HTMLDivElement>, HTMLDivElement>'.
  Property 'class' does not exist on type 'DetailedHTMLProps<HTMLAttributes<HTMLDivElement>, HTMLDivElement>'. Did you mean 'className'?
src/pages/admin/AdminLayout.tsx(55,26): error TS2322: Type '{ children: Element[]; class: string; }' is not assignable to type 'DetailedHTMLProps<HTMLAttributes<HTMLDivElement>, HTMLDivElement>'.
  Property 'class' does not exist on type 'DetailedHTMLProps<HTMLAttributes<HTMLDivElement>, HTMLDivElement>'. Did you mean 'className'?
src/pages/admin/AdminLayout.tsx(56,30): error TS2322: Type '{ children: Element; class: string; }' is not assignable to type 'DetailedHTMLProps<HTMLAttributes<HTMLDivElement>, HTMLDivElement>'.
  Property 'class' does not exist on type 'DetailedHTMLProps<HTMLAttributes<HTMLDivElement>, HTMLDivElement>'. Did you mean 'className'?
src/pages/admin/AdminLayout.tsx(58,72): error TS2322: Type '{ src: string; alt: string; class: string; }' is not assignable to type 'DetailedHTMLProps<ImgHTMLAttributes<HTMLImageElement>, HTMLImageElement>'.
  Property 'class' does not exist on type 'DetailedHTMLProps<ImgHTMLAttributes<HTMLImageElement>, HTMLImageElement>'. Did you mean 'className'?
src/pages/admin/AdminLayout.tsx(59,41): error TS2322: Type '{ children: string; class: string; }' is not assignable to type 'DetailedHTMLProps<HTMLAttributes<HTMLSpanElement>, HTMLSpanElement>'.
  Property 'class' does not exist on type 'DetailedHTMLProps<HTMLAttributes<HTMLSpanElement>, HTMLSpanElement>'. Did you mean 'className'?
src/pages/admin/AdminLayout.tsx(62,30): error TS2322: Type '{ children: Element[]; class: string; }' is not assignable to type 'DetailedHTMLProps<HTMLAttributes<HTMLDivElement>, HTMLDivElement>'.
  Property 'class' does not exist on type 'DetailedHTMLProps<HTMLAttributes<HTMLDivElement>, HTMLDivElement>'. Did you mean 'className'?
src/pages/admin/AdminLayout.tsx(63,32): error TS2322: Type '{ children: string; class: string; }' is not assignable to type 'DetailedHTMLProps<HTMLAttributes<HTMLParagraphElement>, HTMLParagraphElement>'.
  Property 'class' does not exist on type 'DetailedHTMLProps<HTMLAttributes<HTMLParagraphElement>, HTMLParagraphElement>'. Did you mean 'className'?
src/pages/admin/AdminLayout.tsx(64,32): error TS2322: Type '{ children: string; class: string; }' is not assignable to type 'DetailedHTMLProps<HTMLAttributes<HTMLParagraphElement>, HTMLParagraphElement>'.
  Property 'class' does not exist on type 'DetailedHTMLProps<HTMLAttributes<HTMLParagraphElement>, HTMLParagraphElement>'. Did you mean 'className'?
src/pages/admin/AdminLayout.tsx(67,26): error TS2322: Type '{ children: Element[]; class: string; }' is not assignable to type 'DetailedHTMLProps<HTMLAttributes<HTMLDivElement>, HTMLDivElement>'.
  Property 'class' does not exist on type 'DetailedHTMLProps<HTMLAttributes<HTMLDivElement>, HTMLDivElement>'. Did you mean 'className'?
src/pages/admin/AdminLayout.tsx(68,37): error TS2322: Type '{ children: string; href: string; class: string; }' is not assignable to type 'DetailedHTMLProps<AnchorHTMLAttributes<HTMLAnchorElement>, HTMLAnchorElement>'.
  Property 'class' does not exist on type 'DetailedHTMLProps<AnchorHTMLAttributes<HTMLAnchorElement>, HTMLAnchorElement>'. Did you mean 'className'?
src/pages/admin/AdminLayout.tsx(71,52): error TS2322: Type '{ children: string; href: string; class: string; }' is not assignable to type 'DetailedHTMLProps<AnchorHTMLAttributes<HTMLAnchorElement>, HTMLAnchorElement>'.
  Property 'class' does not exist on type 'DetailedHTMLProps<AnchorHTMLAttributes<HTMLAnchorElement>, HTMLAnchorElement>'. Did you mean 'className'?
src/pages/admin/AdminLayout.tsx(79,19): error TS2322: Type '{ children: Element[]; class: string; }' is not assignable to type 'DetailedHTMLProps<HTMLAttributes<HTMLElement>, HTMLElement>'.
  Property 'class' does not exist on type 'DetailedHTMLProps<HTMLAttributes<HTMLElement>, HTMLElement>'. Did you mean 'className'?
src/pages/admin/AdminLayout.tsx(81,25): error TS2322: Type '{ children: Element[]; class: string; }' is not assignable to type 'DetailedHTMLProps<HTMLAttributes<HTMLElement>, HTMLElement>'.
  Property 'class' does not exist on type 'DetailedHTMLProps<HTMLAttributes<HTMLElement>, HTMLElement>'. Did you mean 'className'?
src/pages/admin/AdminLayout.tsx(82,25): error TS2322: Type '{ children: string; class: string; }' is not assignable to type 'DetailedHTMLProps<HTMLAttributes<HTMLHeadingElement>, HTMLHeadingElement>'.
  Property 'class' does not exist on type 'DetailedHTMLProps<HTMLAttributes<HTMLHeadingElement>, HTMLHeadingElement>'. Did you mean 'className'?
src/pages/admin/AdminLayout.tsx(83,26): error TS2322: Type '{ children: Element; class: string; }' is not assignable to type 'DetailedHTMLProps<HTMLAttributes<HTMLDivElement>, HTMLDivElement>'.
  Property 'class' does not exist on type 'DetailedHTMLProps<HTMLAttributes<HTMLDivElement>, HTMLDivElement>'. Did you mean 'className'?
src/pages/admin/AdminLayout.tsx(84,33): error TS2322: Type '{ children: Element; class: string; }' is not assignable to type 'DetailedHTMLProps<ButtonHTMLAttributes<HTMLButtonElement>, HTMLButtonElement>'.
  Property 'class' does not exist on type 'DetailedHTMLProps<ButtonHTMLAttributes<HTMLButtonElement>, HTMLButtonElement>'. Did you mean 'className'?
src/pages/admin/AdminLayout.tsx(85,35): error TS2322: Type '{ children: string; class: string; }' is not assignable to type 'DetailedHTMLProps<HTMLAttributes<HTMLSpanElement>, HTMLSpanElement>'.
  Property 'class' does not exist on type 'DetailedHTMLProps<HTMLAttributes<HTMLSpanElement>, HTMLSpanElement>'. Did you mean 'className'?
src/pages/admin/AdminLayout.tsx(91,22): error TS2322: Type '{ children: any; class: string; }' is not assignable to type 'DetailedHTMLProps<HTMLAttributes<HTMLDivElement>, HTMLDivElement>'.
  Property 'class' does not exist on type 'DetailedHTMLProps<HTMLAttributes<HTMLDivElement>, HTMLDivElement>'. Did you mean 'className'?
src/pages/admin/AdminThemes.tsx(22,18): error TS2322: Type '{ children: Element[]; class: string; }' is not assignable to type 'DetailedHTMLProps<HTMLAttributes<HTMLDivElement>, HTMLDivElement>'.
  Property 'class' does not exist on type 'DetailedHTMLProps<HTMLAttributes<HTMLDivElement>, HTMLDivElement>'. Did you mean 'className'?
src/pages/admin/AdminThemes.tsx(23,20): error TS2322: Type '{ children: (string | number)[]; class: string; }' is not assignable to type 'DetailedHTMLProps<HTMLAttributes<HTMLParagraphElement>, HTMLParagraphElement>'.
  Property 'class' does not exist on type 'DetailedHTMLProps<HTMLAttributes<HTMLParagraphElement>, HTMLParagraphElement>'. Did you mean 'className'?
src/pages/admin/AdminThemes.tsx(28,21): error TS2322: Type '{ children: (string | Element)[]; href: string; class: string; }' is not assignable to type 'DetailedHTMLProps<AnchorHTMLAttributes<HTMLAnchorElement>, HTMLAnchorElement>'.
  Property 'class' does not exist on type 'DetailedHTMLProps<AnchorHTMLAttributes<HTMLAnchorElement>, HTMLAnchorElement>'. Did you mean 'className'?
src/pages/admin/AdminThemes.tsx(30,27): error TS2322: Type '{ children: string; class: string; }' is not assignable to type 'DetailedHTMLProps<HTMLAttributes<HTMLSpanElement>, HTMLSpanElement>'.
  Property 'class' does not exist on type 'DetailedHTMLProps<HTMLAttributes<HTMLSpanElement>, HTMLSpanElement>'. Did you mean 'className'?
src/pages/admin/AdminThemes.tsx(36,18): error TS2322: Type '{ children: (Element | Element[])[]; class: string; }' is not assignable to type 'DetailedHTMLProps<HTMLAttributes<HTMLDivElement>, HTMLDivElement>'.
  Property 'class' does not exist on type 'DetailedHTMLProps<HTMLAttributes<HTMLDivElement>, HTMLDivElement>'. Did you mean 'className'?
src/pages/admin/AdminThemes.tsx(41,30): error TS2322: Type '{ children: Element[]; class: string; }' is not assignable to type 'DetailedHTMLProps<HTMLAttributes<HTMLDivElement>, HTMLDivElement>'.
  Property 'class' does not exist on type 'DetailedHTMLProps<HTMLAttributes<HTMLDivElement>, HTMLDivElement>'. Did you mean 'className'?
src/pages/admin/AdminThemes.tsx(45,33): error TS2559: Type 'string' has no properties in common with type 'Properties<string | number, string & {}>'.
src/pages/admin/AdminThemes.tsx(47,38): error TS2322: Type '{ children: Element; class: string; }' is not assignable to type 'DetailedHTMLProps<HTMLAttributes<HTMLDivElement>, HTMLDivElement>'.
  Property 'class' does not exist on type 'DetailedHTMLProps<HTMLAttributes<HTMLDivElement>, HTMLDivElement>'. Did you mean 'className'?
src/pages/admin/AdminThemes.tsx(50,41): error TS2559: Type 'string' has no properties in common with type 'Properties<string | number, string & {}>'.
src/pages/admin/AdminThemes.tsx(57,38): error TS2322: Type '{ children: (false | Element | null)[]; class: string; }' is not assignable to type 'DetailedHTMLProps<HTMLAttributes<HTMLDivElement>, HTMLDivElement>'.
  Property 'class' does not exist on type 'DetailedHTMLProps<HTMLAttributes<HTMLDivElement>, HTMLDivElement>'. Did you mean 'className'?
src/pages/admin/AdminThemes.tsx(59,47): error TS2322: Type '{ children: string; class: string; }' is not assignable to type 'DetailedHTMLProps<HTMLAttributes<HTMLSpanElement>, HTMLSpanElement>'.
  Property 'class' does not exist on type 'DetailedHTMLProps<HTMLAttributes<HTMLSpanElement>, HTMLSpanElement>'. Did you mean 'className'?
src/pages/admin/AdminThemes.tsx(63,43): error TS2322: Type '{ children: string; class: string; }' is not assignable to type 'DetailedHTMLProps<HTMLAttributes<HTMLSpanElement>, HTMLSpanElement>'.
  Property 'class' does not exist on type 'DetailedHTMLProps<HTMLAttributes<HTMLSpanElement>, HTMLSpanElement>'. Did you mean 'className'?
src/pages/admin/AdminThemes.tsx(72,38): error TS2322: Type '{ children: Element[]; class: string; }' is not assignable to type 'DetailedHTMLProps<HTMLAttributes<HTMLDivElement>, HTMLDivElement>'.
  Property 'class' does not exist on type 'DetailedHTMLProps<HTMLAttributes<HTMLDivElement>, HTMLDivElement>'. Did you mean 'className'?
src/pages/admin/AdminThemes.tsx(75,41): error TS2559: Type 'string' has no properties in common with type 'Properties<string | number, string & {}>'.
src/pages/admin/AdminThemes.tsx(80,41): error TS2559: Type 'string' has no properties in common with type 'Properties<string | number, string & {}>'.
src/pages/admin/AdminThemes.tsx(85,41): error TS2559: Type 'string' has no properties in common with type 'Properties<string | number, string & {}>'.
src/pages/admin/AdminThemes.tsx(90,41): error TS2559: Type 'string' has no properties in common with type 'Properties<string | number, string & {}>'.
src/pages/admin/AdminThemes.tsx(97,34): error TS2322: Type '{ children: Element[]; class: string; }' is not assignable to type 'DetailedHTMLProps<HTMLAttributes<HTMLDivElement>, HTMLDivElement>'.
  Property 'class' does not exist on type 'DetailedHTMLProps<HTMLAttributes<HTMLDivElement>, HTMLDivElement>'. Did you mean 'className'?
src/pages/admin/AdminThemes.tsx(98,38): error TS2322: Type '{ children: Element; class: string; }' is not assignable to type 'DetailedHTMLProps<HTMLAttributes<HTMLDivElement>, HTMLDivElement>'.
  Property 'class' does not exist on type 'DetailedHTMLProps<HTMLAttributes<HTMLDivElement>, HTMLDivElement>'. Did you mean 'className'?
src/pages/admin/AdminThemes.tsx(100,45): error TS2322: Type '{ children: string; class: string; }' is not assignable to type 'DetailedHTMLProps<HTMLAttributes<HTMLHeadingElement>, HTMLHeadingElement>'.
  Property 'class' does not exist on type 'DetailedHTMLProps<HTMLAttributes<HTMLHeadingElement>, HTMLHeadingElement>'. Did you mean 'className'?
src/pages/admin/AdminThemes.tsx(101,44): error TS2322: Type '{ children: string | null; class: string; }' is not assignable to type 'DetailedHTMLProps<HTMLAttributes<HTMLParagraphElement>, HTMLParagraphElement>'.
  Property 'class' does not exist on type 'DetailedHTMLProps<HTMLAttributes<HTMLParagraphElement>, HTMLParagraphElement>'. Did you mean 'className'?
src/pages/admin/AdminThemes.tsx(105,38): error TS2322: Type '{ children: Element[]; class: string; }' is not assignable to type 'DetailedHTMLProps<HTMLAttributes<HTMLDivElement>, HTMLDivElement>'.
  Property 'class' does not exist on type 'DetailedHTMLProps<HTMLAttributes<HTMLDivElement>, HTMLDivElement>'. Did you mean 'className'?
src/pages/admin/AdminThemes.tsx(106,42): error TS2322: Type '{ children: Element[]; class: string; }' is not assignable to type 'DetailedHTMLProps<HTMLAttributes<HTMLDivElement>, HTMLDivElement>'.
  Property 'class' does not exist on type 'DetailedHTMLProps<HTMLAttributes<HTMLDivElement>, HTMLDivElement>'. Did you mean 'className'?
src/pages/admin/AdminThemes.tsx(107,46): error TS2322: Type '{ children: Element[]; class: string; }' is not assignable to type 'DetailedHTMLProps<HTMLAttributes<HTMLDivElement>, HTMLDivElement>'.
  Property 'class' does not exist on type 'DetailedHTMLProps<HTMLAttributes<HTMLDivElement>, HTMLDivElement>'. Did you mean 'className'?
src/pages/admin/AdminThemes.tsx(108,51): error TS2322: Type '{ children: string; class: string; }' is not assignable to type 'DetailedHTMLProps<HTMLAttributes<HTMLSpanElement>, HTMLSpanElement>'.
  Property 'class' does not exist on type 'DetailedHTMLProps<HTMLAttributes<HTMLSpanElement>, HTMLSpanElement>'. Did you mean 'className'?
src/pages/admin/AdminThemes.tsx(109,51): error TS2322: Type '{ children: string; class: string; }' is not assignable to type 'DetailedHTMLProps<HTMLAttributes<HTMLSpanElement>, HTMLSpanElement>'.
  Property 'class' does not exist on type 'DetailedHTMLProps<HTMLAttributes<HTMLSpanElement>, HTMLSpanElement>'. Did you mean 'className'?
src/pages/admin/AdminThemes.tsx(110,51): error TS2322: Type '{ children: string; class: string; }' is not assignable to type 'DetailedHTMLProps<HTMLAttributes<HTMLSpanElement>, HTMLSpanElement>'.
  Property 'class' does not exist on type 'DetailedHTMLProps<HTMLAttributes<HTMLSpanElement>, HTMLSpanElement>'. Did you mean 'className'?
src/pages/admin/AdminThemes.tsx(112,46): error TS2322: Type '{ children: Element[]; class: string; }' is not assignable to type 'DetailedHTMLProps<HTMLAttributes<HTMLDivElement>, HTMLDivElement>'.
  Property 'class' does not exist on type 'DetailedHTMLProps<HTMLAttributes<HTMLDivElement>, HTMLDivElement>'. Did you mean 'className'?
src/pages/admin/AdminThemes.tsx(113,51): error TS2322: Type '{ children: string; class: string; }' is not assignable to type 'DetailedHTMLProps<HTMLAttributes<HTMLSpanElement>, HTMLSpanElement>'.
  Property 'class' does not exist on type 'DetailedHTMLProps<HTMLAttributes<HTMLSpanElement>, HTMLSpanElement>'. Did you mean 'className'?
src/pages/admin/AdminThemes.tsx(114,51): error TS2322: Type '{ children: number; class: string; }' is not assignable to type 'DetailedHTMLProps<HTMLAttributes<HTMLSpanElement>, HTMLSpanElement>'.
  Property 'class' does not exist on type 'DetailedHTMLProps<HTMLAttributes<HTMLSpanElement>, HTMLSpanElement>'. Did you mean 'className'?
src/pages/admin/AdminThemes.tsx(118,42): error TS2322: Type '{ children: Element[]; class: string; }' is not assignable to type 'DetailedHTMLProps<HTMLAttributes<HTMLDivElement>, HTMLDivElement>'.
  Property 'class' does not exist on type 'DetailedHTMLProps<HTMLAttributes<HTMLDivElement>, HTMLDivElement>'. Did you mean 'className'?
src/pages/admin/AdminThemes.tsx(121,45): error TS2322: Type '{ children: Element; href: string; class: string; title: string; }' is not assignable to type 'DetailedHTMLProps<AnchorHTMLAttributes<HTMLAnchorElement>, HTMLAnchorElement>'.
  Property 'class' does not exist on type 'DetailedHTMLProps<AnchorHTMLAttributes<HTMLAnchorElement>, HTMLAnchorElement>'. Did you mean 'className'?
src/pages/admin/AdminThemes.tsx(124,51): error TS2322: Type '{ children: string; class: string; }' is not assignable to type 'DetailedHTMLProps<HTMLAttributes<HTMLSpanElement>, HTMLSpanElement>'.
  Property 'class' does not exist on type 'DetailedHTMLProps<HTMLAttributes<HTMLSpanElement>, HTMLSpanElement>'. Did you mean 'className'?
src/pages/admin/AdminThemes.tsx(130,45): error TS2322: Type '{ children: Element; type: "button"; "data-action": string; "data-theme-id": string; class: string; title: string; }' is not assignable to type 'DetailedHTMLProps<ButtonHTMLAttributes<HTMLButtonElement>, HTMLButtonElement>'.
  Property 'class' does not exist on type 'DetailedHTMLProps<ButtonHTMLAttributes<HTMLButtonElement>, HTMLButtonElement>'. Did you mean 'className'?
src/pages/admin/AdminThemes.tsx(136,51): error TS2322: Type '{ children: string; class: string; }' is not assignable to type 'DetailedHTMLProps<HTMLAttributes<HTMLSpanElement>, HTMLSpanElement>'.
  Property 'class' does not exist on type 'DetailedHTMLProps<HTMLAttributes<HTMLSpanElement>, HTMLSpanElement>'. Did you mean 'className'?
src/pages/admin/AdminThemes.tsx(150,21): error TS2322: Type '{ children: Element[]; href: string; class: string; }' is not assignable to type 'DetailedHTMLProps<AnchorHTMLAttributes<HTMLAnchorElement>, HTMLAnchorElement>'.
  Property 'class' does not exist on type 'DetailedHTMLProps<AnchorHTMLAttributes<HTMLAnchorElement>, HTMLAnchorElement>'. Did you mean 'className'?
src/pages/admin/AdminThemes.tsx(152,27): error TS2322: Type '{ children: string; class: string; }' is not assignable to type 'DetailedHTMLProps<HTMLAttributes<HTMLSpanElement>, HTMLSpanElement>'.
  Property 'class' does not exist on type 'DetailedHTMLProps<HTMLAttributes<HTMLSpanElement>, HTMLSpanElement>'. Did you mean 'className'?
src/pages/admin/AdminThemes.tsx(153,27): error TS2322: Type '{ children: string; class: string; }' is not assignable to type 'DetailedHTMLProps<HTMLAttributes<HTMLSpanElement>, HTMLSpanElement>'.
  Property 'class' does not exist on type 'DetailedHTMLProps<HTMLAttributes<HTMLSpanElement>, HTMLSpanElement>'. Did you mean 'className'?
src/pages/admin/AdminThemes.tsx(158,35): error TS2322: Type '{ children: Element; id: string; class: string; }' is not assignable to type 'DetailedHTMLProps<HTMLAttributes<HTMLDivElement>, HTMLDivElement>'.
  Property 'class' does not exist on type 'DetailedHTMLProps<HTMLAttributes<HTMLDivElement>, HTMLDivElement>'. Did you mean 'className'?
src/pages/admin/AdminThemes.tsx(159,22): error TS2322: Type '{ children: Element[]; class: string; }' is not assignable to type 'DetailedHTMLProps<HTMLAttributes<HTMLDivElement>, HTMLDivElement>'.
  Property 'class' does not exist on type 'DetailedHTMLProps<HTMLAttributes<HTMLDivElement>, HTMLDivElement>'. Did you mean 'className'?
src/pages/admin/AdminThemes.tsx(160,26): error TS2322: Type '{ children: Element; class: string; }' is not assignable to type 'DetailedHTMLProps<HTMLAttributes<HTMLDivElement>, HTMLDivElement>'.
  Property 'class' does not exist on type 'DetailedHTMLProps<HTMLAttributes<HTMLDivElement>, HTMLDivElement>'. Did you mean 'className'?
src/pages/admin/AdminThemes.tsx(161,29): error TS2322: Type '{ children: string; class: string; }' is not assignable to type 'DetailedHTMLProps<HTMLAttributes<HTMLHeadingElement>, HTMLHeadingElement>'.
  Property 'class' does not exist on type 'DetailedHTMLProps<HTMLAttributes<HTMLHeadingElement>, HTMLHeadingElement>'. Did you mean 'className'?
src/pages/admin/AdminThemes.tsx(163,68): error TS2322: Type '{ children: Element[]; method: string; action: string; class: string; }' is not assignable to type 'DetailedHTMLProps<FormHTMLAttributes<HTMLFormElement>, HTMLFormElement>'.
  Property 'class' does not exist on type 'DetailedHTMLProps<FormHTMLAttributes<HTMLFormElement>, HTMLFormElement>'. Did you mean 'className'?
src/pages/admin/AdminThemes.tsx(164,30): error TS2322: Type '{ children: Element[]; class: string; }' is not assignable to type 'DetailedHTMLProps<HTMLAttributes<HTMLDivElement>, HTMLDivElement>'.
  Property 'class' does not exist on type 'DetailedHTMLProps<HTMLAttributes<HTMLDivElement>, HTMLDivElement>'. Did you mean 'className'?
src/pages/admin/AdminThemes.tsx(165,34): error TS2322: Type '{ children: Element[]; class: string; }' is not assignable to type 'DetailedHTMLProps<HTMLAttributes<HTMLDivElement>, HTMLDivElement>'.
  Property 'class' does not exist on type 'DetailedHTMLProps<HTMLAttributes<HTMLDivElement>, HTMLDivElement>'. Did you mean 'className'?
src/pages/admin/AdminThemes.tsx(166,40): error TS2322: Type '{ children: string; class: string; }' is not assignable to type 'DetailedHTMLProps<LabelHTMLAttributes<HTMLLabelElement>, HTMLLabelElement>'.
  Property 'class' does not exist on type 'DetailedHTMLProps<LabelHTMLAttributes<HTMLLabelElement>, HTMLLabelElement>'. Did you mean 'className'?
src/pages/admin/AdminThemes.tsx(170,37): error TS2322: Type '{ type: "text"; name: string; class: string; required: true; }' is not assignable to type 'DetailedHTMLProps<InputHTMLAttributes<HTMLInputElement>, HTMLInputElement>'.
  Property 'class' does not exist on type 'DetailedHTMLProps<InputHTMLAttributes<HTMLInputElement>, HTMLInputElement>'. Did you mean 'className'?
src/pages/admin/AdminThemes.tsx(174,34): error TS2322: Type '{ children: Element[]; class: string; }' is not assignable to type 'DetailedHTMLProps<HTMLAttributes<HTMLDivElement>, HTMLDivElement>'.
  Property 'class' does not exist on type 'DetailedHTMLProps<HTMLAttributes<HTMLDivElement>, HTMLDivElement>'. Did you mean 'className'?
src/pages/admin/AdminThemes.tsx(175,40): error TS2322: Type '{ children: string; class: string; }' is not assignable to type 'DetailedHTMLProps<LabelHTMLAttributes<HTMLLabelElement>, HTMLLabelElement>'.
  Property 'class' does not exist on type 'DetailedHTMLProps<LabelHTMLAttributes<HTMLLabelElement>, HTMLLabelElement>'. Did you mean 'className'?
src/pages/admin/AdminThemes.tsx(179,37): error TS2322: Type '{ type: "text"; name: string; class: string; required: true; pattern: string; }' is not assignable to type 'DetailedHTMLProps<InputHTMLAttributes<HTMLInputElement>, HTMLInputElement>'.
  Property 'class' does not exist on type 'DetailedHTMLProps<InputHTMLAttributes<HTMLInputElement>, HTMLInputElement>'. Did you mean 'className'?
src/pages/admin/AdminThemes.tsx(184,34): error TS2322: Type '{ children: Element[]; class: string; }' is not assignable to type 'DetailedHTMLProps<HTMLAttributes<HTMLDivElement>, HTMLDivElement>'.
  Property 'class' does not exist on type 'DetailedHTMLProps<HTMLAttributes<HTMLDivElement>, HTMLDivElement>'. Did you mean 'className'?
src/pages/admin/AdminThemes.tsx(185,40): error TS2322: Type '{ children: string; class: string; }' is not assignable to type 'DetailedHTMLProps<LabelHTMLAttributes<HTMLLabelElement>, HTMLLabelElement>'.
  Property 'class' does not exist on type 'DetailedHTMLProps<LabelHTMLAttributes<HTMLLabelElement>, HTMLLabelElement>'. Did you mean 'className'?
src/pages/admin/AdminThemes.tsx(189,37): error TS2322: Type '{ name: string; rows: number; class: string; }' is not assignable to type 'DetailedHTMLProps<TextareaHTMLAttributes<HTMLTextAreaElement>, HTMLTextAreaElement>'.
  Property 'class' does not exist on type 'DetailedHTMLProps<TextareaHTMLAttributes<HTMLTextAreaElement>, HTMLTextAreaElement>'. Did you mean 'className'?
src/pages/admin/AdminThemes.tsx(194,40): error TS2322: Type '{ children: string; class: string; }' is not assignable to type 'DetailedHTMLProps<LabelHTMLAttributes<HTMLLabelElement>, HTMLLabelElement>'.
  Property 'class' does not exist on type 'DetailedHTMLProps<LabelHTMLAttributes<HTMLLabelElement>, HTMLLabelElement>'. Did you mean 'className'?
src/pages/admin/AdminThemes.tsx(198,37): error TS2322: Type '{ type: "color"; name: string; class: string; required: true; }' is not assignable to type 'DetailedHTMLProps<InputHTMLAttributes<HTMLInputElement>, HTMLInputElement>'.
  Property 'class' does not exist on type 'DetailedHTMLProps<InputHTMLAttributes<HTMLInputElement>, HTMLInputElement>'. Did you mean 'className'?
src/pages/admin/AdminThemes.tsx(203,40): error TS2322: Type '{ children: string; class: string; }' is not assignable to type 'DetailedHTMLProps<LabelHTMLAttributes<HTMLLabelElement>, HTMLLabelElement>'.
  Property 'class' does not exist on type 'DetailedHTMLProps<LabelHTMLAttributes<HTMLLabelElement>, HTMLLabelElement>'. Did you mean 'className'?
src/pages/admin/AdminThemes.tsx(207,37): error TS2322: Type '{ type: "color"; name: string; class: string; required: true; }' is not assignable to type 'DetailedHTMLProps<InputHTMLAttributes<HTMLInputElement>, HTMLInputElement>'.
  Property 'class' does not exist on type 'DetailedHTMLProps<InputHTMLAttributes<HTMLInputElement>, HTMLInputElement>'. Did you mean 'className'?
src/pages/admin/AdminThemes.tsx(212,40): error TS2322: Type '{ children: string; class: string; }' is not assignable to type 'DetailedHTMLProps<LabelHTMLAttributes<HTMLLabelElement>, HTMLLabelElement>'.
  Property 'class' does not exist on type 'DetailedHTMLProps<LabelHTMLAttributes<HTMLLabelElement>, HTMLLabelElement>'. Did you mean 'className'?
src/pages/admin/AdminThemes.tsx(216,37): error TS2322: Type '{ type: "color"; name: string; class: string; required: true; }' is not assignable to type 'DetailedHTMLProps<InputHTMLAttributes<HTMLInputElement>, HTMLInputElement>'.
  Property 'class' does not exist on type 'DetailedHTMLProps<InputHTMLAttributes<HTMLInputElement>, HTMLInputElement>'. Did you mean 'className'?
src/pages/admin/AdminThemes.tsx(221,40): error TS2322: Type '{ children: string; class: string; }' is not assignable to type 'DetailedHTMLProps<LabelHTMLAttributes<HTMLLabelElement>, HTMLLabelElement>'.
  Property 'class' does not exist on type 'DetailedHTMLProps<LabelHTMLAttributes<HTMLLabelElement>, HTMLLabelElement>'. Did you mean 'className'?
src/pages/admin/AdminThemes.tsx(226,37): error TS2322: Type '{ type: "color"; name: string; value: string; class: string; required: true; }' is not assignable to type 'DetailedHTMLProps<InputHTMLAttributes<HTMLInputElement>, HTMLInputElement>'.
  Property 'class' does not exist on type 'DetailedHTMLProps<InputHTMLAttributes<HTMLInputElement>, HTMLInputElement>'. Did you mean 'className'?
src/pages/admin/AdminThemes.tsx(232,40): error TS2322: Type '{ children: string; class: string; }' is not assignable to type 'DetailedHTMLProps<LabelHTMLAttributes<HTMLLabelElement>, HTMLLabelElement>'.
  Property 'class' does not exist on type 'DetailedHTMLProps<LabelHTMLAttributes<HTMLLabelElement>, HTMLLabelElement>'. Did you mean 'className'?
src/pages/admin/AdminThemes.tsx(239,37): error TS2322: Type '{ type: "number"; name: string; min: string; step: string; value: string; class: string; required: true; }' is not assignable to type 'DetailedHTMLProps<InputHTMLAttributes<HTMLInputElement>, HTMLInputElement>'.
  Property 'class' does not exist on type 'DetailedHTMLProps<InputHTMLAttributes<HTMLInputElement>, HTMLInputElement>'. Did you mean 'className'?
src/pages/admin/AdminThemes.tsx(243,34): error TS2322: Type '{ children: Element; class: string; }' is not assignable to type 'DetailedHTMLProps<HTMLAttributes<HTMLDivElement>, HTMLDivElement>'.
  Property 'class' does not exist on type 'DetailedHTMLProps<HTMLAttributes<HTMLDivElement>, HTMLDivElement>'. Did you mean 'className'?
src/pages/admin/AdminThemes.tsx(244,40): error TS2322: Type '{ children: Element[]; class: string; }' is not assignable to type 'DetailedHTMLProps<LabelHTMLAttributes<HTMLLabelElement>, HTMLLabelElement>'.
  Property 'class' does not exist on type 'DetailedHTMLProps<LabelHTMLAttributes<HTMLLabelElement>, HTMLLabelElement>'. Did you mean 'className'?
src/pages/admin/AdminThemes.tsx(245,85): error TS2322: Type '{ type: "checkbox"; name: string; checked: true; class: string; }' is not assignable to type 'DetailedHTMLProps<InputHTMLAttributes<HTMLInputElement>, HTMLInputElement>'.
  Property 'class' does not exist on type 'DetailedHTMLProps<InputHTMLAttributes<HTMLInputElement>, HTMLInputElement>'. Did you mean 'className'?
src/pages/admin/AdminThemes.tsx(246,43): error TS2322: Type '{ children: string; class: string; }' is not assignable to type 'DetailedHTMLProps<HTMLAttributes<HTMLSpanElement>, HTMLSpanElement>'.
  Property 'class' does not exist on type 'DetailedHTMLProps<HTMLAttributes<HTMLSpanElement>, HTMLSpanElement>'. Did you mean 'className'?
src/pages/admin/AdminThemes.tsx(251,30): error TS2322: Type '{ children: Element[]; class: string; }' is not assignable to type 'DetailedHTMLProps<HTMLAttributes<HTMLDivElement>, HTMLDivElement>'.
  Property 'class' does not exist on type 'DetailedHTMLProps<HTMLAttributes<HTMLDivElement>, HTMLDivElement>'. Did you mean 'className'?
src/pages/admin/AdminThemes.tsx(255,33): error TS2322: Type '{ children: string; type: "button"; id: string; class: string; }' is not assignable to type 'DetailedHTMLProps<ButtonHTMLAttributes<HTMLButtonElement>, HTMLButtonElement>'.
  Property 'class' does not exist on type 'DetailedHTMLProps<ButtonHTMLAttributes<HTMLButtonElement>, HTMLButtonElement>'. Did you mean 'className'?
src/pages/admin/AdminThemes.tsx(261,33): error TS2322: Type '{ children: string; type: "submit"; class: string; }' is not assignable to type 'DetailedHTMLProps<ButtonHTMLAttributes<HTMLButtonElement>, HTMLButtonElement>'.
  Property 'class' does not exist on type 'DetailedHTMLProps<ButtonHTMLAttributes<HTMLButtonElement>, HTMLButtonElement>'. Did you mean 'className'?
src/pages/admin/AdminUsers.tsx(42,18): error TS2322: Type '{ children: Element; class: string; }' is not assignable to type 'DetailedHTMLProps<HTMLAttributes<HTMLDivElement>, HTMLDivElement>'.
  Property 'class' does not exist on type 'DetailedHTMLProps<HTMLAttributes<HTMLDivElement>, HTMLDivElement>'. Did you mean 'className'?
src/pages/admin/AdminUsers.tsx(43,36): error TS2322: Type '{ children: Element[]; method: string; class: string; }' is not assignable to type 'DetailedHTMLProps<FormHTMLAttributes<HTMLFormElement>, HTMLFormElement>'.
  Property 'class' does not exist on type 'DetailedHTMLProps<FormHTMLAttributes<HTMLFormElement>, HTMLFormElement>'. Did you mean 'className'?
src/pages/admin/AdminUsers.tsx(44,26): error TS2322: Type '{ children: Element[]; class: string; }' is not assignable to type 'DetailedHTMLProps<HTMLAttributes<HTMLDivElement>, HTMLDivElement>'.
  Property 'class' does not exist on type 'DetailedHTMLProps<HTMLAttributes<HTMLDivElement>, HTMLDivElement>'. Did you mean 'className'?
src/pages/admin/AdminUsers.tsx(45,32): error TS2322: Type '{ children: string; class: string; }' is not assignable to type 'DetailedHTMLProps<LabelHTMLAttributes<HTMLLabelElement>, HTMLLabelElement>'.
  Property 'class' does not exist on type 'DetailedHTMLProps<LabelHTMLAttributes<HTMLLabelElement>, HTMLLabelElement>'. Did you mean 'className'?
src/pages/admin/AdminUsers.tsx(46,30): error TS2322: Type '{ children: Element[]; class: string; }' is not assignable to type 'DetailedHTMLProps<HTMLAttributes<HTMLDivElement>, HTMLDivElement>'.
  Property 'class' does not exist on type 'DetailedHTMLProps<HTMLAttributes<HTMLDivElement>, HTMLDivElement>'. Did you mean 'className'?
src/pages/admin/AdminUsers.tsx(47,35): error TS2322: Type '{ children: string; class: string; }' is not assignable to type 'DetailedHTMLProps<HTMLAttributes<HTMLSpanElement>, HTMLSpanElement>'.
  Property 'class' does not exist on type 'DetailedHTMLProps<HTMLAttributes<HTMLSpanElement>, HTMLSpanElement>'. Did you mean 'className'?
src/pages/admin/AdminUsers.tsx(53,33): error TS2322: Type '{ type: "text"; name: string; value: string; placeholder: string; class: string; }' is not assignable to type 'DetailedHTMLProps<InputHTMLAttributes<HTMLInputElement>, HTMLInputElement>'.
  Property 'class' does not exist on type 'DetailedHTMLProps<InputHTMLAttributes<HTMLInputElement>, HTMLInputElement>'. Did you mean 'className'?
src/pages/admin/AdminUsers.tsx(57,26): error TS2322: Type '{ children: Element[]; class: string; }' is not assignable to type 'DetailedHTMLProps<HTMLAttributes<HTMLDivElement>, HTMLDivElement>'.
  Property 'class' does not exist on type 'DetailedHTMLProps<HTMLAttributes<HTMLDivElement>, HTMLDivElement>'. Did you mean 'className'?
src/pages/admin/AdminUsers.tsx(58,32): error TS2322: Type '{ children: string; class: string; }' is not assignable to type 'DetailedHTMLProps<LabelHTMLAttributes<HTMLLabelElement>, HTMLLabelElement>'.
  Property 'class' does not exist on type 'DetailedHTMLProps<LabelHTMLAttributes<HTMLLabelElement>, HTMLLabelElement>'. Did you mean 'className'?
src/pages/admin/AdminUsers.tsx(61,29): error TS2322: Type '{ children: Element[]; name: string; class: string; }' is not assignable to type 'DetailedHTMLProps<SelectHTMLAttributes<HTMLSelectElement>, HTMLSelectElement>'.
  Property 'class' does not exist on type 'DetailedHTMLProps<SelectHTMLAttributes<HTMLSelectElement>, HTMLSelectElement>'. Did you mean 'className'?
src/pages/admin/AdminUsers.tsx(69,26): error TS2322: Type '{ children: Element[]; class: string; }' is not assignable to type 'DetailedHTMLProps<HTMLAttributes<HTMLDivElement>, HTMLDivElement>'.
  Property 'class' does not exist on type 'DetailedHTMLProps<HTMLAttributes<HTMLDivElement>, HTMLDivElement>'. Did you mean 'className'?
src/pages/admin/AdminUsers.tsx(70,32): error TS2322: Type '{ children: string; class: string; }' is not assignable to type 'DetailedHTMLProps<LabelHTMLAttributes<HTMLLabelElement>, HTMLLabelElement>'.
  Property 'class' does not exist on type 'DetailedHTMLProps<LabelHTMLAttributes<HTMLLabelElement>, HTMLLabelElement>'. Did you mean 'className'?
src/pages/admin/AdminUsers.tsx(73,29): error TS2322: Type '{ children: Element[]; name: string; class: string; }' is not assignable to type 'DetailedHTMLProps<SelectHTMLAttributes<HTMLSelectElement>, HTMLSelectElement>'.
  Property 'class' does not exist on type 'DetailedHTMLProps<SelectHTMLAttributes<HTMLSelectElement>, HTMLSelectElement>'. Did you mean 'className'?
src/pages/admin/AdminUsers.tsx(82,26): error TS2322: Type '{ children: Element; class: string; }' is not assignable to type 'DetailedHTMLProps<HTMLAttributes<HTMLDivElement>, HTMLDivElement>'.
  Property 'class' does not exist on type 'DetailedHTMLProps<HTMLAttributes<HTMLDivElement>, HTMLDivElement>'. Did you mean 'className'?
src/pages/admin/AdminUsers.tsx(85,29): error TS2322: Type '{ children: string; type: "submit"; class: string; }' is not assignable to type 'DetailedHTMLProps<ButtonHTMLAttributes<HTMLButtonElement>, HTMLButtonElement>'.
  Property 'class' does not exist on type 'DetailedHTMLProps<ButtonHTMLAttributes<HTMLButtonElement>, HTMLButtonElement>'. Did you mean 'className'?
src/pages/admin/AdminUsers.tsx(94,18): error TS2322: Type '{ children: (false | Element)[]; class: string; }' is not assignable to type 'DetailedHTMLProps<HTMLAttributes<HTMLDivElement>, HTMLDivElement>'.
  Property 'class' does not exist on type 'DetailedHTMLProps<HTMLAttributes<HTMLDivElement>, HTMLDivElement>'. Did you mean 'className'?
src/pages/admin/AdminUsers.tsx(95,22): error TS2322: Type '{ children: Element; class: string; }' is not assignable to type 'DetailedHTMLProps<HTMLAttributes<HTMLDivElement>, HTMLDivElement>'.
  Property 'class' does not exist on type 'DetailedHTMLProps<HTMLAttributes<HTMLDivElement>, HTMLDivElement>'. Did you mean 'className'?
src/pages/admin/AdminUsers.tsx(96,28): error TS2322: Type '{ children: Element[]; class: string; }' is not assignable to type 'DetailedHTMLProps<TableHTMLAttributes<HTMLTableElement>, HTMLTableElement>'.
  Property 'class' does not exist on type 'DetailedHTMLProps<TableHTMLAttributes<HTMLTableElement>, HTMLTableElement>'. Did you mean 'className'?
src/pages/admin/AdminUsers.tsx(97,32): error TS2322: Type '{ children: Element; class: string; }' is not assignable to type 'DetailedHTMLProps<HTMLAttributes<HTMLTableSectionElement>, HTMLTableSectionElement>'.
  Property 'class' does not exist on type 'DetailedHTMLProps<HTMLAttributes<HTMLTableSectionElement>, HTMLTableSectionElement>'. Did you mean 'className'?
src/pages/admin/AdminUsers.tsx(99,37): error TS2322: Type '{ children: string; class: string; }' is not assignable to type 'DetailedHTMLProps<ThHTMLAttributes<HTMLTableHeaderCellElement>, HTMLTableHeaderCellElement>'.
  Property 'class' does not exist on type 'DetailedHTMLProps<ThHTMLAttributes<HTMLTableHeaderCellElement>, HTMLTableHeaderCellElement>'. Did you mean 'className'?
src/pages/admin/AdminUsers.tsx(100,37): error TS2322: Type '{ children: string; class: string; }' is not assignable to type 'DetailedHTMLProps<ThHTMLAttributes<HTMLTableHeaderCellElement>, HTMLTableHeaderCellElement>'.
  Property 'class' does not exist on type 'DetailedHTMLProps<ThHTMLAttributes<HTMLTableHeaderCellElement>, HTMLTableHeaderCellElement>'. Did you mean 'className'?
src/pages/admin/AdminUsers.tsx(101,37): error TS2322: Type '{ children: string; class: string; }' is not assignable to type 'DetailedHTMLProps<ThHTMLAttributes<HTMLTableHeaderCellElement>, HTMLTableHeaderCellElement>'.
  Property 'class' does not exist on type 'DetailedHTMLProps<ThHTMLAttributes<HTMLTableHeaderCellElement>, HTMLTableHeaderCellElement>'. Did you mean 'className'?
src/pages/admin/AdminUsers.tsx(102,37): error TS2322: Type '{ children: string; class: string; }' is not assignable to type 'DetailedHTMLProps<ThHTMLAttributes<HTMLTableHeaderCellElement>, HTMLTableHeaderCellElement>'.
  Property 'class' does not exist on type 'DetailedHTMLProps<ThHTMLAttributes<HTMLTableHeaderCellElement>, HTMLTableHeaderCellElement>'. Did you mean 'className'?
src/pages/admin/AdminUsers.tsx(103,37): error TS2322: Type '{ children: string; class: string; }' is not assignable to type 'DetailedHTMLProps<ThHTMLAttributes<HTMLTableHeaderCellElement>, HTMLTableHeaderCellElement>'.
  Property 'class' does not exist on type 'DetailedHTMLProps<ThHTMLAttributes<HTMLTableHeaderCellElement>, HTMLTableHeaderCellElement>'. Did you mean 'className'?
src/pages/admin/AdminUsers.tsx(104,37): error TS2322: Type '{ children: string; class: string; }' is not assignable to type 'DetailedHTMLProps<ThHTMLAttributes<HTMLTableHeaderCellElement>, HTMLTableHeaderCellElement>'.
  Property 'class' does not exist on type 'DetailedHTMLProps<ThHTMLAttributes<HTMLTableHeaderCellElement>, HTMLTableHeaderCellElement>'. Did you mean 'className'?
src/pages/admin/AdminUsers.tsx(107,32): error TS2322: Type '{ children: (false | Element | Element[])[]; class: string; }' is not assignable to type 'DetailedHTMLProps<HTMLAttributes<HTMLTableSectionElement>, HTMLTableSectionElement>'.
  Property 'class' does not exist on type 'DetailedHTMLProps<HTMLAttributes<HTMLTableSectionElement>, HTMLTableSectionElement>'. Did you mean 'className'?
src/pages/admin/AdminUsers.tsx(109,37): error TS2322: Type '{ children: Element[]; class: string; }' is not assignable to type 'DetailedHTMLProps<HTMLAttributes<HTMLTableRowElement>, HTMLTableRowElement>'.
  Property 'class' does not exist on type 'DetailedHTMLProps<HTMLAttributes<HTMLTableRowElement>, HTMLTableRowElement>'. Did you mean 'className'?
src/pages/admin/AdminUsers.tsx(110,41): error TS2322: Type '{ children: Element; class: string; }' is not assignable to type 'DetailedHTMLProps<TdHTMLAttributes<HTMLTableDataCellElement>, HTMLTableDataCellElement>'.
  Property 'class' does not exist on type 'DetailedHTMLProps<TdHTMLAttributes<HTMLTableDataCellElement>, HTMLTableDataCellElement>'. Did you mean 'className'?
src/pages/admin/AdminUsers.tsx(111,46): error TS2322: Type '{ children: Element[]; class: string; }' is not assignable to type 'DetailedHTMLProps<HTMLAttributes<HTMLDivElement>, HTMLDivElement>'.
  Property 'class' does not exist on type 'DetailedHTMLProps<HTMLAttributes<HTMLDivElement>, HTMLDivElement>'. Did you mean 'className'?
src/pages/admin/AdminUsers.tsx(112,50): error TS2322: Type '{ children: Element; class: string; }' is not assignable to type 'DetailedHTMLProps<HTMLAttributes<HTMLDivElement>, HTMLDivElement>'.
  Property 'class' does not exist on type 'DetailedHTMLProps<HTMLAttributes<HTMLDivElement>, HTMLDivElement>'. Did you mean 'className'?
src/pages/admin/AdminUsers.tsx(114,89): error TS2322: Type '{ src: string; alt: string; class: string; }' is not assignable to type 'DetailedHTMLProps<ImgHTMLAttributes<HTMLImageElement>, HTMLImageElement>'.
  Property 'class' does not exist on type 'DetailedHTMLProps<ImgHTMLAttributes<HTMLImageElement>, HTMLImageElement>'. Did you mean 'className'?
src/pages/admin/AdminUsers.tsx(115,61): error TS2322: Type '{ children: string; class: string; }' is not assignable to type 'DetailedHTMLProps<HTMLAttributes<HTMLSpanElement>, HTMLSpanElement>'.
  Property 'class' does not exist on type 'DetailedHTMLProps<HTMLAttributes<HTMLSpanElement>, HTMLSpanElement>'. Did you mean 'className'?
src/pages/admin/AdminUsers.tsx(119,52): error TS2322: Type '{ children: string; class: string; }' is not assignable to type 'DetailedHTMLProps<HTMLAttributes<HTMLParagraphElement>, HTMLParagraphElement>'.
  Property 'class' does not exist on type 'DetailedHTMLProps<HTMLAttributes<HTMLParagraphElement>, HTMLParagraphElement>'. Did you mean 'className'?
src/pages/admin/AdminUsers.tsx(120,52): error TS2322: Type '{ children: string; class: string; }' is not assignable to type 'DetailedHTMLProps<HTMLAttributes<HTMLParagraphElement>, HTMLParagraphElement>'.
  Property 'class' does not exist on type 'DetailedHTMLProps<HTMLAttributes<HTMLParagraphElement>, HTMLParagraphElement>'. Did you mean 'className'?
src/pages/admin/AdminUsers.tsx(124,41): error TS2322: Type '{ children: Element; class: string; }' is not assignable to type 'DetailedHTMLProps<TdHTMLAttributes<HTMLTableDataCellElement>, HTMLTableDataCellElement>'.
  Property 'class' does not exist on type 'DetailedHTMLProps<TdHTMLAttributes<HTMLTableDataCellElement>, HTMLTableDataCellElement>'. Did you mean 'className'?
src/pages/admin/AdminUsers.tsx(125,47): error TS2322: Type '{ children: string; class: string; }' is not assignable to type 'DetailedHTMLProps<HTMLAttributes<HTMLSpanElement>, HTMLSpanElement>'.
  Property 'class' does not exist on type 'DetailedHTMLProps<HTMLAttributes<HTMLSpanElement>, HTMLSpanElement>'. Did you mean 'className'?
src/pages/admin/AdminUsers.tsx(134,41): error TS2322: Type '{ children: Element; class: string; }' is not assignable to type 'DetailedHTMLProps<TdHTMLAttributes<HTMLTableDataCellElement>, HTMLTableDataCellElement>'.
  Property 'class' does not exist on type 'DetailedHTMLProps<TdHTMLAttributes<HTMLTableDataCellElement>, HTMLTableDataCellElement>'. Did you mean 'className'?
src/pages/admin/AdminUsers.tsx(136,51): error TS2322: Type '{ children: string; class: string; }' is not assignable to type 'DetailedHTMLProps<HTMLAttributes<HTMLSpanElement>, HTMLSpanElement>'.
  Property 'class' does not exist on type 'DetailedHTMLProps<HTMLAttributes<HTMLSpanElement>, HTMLSpanElement>'. Did you mean 'className'?
src/pages/admin/AdminUsers.tsx(145,52): error TS2322: Type '{ children: string[]; class: string; }' is not assignable to type 'DetailedHTMLProps<HTMLAttributes<HTMLParagraphElement>, HTMLParagraphElement>'.
  Property 'class' does not exist on type 'DetailedHTMLProps<HTMLAttributes<HTMLParagraphElement>, HTMLParagraphElement>'. Did you mean 'className'?
src/pages/admin/AdminUsers.tsx(151,41): error TS2322: Type '{ children: Element; class: string; }' is not assignable to type 'DetailedHTMLProps<TdHTMLAttributes<HTMLTableDataCellElement>, HTMLTableDataCellElement>'.
  Property 'class' does not exist on type 'DetailedHTMLProps<TdHTMLAttributes<HTMLTableDataCellElement>, HTMLTableDataCellElement>'. Did you mean 'className'?
src/pages/admin/AdminUsers.tsx(152,46): error TS2322: Type '{ children: Element[]; class: string; }' is not assignable to type 'DetailedHTMLProps<HTMLAttributes<HTMLDivElement>, HTMLDivElement>'.
  Property 'class' does not exist on type 'DetailedHTMLProps<HTMLAttributes<HTMLDivElement>, HTMLDivElement>'. Did you mean 'className'?
src/pages/admin/AdminUsers.tsx(153,50): error TS2322: Type '{ children: Element[]; class: string; }' is not assignable to type 'DetailedHTMLProps<HTMLAttributes<HTMLDivElement>, HTMLDivElement>'.
  Property 'class' does not exist on type 'DetailedHTMLProps<HTMLAttributes<HTMLDivElement>, HTMLDivElement>'. Did you mean 'className'?
src/pages/admin/AdminUsers.tsx(154,55): error TS2322: Type '{ children: string; class: string; }' is not assignable to type 'DetailedHTMLProps<HTMLAttributes<HTMLSpanElement>, HTMLSpanElement>'.
  Property 'class' does not exist on type 'DetailedHTMLProps<HTMLAttributes<HTMLSpanElement>, HTMLSpanElement>'. Did you mean 'className'?
src/pages/admin/AdminUsers.tsx(155,55): error TS2322: Type '{ children: string; class: string; }' is not assignable to type 'DetailedHTMLProps<HTMLAttributes<HTMLSpanElement>, HTMLSpanElement>'.
  Property 'class' does not exist on type 'DetailedHTMLProps<HTMLAttributes<HTMLSpanElement>, HTMLSpanElement>'. Did you mean 'className'?
src/pages/admin/AdminUsers.tsx(157,50): error TS2322: Type '{ children: Element[]; class: string; }' is not assignable to type 'DetailedHTMLProps<HTMLAttributes<HTMLDivElement>, HTMLDivElement>'.
  Property 'class' does not exist on type 'DetailedHTMLProps<HTMLAttributes<HTMLDivElement>, HTMLDivElement>'. Did you mean 'className'?
src/pages/admin/AdminUsers.tsx(158,55): error TS2322: Type '{ children: string; class: string; }' is not assignable to type 'DetailedHTMLProps<HTMLAttributes<HTMLSpanElement>, HTMLSpanElement>'.
  Property 'class' does not exist on type 'DetailedHTMLProps<HTMLAttributes<HTMLSpanElement>, HTMLSpanElement>'. Did you mean 'className'?
src/pages/admin/AdminUsers.tsx(159,55): error TS2322: Type '{ children: number; class: string; }' is not assignable to type 'DetailedHTMLProps<HTMLAttributes<HTMLSpanElement>, HTMLSpanElement>'.
  Property 'class' does not exist on type 'DetailedHTMLProps<HTMLAttributes<HTMLSpanElement>, HTMLSpanElement>'. Did you mean 'className'?
src/pages/admin/AdminUsers.tsx(163,41): error TS2322: Type '{ children: Element; class: string; }' is not assignable to type 'DetailedHTMLProps<TdHTMLAttributes<HTMLTableDataCellElement>, HTMLTableDataCellElement>'.
  Property 'class' does not exist on type 'DetailedHTMLProps<TdHTMLAttributes<HTMLTableDataCellElement>, HTMLTableDataCellElement>'. Did you mean 'className'?
src/pages/admin/AdminUsers.tsx(164,47): error TS2322: Type '{ children: string; class: string; }' is not assignable to type 'DetailedHTMLProps<HTMLAttributes<HTMLSpanElement>, HTMLSpanElement>'.
  Property 'class' does not exist on type 'DetailedHTMLProps<HTMLAttributes<HTMLSpanElement>, HTMLSpanElement>'. Did you mean 'className'?
src/pages/admin/AdminUsers.tsx(174,41): error TS2322: Type '{ children: Element; class: string; }' is not assignable to type 'DetailedHTMLProps<TdHTMLAttributes<HTMLTableDataCellElement>, HTMLTableDataCellElement>'.
  Property 'class' does not exist on type 'DetailedHTMLProps<TdHTMLAttributes<HTMLTableDataCellElement>, HTMLTableDataCellElement>'. Did you mean 'className'?
src/pages/admin/AdminUsers.tsx(175,46): error TS2322: Type '{ children: Element[]; class: string; }' is not assignable to type 'DetailedHTMLProps<HTMLAttributes<HTMLDivElement>, HTMLDivElement>'.
  Property 'class' does not exist on type 'DetailedHTMLProps<HTMLAttributes<HTMLDivElement>, HTMLDivElement>'. Did you mean 'className'?
src/pages/admin/AdminUsers.tsx(180,49): error TS2322: Type '{ children: Element; type: "button"; "data-action": string; "data-user-id": string; class: string; title: string; }' is not assignable to type 'DetailedHTMLProps<ButtonHTMLAttributes<HTMLButtonElement>, HTMLButtonElement>'.
  Property 'class' does not exist on type 'DetailedHTMLProps<ButtonHTMLAttributes<HTMLButtonElement>, HTMLButtonElement>'. Did you mean 'className'?
src/pages/admin/AdminUsers.tsx(183,55): error TS2322: Type '{ children: string; class: string; }' is not assignable to type 'DetailedHTMLProps<HTMLAttributes<HTMLSpanElement>, HTMLSpanElement>'.
  Property 'class' does not exist on type 'DetailedHTMLProps<HTMLAttributes<HTMLSpanElement>, HTMLSpanElement>'. Did you mean 'className'?
src/pages/admin/AdminUsers.tsx(189,49): error TS2322: Type '{ children: Element; type: "button"; "data-action": string; "data-user-id": string; class: string; title: string; }' is not assignable to type 'DetailedHTMLProps<ButtonHTMLAttributes<HTMLButtonElement>, HTMLButtonElement>'.
  Property 'class' does not exist on type 'DetailedHTMLProps<ButtonHTMLAttributes<HTMLButtonElement>, HTMLButtonElement>'. Did you mean 'className'?
src/pages/admin/AdminUsers.tsx(192,55): error TS2322: Type '{ children: string; class: string; }' is not assignable to type 'DetailedHTMLProps<HTMLAttributes<HTMLSpanElement>, HTMLSpanElement>'.
  Property 'class' does not exist on type 'DetailedHTMLProps<HTMLAttributes<HTMLSpanElement>, HTMLSpanElement>'. Did you mean 'className'?
src/pages/admin/AdminUsers.tsx(196,49): error TS2322: Type '{ children: Element; href: string; class: string; title: string; }' is not assignable to type 'DetailedHTMLProps<AnchorHTMLAttributes<HTMLAnchorElement>, HTMLAnchorElement>'.
  Property 'class' does not exist on type 'DetailedHTMLProps<AnchorHTMLAttributes<HTMLAnchorElement>, HTMLAnchorElement>'. Did you mean 'className'?
src/pages/admin/AdminUsers.tsx(199,55): error TS2322: Type '{ children: string; class: string; }' is not assignable to type 'DetailedHTMLProps<HTMLAttributes<HTMLSpanElement>, HTMLSpanElement>'.
  Property 'class' does not exist on type 'DetailedHTMLProps<HTMLAttributes<HTMLSpanElement>, HTMLSpanElement>'. Did you mean 'className'?
src/pages/admin/AdminUsers.tsx(207,41): error TS2322: Type '{ children: Element[]; colspan: number; class: string; }' is not assignable to type 'DetailedHTMLProps<TdHTMLAttributes<HTMLTableDataCellElement>, HTMLTableDataCellElement>'.
  Property 'colspan' does not exist on type 'DetailedHTMLProps<TdHTMLAttributes<HTMLTableDataCellElement>, HTMLTableDataCellElement>'. Did you mean 'colSpan'?
src/pages/admin/AdminUsers.tsx(208,47): error TS2322: Type '{ children: string; class: string; }' is not assignable to type 'DetailedHTMLProps<HTMLAttributes<HTMLSpanElement>, HTMLSpanElement>'.
  Property 'class' does not exist on type 'DetailedHTMLProps<HTMLAttributes<HTMLSpanElement>, HTMLSpanElement>'. Did you mean 'className'?
src/pages/admin/AdminUsers.tsx(219,26): error TS2322: Type '{ children: Element[]; class: string; }' is not assignable to type 'DetailedHTMLProps<HTMLAttributes<HTMLDivElement>, HTMLDivElement>'.
  Property 'class' does not exist on type 'DetailedHTMLProps<HTMLAttributes<HTMLDivElement>, HTMLDivElement>'. Did you mean 'className'?
src/pages/admin/AdminUsers.tsx(220,28): error TS2322: Type '{ children: (string | number)[]; class: string; }' is not assignable to type 'DetailedHTMLProps<HTMLAttributes<HTMLParagraphElement>, HTMLParagraphElement>'.
  Property 'class' does not exist on type 'DetailedHTMLProps<HTMLAttributes<HTMLParagraphElement>, HTMLParagraphElement>'. Did you mean 'className'?
src/pages/admin/AdminUsers.tsx(223,30): error TS2322: Type '{ children: (false | Element)[]; class: string; }' is not assignable to type 'DetailedHTMLProps<HTMLAttributes<HTMLDivElement>, HTMLDivElement>'.
  Property 'class' does not exist on type 'DetailedHTMLProps<HTMLAttributes<HTMLDivElement>, HTMLDivElement>'. Did you mean 'className'?
src/pages/admin/AdminUsers.tsx(227,37): error TS2322: Type '{ children: string; href: string; class: string; }' is not assignable to type 'DetailedHTMLProps<AnchorHTMLAttributes<HTMLAnchorElement>, HTMLAnchorElement>'.
  Property 'class' does not exist on type 'DetailedHTMLProps<AnchorHTMLAttributes<HTMLAnchorElement>, HTMLAnchorElement>'. Did you mean 'className'?
src/pages/admin/AdminUsers.tsx(235,37): error TS2322: Type '{ children: string; href: string; class: string; }' is not assignable to type 'DetailedHTMLProps<AnchorHTMLAttributes<HTMLAnchorElement>, HTMLAnchorElement>'.
  Property 'class' does not exist on type 'DetailedHTMLProps<AnchorHTMLAttributes<HTMLAnchorElement>, HTMLAnchorElement>'. Did you mean 'className'?
src/pages/admin/AdminUsers.tsx(246,42): error TS2322: Type '{ children: Element; id: string; class: string; }' is not assignable to type 'DetailedHTMLProps<HTMLAttributes<HTMLDivElement>, HTMLDivElement>'.
  Property 'class' does not exist on type 'DetailedHTMLProps<HTMLAttributes<HTMLDivElement>, HTMLDivElement>'. Did you mean 'className'?
src/pages/admin/AdminUsers.tsx(247,22): error TS2322: Type '{ children: Element[]; class: string; }' is not assignable to type 'DetailedHTMLProps<HTMLAttributes<HTMLDivElement>, HTMLDivElement>'.
  Property 'class' does not exist on type 'DetailedHTMLProps<HTMLAttributes<HTMLDivElement>, HTMLDivElement>'. Did you mean 'className'?
src/pages/admin/AdminUsers.tsx(248,25): error TS2322: Type '{ children: string; class: string; }' is not assignable to type 'DetailedHTMLProps<HTMLAttributes<HTMLHeadingElement>, HTMLHeadingElement>'.
  Property 'class' does not exist on type 'DetailedHTMLProps<HTMLAttributes<HTMLHeadingElement>, HTMLHeadingElement>'. Did you mean 'className'?
src/pages/admin/AdminUsers.tsx(251,30): error TS2322: Type '{ children: Element[]; class: string; }' is not assignable to type 'DetailedHTMLProps<HTMLAttributes<HTMLDivElement>, HTMLDivElement>'.
  Property 'class' does not exist on type 'DetailedHTMLProps<HTMLAttributes<HTMLDivElement>, HTMLDivElement>'. Did you mean 'className'?
src/pages/admin/AdminUsers.tsx(253,40): error TS2322: Type '{ children: string; class: string; }' is not assignable to type 'DetailedHTMLProps<LabelHTMLAttributes<HTMLLabelElement>, HTMLLabelElement>'.
  Property 'class' does not exist on type 'DetailedHTMLProps<LabelHTMLAttributes<HTMLLabelElement>, HTMLLabelElement>'. Did you mean 'className'?
src/pages/admin/AdminUsers.tsx(254,60): error TS2322: Type '{ children: Element[]; name: string; class: string; }' is not assignable to type 'DetailedHTMLProps<SelectHTMLAttributes<HTMLSelectElement>, HTMLSelectElement>'.
  Property 'class' does not exist on type 'DetailedHTMLProps<SelectHTMLAttributes<HTMLSelectElement>, HTMLSelectElement>'. Did you mean 'className'?
src/pages/admin/AdminUsers.tsx(261,40): error TS2322: Type '{ children: string; class: string; }' is not assignable to type 'DetailedHTMLProps<LabelHTMLAttributes<HTMLLabelElement>, HTMLLabelElement>'.
  Property 'class' does not exist on type 'DetailedHTMLProps<LabelHTMLAttributes<HTMLLabelElement>, HTMLLabelElement>'. Did you mean 'className'?
src/pages/admin/AdminUsers.tsx(265,37): error TS2322: Type '{ type: "date"; name: string; class: string; }' is not assignable to type 'DetailedHTMLProps<InputHTMLAttributes<HTMLInputElement>, HTMLInputElement>'.
  Property 'class' does not exist on type 'DetailedHTMLProps<InputHTMLAttributes<HTMLInputElement>, HTMLInputElement>'. Did you mean 'className'?
src/pages/admin/AdminUsers.tsx(269,40): error TS2322: Type '{ children: string; class: string; }' is not assignable to type 'DetailedHTMLProps<LabelHTMLAttributes<HTMLLabelElement>, HTMLLabelElement>'.
  Property 'class' does not exist on type 'DetailedHTMLProps<LabelHTMLAttributes<HTMLLabelElement>, HTMLLabelElement>'. Did you mean 'className'?
src/pages/admin/AdminUsers.tsx(273,37): error TS2322: Type '{ name: string; rows: number; class: string; placeholder: string; }' is not assignable to type 'DetailedHTMLProps<TextareaHTMLAttributes<HTMLTextAreaElement>, HTMLTextAreaElement>'.
  Property 'class' does not exist on type 'DetailedHTMLProps<TextareaHTMLAttributes<HTMLTextAreaElement>, HTMLTextAreaElement>'. Did you mean 'className'?
src/pages/admin/AdminUsers.tsx(278,30): error TS2322: Type '{ children: Element[]; class: string; }' is not assignable to type 'DetailedHTMLProps<HTMLAttributes<HTMLDivElement>, HTMLDivElement>'.
  Property 'class' does not exist on type 'DetailedHTMLProps<HTMLAttributes<HTMLDivElement>, HTMLDivElement>'. Did you mean 'className'?
src/pages/admin/AdminUsers.tsx(279,68): error TS2322: Type '{ children: string; type: "button"; id: string; class: string; }' is not assignable to type 'DetailedHTMLProps<ButtonHTMLAttributes<HTMLButtonElement>, HTMLButtonElement>'.
  Property 'class' does not exist on type 'DetailedHTMLProps<ButtonHTMLAttributes<HTMLButtonElement>, HTMLButtonElement>'. Did you mean 'className'?
src/pages/admin/AdminUsers.tsx(282,51): error TS2322: Type '{ children: string; type: "submit"; class: string; }' is not assignable to type 'DetailedHTMLProps<ButtonHTMLAttributes<HTMLButtonElement>, HTMLButtonElement>'.
  Property 'class' does not exist on type 'DetailedHTMLProps<ButtonHTMLAttributes<HTMLButtonElement>, HTMLButtonElement>'. Did you mean 'className'?
src/pages/admin/AdminUsers.tsx(291,41): error TS2322: Type '{ children: Element; id: string; class: string; }' is not assignable to type 'DetailedHTMLProps<HTMLAttributes<HTMLDivElement>, HTMLDivElement>'.
  Property 'class' does not exist on type 'DetailedHTMLProps<HTMLAttributes<HTMLDivElement>, HTMLDivElement>'. Did you mean 'className'?
src/pages/admin/AdminUsers.tsx(292,22): error TS2322: Type '{ children: Element[]; class: string; }' is not assignable to type 'DetailedHTMLProps<HTMLAttributes<HTMLDivElement>, HTMLDivElement>'.
  Property 'class' does not exist on type 'DetailedHTMLProps<HTMLAttributes<HTMLDivElement>, HTMLDivElement>'. Did you mean 'className'?
src/pages/admin/AdminUsers.tsx(293,25): error TS2322: Type '{ children: string; class: string; }' is not assignable to type 'DetailedHTMLProps<HTMLAttributes<HTMLHeadingElement>, HTMLHeadingElement>'.
  Property 'class' does not exist on type 'DetailedHTMLProps<HTMLAttributes<HTMLHeadingElement>, HTMLHeadingElement>'. Did you mean 'className'?
src/pages/admin/AdminUsers.tsx(296,30): error TS2322: Type '{ children: Element; class: string; }' is not assignable to type 'DetailedHTMLProps<HTMLAttributes<HTMLDivElement>, HTMLDivElement>'.
  Property 'class' does not exist on type 'DetailedHTMLProps<HTMLAttributes<HTMLDivElement>, HTMLDivElement>'. Did you mean 'className'?
src/pages/admin/AdminUsers.tsx(298,40): error TS2322: Type '{ children: string; class: string; }' is not assignable to type 'DetailedHTMLProps<LabelHTMLAttributes<HTMLLabelElement>, HTMLLabelElement>'.
  Property 'class' does not exist on type 'DetailedHTMLProps<LabelHTMLAttributes<HTMLLabelElement>, HTMLLabelElement>'. Did you mean 'className'?
src/pages/admin/AdminUsers.tsx(299,67): error TS2322: Type '{ children: Element[]; name: string; id: string; class: string; }' is not assignable to type 'DetailedHTMLProps<SelectHTMLAttributes<HTMLSelectElement>, HTMLSelectElement>'.
  Property 'class' does not exist on type 'DetailedHTMLProps<SelectHTMLAttributes<HTMLSelectElement>, HTMLSelectElement>'. Did you mean 'className'?
src/pages/admin/AdminUsers.tsx(306,30): error TS2322: Type '{ children: Element[]; class: string; }' is not assignable to type 'DetailedHTMLProps<HTMLAttributes<HTMLDivElement>, HTMLDivElement>'.
  Property 'class' does not exist on type 'DetailedHTMLProps<HTMLAttributes<HTMLDivElement>, HTMLDivElement>'. Did you mean 'className'?
src/pages/admin/AdminUsers.tsx(307,73): error TS2322: Type '{ children: string; type: "button"; id: string; class: string; }' is not assignable to type 'DetailedHTMLProps<ButtonHTMLAttributes<HTMLButtonElement>, HTMLButtonElement>'.
  Property 'class' does not exist on type 'DetailedHTMLProps<ButtonHTMLAttributes<HTMLButtonElement>, HTMLButtonElement>'. Did you mean 'className'?
src/pages/admin/AdminUsers.tsx(310,51): error TS2322: Type '{ children: string; type: "submit"; class: string; }' is not assignable to type 'DetailedHTMLProps<ButtonHTMLAttributes<HTMLButtonElement>, HTMLButtonElement>'.
  Property 'class' does not exist on type 'DetailedHTMLProps<ButtonHTMLAttributes<HTMLButtonElement>, HTMLButtonElement>'. Did you mean 'className'?
src/pages/Dashboard.tsx(32,14): error TS2322: Type '({ profile, streak, progress, recommendedLesson, upcomingInsights }: DashboardProps) => Element' is not assignable to type 'FC<DashboardProps>'.
  Type 'Element' is not assignable to type 'HtmlEscapedString | Promise<HtmlEscapedString> | null'.
src/pages/Dashboard.tsx(52,10): error TS2322: Type '{ children: Element[]; class: string; }' is not assignable to type 'DetailedHTMLProps<HTMLAttributes<HTMLDivElement>, HTMLDivElement>'.
  Property 'class' does not exist on type 'DetailedHTMLProps<HTMLAttributes<HTMLDivElement>, HTMLDivElement>'. Did you mean 'className'?
src/pages/Dashboard.tsx(59,13): error TS2322: Type '{ children: Element[]; class: string; }' is not assignable to type 'DetailedHTMLProps<HTMLAttributes<HTMLElement>, HTMLElement>'.
  Property 'class' does not exist on type 'DetailedHTMLProps<HTMLAttributes<HTMLElement>, HTMLElement>'. Did you mean 'className'?
src/pages/Dashboard.tsx(61,14): error TS2322: Type '{ children: Element[]; class: string; }' is not assignable to type 'DetailedHTMLProps<HTMLAttributes<HTMLDivElement>, HTMLDivElement>'.
  Property 'class' does not exist on type 'DetailedHTMLProps<HTMLAttributes<HTMLDivElement>, HTMLDivElement>'. Did you mean 'className'?
src/pages/Dashboard.tsx(63,16): error TS2322: Type '{ children: Element[]; class: string; }' is not assignable to type 'DetailedHTMLProps<HTMLAttributes<HTMLDivElement>, HTMLDivElement>'.
  Property 'class' does not exist on type 'DetailedHTMLProps<HTMLAttributes<HTMLDivElement>, HTMLDivElement>'. Did you mean 'className'?
src/pages/Dashboard.tsx(65,18): error TS2322: Type '{ children: Element[]; class: string; }' is not assignable to type 'DetailedHTMLProps<HTMLAttributes<HTMLDivElement>, HTMLDivElement>'.
  Property 'class' does not exist on type 'DetailedHTMLProps<HTMLAttributes<HTMLDivElement>, HTMLDivElement>'. Did you mean 'className'?
src/pages/Dashboard.tsx(66,20): error TS2322: Type '{ children: Element[]; class: string; }' is not assignable to type 'DetailedHTMLProps<HTMLAttributes<HTMLDivElement>, HTMLDivElement>'.
  Property 'class' does not exist on type 'DetailedHTMLProps<HTMLAttributes<HTMLDivElement>, HTMLDivElement>'. Did you mean 'className'?
src/pages/Dashboard.tsx(67,20): error TS2322: Type '{ children: string; class: string; }' is not assignable to type 'DetailedHTMLProps<HTMLAttributes<HTMLParagraphElement>, HTMLParagraphElement>'.
  Property 'class' does not exist on type 'DetailedHTMLProps<HTMLAttributes<HTMLParagraphElement>, HTMLParagraphElement>'. Did you mean 'className'?
src/pages/Dashboard.tsx(68,23): error TS2322: Type '{ children: string; class: string; }' is not assignable to type 'DetailedHTMLProps<HTMLAttributes<HTMLSpanElement>, HTMLSpanElement>'.
  Property 'class' does not exist on type 'DetailedHTMLProps<HTMLAttributes<HTMLSpanElement>, HTMLSpanElement>'. Did you mean 'className'?
src/pages/Dashboard.tsx(71,20): error TS2322: Type '{ children: (string | number | null)[]; class: string; }' is not assignable to type 'DetailedHTMLProps<HTMLAttributes<HTMLParagraphElement>, HTMLParagraphElement>'.
  Property 'class' does not exist on type 'DetailedHTMLProps<HTMLAttributes<HTMLParagraphElement>, HTMLParagraphElement>'. Did you mean 'className'?
src/pages/Dashboard.tsx(72,20): error TS2322: Type '{ children: string; class: string; }' is not assignable to type 'DetailedHTMLProps<HTMLAttributes<HTMLParagraphElement>, HTMLParagraphElement>'.
  Property 'class' does not exist on type 'DetailedHTMLProps<HTMLAttributes<HTMLParagraphElement>, HTMLParagraphElement>'. Did you mean 'className'?
src/pages/Dashboard.tsx(77,18): error TS2322: Type '{ children: Element[]; class: string; }' is not assignable to type 'DetailedHTMLProps<HTMLAttributes<HTMLDivElement>, HTMLDivElement>'.
  Property 'class' does not exist on type 'DetailedHTMLProps<HTMLAttributes<HTMLDivElement>, HTMLDivElement>'. Did you mean 'className'?
src/pages/Dashboard.tsx(78,20): error TS2322: Type '{ children: Element[]; class: string; }' is not assignable to type 'DetailedHTMLProps<HTMLAttributes<HTMLDivElement>, HTMLDivElement>'.
  Property 'class' does not exist on type 'DetailedHTMLProps<HTMLAttributes<HTMLDivElement>, HTMLDivElement>'. Did you mean 'className'?
src/pages/Dashboard.tsx(79,20): error TS2322: Type '{ children: string; class: string; }' is not assignable to type 'DetailedHTMLProps<HTMLAttributes<HTMLParagraphElement>, HTMLParagraphElement>'.
  Property 'class' does not exist on type 'DetailedHTMLProps<HTMLAttributes<HTMLParagraphElement>, HTMLParagraphElement>'. Did you mean 'className'?
src/pages/Dashboard.tsx(80,20): error TS2322: Type '{ children: (string | number)[]; class: string; }' is not assignable to type 'DetailedHTMLProps<HTMLAttributes<HTMLParagraphElement>, HTMLParagraphElement>'.
  Property 'class' does not exist on type 'DetailedHTMLProps<HTMLAttributes<HTMLParagraphElement>, HTMLParagraphElement>'. Did you mean 'className'?
src/pages/Dashboard.tsx(82,20): error TS2322: Type '{ children: Element[]; class: string; }' is not assignable to type 'DetailedHTMLProps<HTMLAttributes<HTMLDivElement>, HTMLDivElement>'.
  Property 'class' does not exist on type 'DetailedHTMLProps<HTMLAttributes<HTMLDivElement>, HTMLDivElement>'. Did you mean 'className'?
src/pages/Dashboard.tsx(83,22): error TS2322: Type '{ children: Element[]; class: string; }' is not assignable to type 'DetailedHTMLProps<HTMLAttributes<HTMLDivElement>, HTMLDivElement>'.
  Property 'class' does not exist on type 'DetailedHTMLProps<HTMLAttributes<HTMLDivElement>, HTMLDivElement>'. Did you mean 'className'?
src/pages/Dashboard.tsx(87,22): error TS2322: Type '{ children: Element; class: string; }' is not assignable to type 'DetailedHTMLProps<HTMLAttributes<HTMLDivElement>, HTMLDivElement>'.
  Property 'class' does not exist on type 'DetailedHTMLProps<HTMLAttributes<HTMLDivElement>, HTMLDivElement>'. Did you mean 'className'?
src/pages/Dashboard.tsx(88,101): error TS2559: Type 'string' has no properties in common with type 'Properties<string | number, string & {}>'.
src/pages/Dashboard.tsx(90,20): error TS2322: Type '{ children: (string | number)[]; class: string; }' is not assignable to type 'DetailedHTMLProps<HTMLAttributes<HTMLParagraphElement>, HTMLParagraphElement>'.
  Property 'class' does not exist on type 'DetailedHTMLProps<HTMLAttributes<HTMLParagraphElement>, HTMLParagraphElement>'. Did you mean 'className'?
src/pages/Dashboard.tsx(96,16): error TS2322: Type '{ children: Element[]; class: string; }' is not assignable to type 'DetailedHTMLProps<HTMLAttributes<HTMLDivElement>, HTMLDivElement>'.
  Property 'class' does not exist on type 'DetailedHTMLProps<HTMLAttributes<HTMLDivElement>, HTMLDivElement>'. Did you mean 'className'?
src/pages/Dashboard.tsx(97,18): error TS2322: Type '{ children: Element[]; class: string; }' is not assignable to type 'DetailedHTMLProps<HTMLAttributes<HTMLDivElement>, HTMLDivElement>'.
  Property 'class' does not exist on type 'DetailedHTMLProps<HTMLAttributes<HTMLDivElement>, HTMLDivElement>'. Did you mean 'className'?
src/pages/Dashboard.tsx(98,20): error TS2322: Type '{ children: Element[]; class: string; }' is not assignable to type 'DetailedHTMLProps<HTMLAttributes<HTMLDivElement>, HTMLDivElement>'.
  Property 'class' does not exist on type 'DetailedHTMLProps<HTMLAttributes<HTMLDivElement>, HTMLDivElement>'. Did you mean 'className'?
src/pages/Dashboard.tsx(99,23): error TS2322: Type '{ children: string; class: string; }' is not assignable to type 'DetailedHTMLProps<HTMLAttributes<HTMLSpanElement>, HTMLSpanElement>'.
  Property 'class' does not exist on type 'DetailedHTMLProps<HTMLAttributes<HTMLSpanElement>, HTMLSpanElement>'. Did you mean 'className'?
src/pages/Dashboard.tsx(100,23): error TS2322: Type '{ children: string; class: string; }' is not assignable to type 'DetailedHTMLProps<HTMLAttributes<HTMLSpanElement>, HTMLSpanElement>'.
  Property 'class' does not exist on type 'DetailedHTMLProps<HTMLAttributes<HTMLSpanElement>, HTMLSpanElement>'. Did you mean 'className'?
src/pages/Dashboard.tsx(102,20): error TS2322: Type '{ children: Element[]; class: string; }' is not assignable to type 'DetailedHTMLProps<HTMLAttributes<HTMLDivElement>, HTMLDivElement>'.
  Property 'class' does not exist on type 'DetailedHTMLProps<HTMLAttributes<HTMLDivElement>, HTMLDivElement>'. Did you mean 'className'?
src/pages/Dashboard.tsx(103,21): error TS2322: Type '{ children: string; class: string; }' is not assignable to type 'DetailedHTMLProps<HTMLAttributes<HTMLHeadingElement>, HTMLHeadingElement>'.
  Property 'class' does not exist on type 'DetailedHTMLProps<HTMLAttributes<HTMLHeadingElement>, HTMLHeadingElement>'. Did you mean 'className'?
src/pages/Dashboard.tsx(106,20): error TS2322: Type '{ children: string; class: string; }' is not assignable to type 'DetailedHTMLProps<HTMLAttributes<HTMLParagraphElement>, HTMLParagraphElement>'.
  Property 'class' does not exist on type 'DetailedHTMLProps<HTMLAttributes<HTMLParagraphElement>, HTMLParagraphElement>'. Did you mean 'className'?
src/pages/Dashboard.tsx(110,20): error TS2322: Type '{ children: Element[]; class: string; }' is not assignable to type 'DetailedHTMLProps<HTMLAttributes<HTMLDivElement>, HTMLDivElement>'.
  Property 'class' does not exist on type 'DetailedHTMLProps<HTMLAttributes<HTMLDivElement>, HTMLDivElement>'. Did you mean 'className'?
src/pages/Dashboard.tsx(111,22): error TS2322: Type '{ children: Element[]; class: string; }' is not assignable to type 'DetailedHTMLProps<HTMLAttributes<HTMLDivElement>, HTMLDivElement>'.
  Property 'class' does not exist on type 'DetailedHTMLProps<HTMLAttributes<HTMLDivElement>, HTMLDivElement>'. Did you mean 'className'?
src/pages/Dashboard.tsx(112,25): error TS2322: Type '{ children: string; class: string; }' is not assignable to type 'DetailedHTMLProps<HTMLAttributes<HTMLSpanElement>, HTMLSpanElement>'.
  Property 'class' does not exist on type 'DetailedHTMLProps<HTMLAttributes<HTMLSpanElement>, HTMLSpanElement>'. Did you mean 'className'?
src/pages/Dashboard.tsx(115,22): error TS2322: Type '{ children: Element[]; class: string; }' is not assignable to type 'DetailedHTMLProps<HTMLAttributes<HTMLDivElement>, HTMLDivElement>'.
  Property 'class' does not exist on type 'DetailedHTMLProps<HTMLAttributes<HTMLDivElement>, HTMLDivElement>'. Did you mean 'className'?
src/pages/Dashboard.tsx(116,25): error TS2322: Type '{ children: string; class: string; }' is not assignable to type 'DetailedHTMLProps<HTMLAttributes<HTMLSpanElement>, HTMLSpanElement>'.
  Property 'class' does not exist on type 'DetailedHTMLProps<HTMLAttributes<HTMLSpanElement>, HTMLSpanElement>'. Did you mean 'className'?
src/pages/Dashboard.tsx(120,20): error TS2322: Type '{ children: Element; class: string; }' is not assignable to type 'DetailedHTMLProps<HTMLAttributes<HTMLDivElement>, HTMLDivElement>'.
  Property 'class' does not exist on type 'DetailedHTMLProps<HTMLAttributes<HTMLDivElement>, HTMLDivElement>'. Did you mean 'className'?
src/pages/Dashboard.tsx(123,19): error TS2322: Type '{ children: Element[]; href: string; class: string; }' is not assignable to type 'DetailedHTMLProps<AnchorHTMLAttributes<HTMLAnchorElement>, HTMLAnchorElement>'.
  Property 'class' does not exist on type 'DetailedHTMLProps<AnchorHTMLAttributes<HTMLAnchorElement>, HTMLAnchorElement>'. Did you mean 'className'?
src/pages/Dashboard.tsx(126,25): error TS2322: Type '{ children: string; class: string; }' is not assignable to type 'DetailedHTMLProps<HTMLAttributes<HTMLSpanElement>, HTMLSpanElement>'.
  Property 'class' does not exist on type 'DetailedHTMLProps<HTMLAttributes<HTMLSpanElement>, HTMLSpanElement>'. Did you mean 'className'?
src/pages/Dashboard.tsx(130,18): error TS2322: Type '{ class: string; }' is not assignable to type 'DetailedHTMLProps<HTMLAttributes<HTMLDivElement>, HTMLDivElement>'.
  Property 'class' does not exist on type 'DetailedHTMLProps<HTMLAttributes<HTMLDivElement>, HTMLDivElement>'. Did you mean 'className'?
src/pages/Dashboard.tsx(131,18): error TS2322: Type '{ children: Element; class: string; }' is not assignable to type 'DetailedHTMLProps<HTMLAttributes<HTMLDivElement>, HTMLDivElement>'.
  Property 'class' does not exist on type 'DetailedHTMLProps<HTMLAttributes<HTMLDivElement>, HTMLDivElement>'. Did you mean 'className'?
src/pages/Dashboard.tsx(132,21): error TS2322: Type '{ children: string; class: string; }' is not assignable to type 'DetailedHTMLProps<HTMLAttributes<HTMLSpanElement>, HTMLSpanElement>'.
  Property 'class' does not exist on type 'DetailedHTMLProps<HTMLAttributes<HTMLSpanElement>, HTMLSpanElement>'. Did you mean 'className'?
src/pages/Dashboard.tsx(137,16): error TS2322: Type '{ children: Element[]; class: string; }' is not assignable to type 'DetailedHTMLProps<HTMLAttributes<HTMLDivElement>, HTMLDivElement>'.
  Property 'class' does not exist on type 'DetailedHTMLProps<HTMLAttributes<HTMLDivElement>, HTMLDivElement>'. Did you mean 'className'?
src/pages/Dashboard.tsx(138,18): error TS2322: Type '{ children: Element[]; class: string; }' is not assignable to type 'DetailedHTMLProps<HTMLAttributes<HTMLDivElement>, HTMLDivElement>'.
  Property 'class' does not exist on type 'DetailedHTMLProps<HTMLAttributes<HTMLDivElement>, HTMLDivElement>'. Did you mean 'className'?
src/pages/Dashboard.tsx(139,19): error TS2322: Type '{ children: string; class: string; }' is not assignable to type 'DetailedHTMLProps<HTMLAttributes<HTMLHeadingElement>, HTMLHeadingElement>'.
  Property 'class' does not exist on type 'DetailedHTMLProps<HTMLAttributes<HTMLHeadingElement>, HTMLHeadingElement>'. Did you mean 'className'?
src/pages/Dashboard.tsx(140,34): error TS2322: Type '{ children: string; href: string; class: string; }' is not assignable to type 'DetailedHTMLProps<AnchorHTMLAttributes<HTMLAnchorElement>, HTMLAnchorElement>'.
  Property 'class' does not exist on type 'DetailedHTMLProps<AnchorHTMLAttributes<HTMLAnchorElement>, HTMLAnchorElement>'. Did you mean 'className'?
src/pages/Dashboard.tsx(142,18): error TS2322: Type '{ children: Element | Element[]; class: string; }' is not assignable to type 'DetailedHTMLProps<HTMLAttributes<HTMLDivElement>, HTMLDivElement>'.
  Property 'class' does not exist on type 'DetailedHTMLProps<HTMLAttributes<HTMLDivElement>, HTMLDivElement>'. Did you mean 'className'?
src/pages/Dashboard.tsx(145,54): error TS2322: Type '{ children: Element[]; href: string; class: string; }' is not assignable to type 'DetailedHTMLProps<AnchorHTMLAttributes<HTMLAnchorElement>, HTMLAnchorElement>'.
  Property 'class' does not exist on type 'DetailedHTMLProps<AnchorHTMLAttributes<HTMLAnchorElement>, HTMLAnchorElement>'. Did you mean 'className'?
src/pages/Dashboard.tsx(146,26): error TS2322: Type '{ children: Element; class: string; }' is not assignable to type 'DetailedHTMLProps<HTMLAttributes<HTMLDivElement>, HTMLDivElement>'.
  Property 'class' does not exist on type 'DetailedHTMLProps<HTMLAttributes<HTMLDivElement>, HTMLDivElement>'. Did you mean 'className'?
src/pages/Dashboard.tsx(147,29): error TS2322: Type '{ children: string; class: string; }' is not assignable to type 'DetailedHTMLProps<HTMLAttributes<HTMLSpanElement>, HTMLSpanElement>'.
  Property 'class' does not exist on type 'DetailedHTMLProps<HTMLAttributes<HTMLSpanElement>, HTMLSpanElement>'. Did you mean 'className'?
src/pages/Dashboard.tsx(149,26): error TS2322: Type '{ children: Element[]; class: string; }' is not assignable to type 'DetailedHTMLProps<HTMLAttributes<HTMLDivElement>, HTMLDivElement>'.
  Property 'class' does not exist on type 'DetailedHTMLProps<HTMLAttributes<HTMLDivElement>, HTMLDivElement>'. Did you mean 'className'?
src/pages/Dashboard.tsx(150,26): error TS2322: Type '{ children: string; class: string; }' is not assignable to type 'DetailedHTMLProps<HTMLAttributes<HTMLParagraphElement>, HTMLParagraphElement>'.
  Property 'class' does not exist on type 'DetailedHTMLProps<HTMLAttributes<HTMLParagraphElement>, HTMLParagraphElement>'. Did you mean 'className'?
src/pages/Dashboard.tsx(151,26): error TS2322: Type '{ children: string[]; class: string; }' is not assignable to type 'DetailedHTMLProps<HTMLAttributes<HTMLParagraphElement>, HTMLParagraphElement>'.
  Property 'class' does not exist on type 'DetailedHTMLProps<HTMLAttributes<HTMLParagraphElement>, HTMLParagraphElement>'. Did you mean 'className'?
src/pages/Dashboard.tsx(156,22): error TS2322: Type '{ children: string; class: string; }' is not assignable to type 'DetailedHTMLProps<HTMLAttributes<HTMLDivElement>, HTMLDivElement>'.
  Property 'class' does not exist on type 'DetailedHTMLProps<HTMLAttributes<HTMLDivElement>, HTMLDivElement>'. Did you mean 'className'?
src/pages/Dashboard.tsx(165,14): error TS2322: Type '{ children: Element[]; class: string; }' is not assignable to type 'DetailedHTMLProps<HTMLAttributes<HTMLDivElement>, HTMLDivElement>'.
  Property 'class' does not exist on type 'DetailedHTMLProps<HTMLAttributes<HTMLDivElement>, HTMLDivElement>'. Did you mean 'className'?
src/pages/Dashboard.tsx(167,16): error TS2322: Type '{ children: Element[]; class: string; }' is not assignable to type 'DetailedHTMLProps<HTMLAttributes<HTMLDivElement>, HTMLDivElement>'.
  Property 'class' does not exist on type 'DetailedHTMLProps<HTMLAttributes<HTMLDivElement>, HTMLDivElement>'. Did you mean 'className'?
src/pages/Dashboard.tsx(168,18): error TS2322: Type '{ children: Element[]; class: string; }' is not assignable to type 'DetailedHTMLProps<HTMLAttributes<HTMLDivElement>, HTMLDivElement>'.
  Property 'class' does not exist on type 'DetailedHTMLProps<HTMLAttributes<HTMLDivElement>, HTMLDivElement>'. Did you mean 'className'?
src/pages/Dashboard.tsx(169,20): error TS2322: Type '{ children: Element; class: string; }' is not assignable to type 'DetailedHTMLProps<HTMLAttributes<HTMLDivElement>, HTMLDivElement>'.
  Property 'class' does not exist on type 'DetailedHTMLProps<HTMLAttributes<HTMLDivElement>, HTMLDivElement>'. Did you mean 'className'?
src/pages/Dashboard.tsx(170,23): error TS2322: Type '{ children: string; class: string; }' is not assignable to type 'DetailedHTMLProps<HTMLAttributes<HTMLSpanElement>, HTMLSpanElement>'.
  Property 'class' does not exist on type 'DetailedHTMLProps<HTMLAttributes<HTMLSpanElement>, HTMLSpanElement>'. Did you mean 'className'?
src/pages/Dashboard.tsx(173,21): error TS2322: Type '{ children: string; class: string; }' is not assignable to type 'DetailedHTMLProps<HTMLAttributes<HTMLHeadingElement>, HTMLHeadingElement>'.
  Property 'class' does not exist on type 'DetailedHTMLProps<HTMLAttributes<HTMLHeadingElement>, HTMLHeadingElement>'. Did you mean 'className'?
src/pages/Dashboard.tsx(174,20): error TS2322: Type '{ children: string; class: string; }' is not assignable to type 'DetailedHTMLProps<HTMLAttributes<HTMLParagraphElement>, HTMLParagraphElement>'.
  Property 'class' does not exist on type 'DetailedHTMLProps<HTMLAttributes<HTMLParagraphElement>, HTMLParagraphElement>'. Did you mean 'className'?
src/pages/Dashboard.tsx(177,16): error TS2322: Type '{ children: string; class: string; }' is not assignable to type 'DetailedHTMLProps<HTMLAttributes<HTMLParagraphElement>, HTMLParagraphElement>'.
  Property 'class' does not exist on type 'DetailedHTMLProps<HTMLAttributes<HTMLParagraphElement>, HTMLParagraphElement>'. Did you mean 'className'?
src/pages/Dashboard.tsx(180,32): error TS2322: Type '{ children: string; href: string; class: string; }' is not assignable to type 'DetailedHTMLProps<AnchorHTMLAttributes<HTMLAnchorElement>, HTMLAnchorElement>'.
  Property 'class' does not exist on type 'DetailedHTMLProps<AnchorHTMLAttributes<HTMLAnchorElement>, HTMLAnchorElement>'. Did you mean 'className'?
src/pages/Dashboard.tsx(183,18): error TS2322: Type '{ class: string; }' is not assignable to type 'DetailedHTMLProps<HTMLAttributes<HTMLDivElement>, HTMLDivElement>'.
  Property 'class' does not exist on type 'DetailedHTMLProps<HTMLAttributes<HTMLDivElement>, HTMLDivElement>'. Did you mean 'className'?
src/pages/Dashboard.tsx(187,16): error TS2322: Type '{ children: Element[]; class: string; }' is not assignable to type 'DetailedHTMLProps<HTMLAttributes<HTMLDivElement>, HTMLDivElement>'.
  Property 'class' does not exist on type 'DetailedHTMLProps<HTMLAttributes<HTMLDivElement>, HTMLDivElement>'. Did you mean 'className'?
src/pages/Dashboard.tsx(188,18): error TS2322: Type '{ children: Element[]; class: string; }' is not assignable to type 'DetailedHTMLProps<HTMLAttributes<HTMLDivElement>, HTMLDivElement>'.
  Property 'class' does not exist on type 'DetailedHTMLProps<HTMLAttributes<HTMLDivElement>, HTMLDivElement>'. Did you mean 'className'?
src/pages/Dashboard.tsx(189,19): error TS2322: Type '{ children: (string | Element)[]; class: string; }' is not assignable to type 'DetailedHTMLProps<HTMLAttributes<HTMLHeadingElement>, HTMLHeadingElement>'.
  Property 'class' does not exist on type 'DetailedHTMLProps<HTMLAttributes<HTMLHeadingElement>, HTMLHeadingElement>'. Did you mean 'className'?
src/pages/Dashboard.tsx(190,23): error TS2322: Type '{ children: string; class: string; }' is not assignable to type 'DetailedHTMLProps<HTMLAttributes<HTMLSpanElement>, HTMLSpanElement>'.
  Property 'class' does not exist on type 'DetailedHTMLProps<HTMLAttributes<HTMLSpanElement>, HTMLSpanElement>'. Did you mean 'className'?
src/pages/Dashboard.tsx(193,21): error TS2322: Type '{ children: string; class: string; }' is not assignable to type 'DetailedHTMLProps<HTMLAttributes<HTMLSpanElement>, HTMLSpanElement>'.
  Property 'class' does not exist on type 'DetailedHTMLProps<HTMLAttributes<HTMLSpanElement>, HTMLSpanElement>'. Did you mean 'className'?
src/pages/Dashboard.tsx(195,18): error TS2322: Type '{ children: string; class: string; }' is not assignable to type 'DetailedHTMLProps<HTMLAttributes<HTMLDivElement>, HTMLDivElement>'.
  Property 'class' does not exist on type 'DetailedHTMLProps<HTMLAttributes<HTMLDivElement>, HTMLDivElement>'. Did you mean 'className'?
src/pages/Dashboard.tsx(198,18): error TS2322: Type '{ children: Element; class: string; }' is not assignable to type 'DetailedHTMLProps<HTMLAttributes<HTMLDivElement>, HTMLDivElement>'.
  Property 'class' does not exist on type 'DetailedHTMLProps<HTMLAttributes<HTMLDivElement>, HTMLDivElement>'. Did you mean 'className'?
src/pages/Dashboard.tsx(199,61): error TS2322: Type '{ children: Element[]; method: string; action: string; class: string; }' is not assignable to type 'DetailedHTMLProps<FormHTMLAttributes<HTMLFormElement>, HTMLFormElement>'.
  Property 'class' does not exist on type 'DetailedHTMLProps<FormHTMLAttributes<HTMLFormElement>, HTMLFormElement>'. Did you mean 'className'?
src/pages/Dashboard.tsx(202,19): error TS2322: Type '{ name: string; class: string; placeholder: string; required: true; }' is not assignable to type 'DetailedHTMLProps<TextareaHTMLAttributes<HTMLTextAreaElement>, HTMLTextAreaElement>'.
  Property 'class' does not exist on type 'DetailedHTMLProps<TextareaHTMLAttributes<HTMLTextAreaElement>, HTMLTextAreaElement>'. Did you mean 'className'?
src/pages/Dashboard.tsx(206,39): error TS2322: Type '{ children: Element[]; type: "submit"; class: string; }' is not assignable to type 'DetailedHTMLProps<ButtonHTMLAttributes<HTMLButtonElement>, HTMLButtonElement>'.
  Property 'class' does not exist on type 'DetailedHTMLProps<ButtonHTMLAttributes<HTMLButtonElement>, HTMLButtonElement>'. Did you mean 'className'?
src/pages/Dashboard.tsx(208,25): error TS2322: Type '{ children: string; class: string; }' is not assignable to type 'DetailedHTMLProps<HTMLAttributes<HTMLSpanElement>, HTMLSpanElement>'.
  Property 'class' does not exist on type 'DetailedHTMLProps<HTMLAttributes<HTMLSpanElement>, HTMLSpanElement>'. Did you mean 'className'?
src/pages/Dashboard.tsx(215,16): error TS2322: Type '{ children: Element[]; class: string; }' is not assignable to type 'DetailedHTMLProps<HTMLAttributes<HTMLDivElement>, HTMLDivElement>'.
  Property 'class' does not exist on type 'DetailedHTMLProps<HTMLAttributes<HTMLDivElement>, HTMLDivElement>'. Did you mean 'className'?
src/pages/Dashboard.tsx(216,16): error TS2322: Type '{ children: string; class: string; }' is not assignable to type 'DetailedHTMLProps<HTMLAttributes<HTMLParagraphElement>, HTMLParagraphElement>'.
  Property 'class' does not exist on type 'DetailedHTMLProps<HTMLAttributes<HTMLParagraphElement>, HTMLParagraphElement>'. Did you mean 'className'?
src/pages/Dashboard.tsx(217,18): error TS2322: Type '{ children: Element[]; class: string; }' is not assignable to type 'DetailedHTMLProps<HTMLAttributes<HTMLDivElement>, HTMLDivElement>'.
  Property 'class' does not exist on type 'DetailedHTMLProps<HTMLAttributes<HTMLDivElement>, HTMLDivElement>'. Did you mean 'className'?
src/pages/Dashboard.tsx(220,17): error TS2559: Type 'string' has no properties in common with type 'Properties<string | number, string & {}>'.
src/pages/Dashboard.tsx(223,20): error TS2322: Type '{ children: string; class: string; }' is not assignable to type 'DetailedHTMLProps<HTMLAttributes<HTMLParagraphElement>, HTMLParagraphElement>'.
  Property 'class' does not exist on type 'DetailedHTMLProps<HTMLAttributes<HTMLParagraphElement>, HTMLParagraphElement>'. Did you mean 'className'?
src/pages/Dashboard.tsx(224,20): error TS2322: Type '{ children: string; class: string; }' is not assignable to type 'DetailedHTMLProps<HTMLAttributes<HTMLParagraphElement>, HTMLParagraphElement>'.
  Property 'class' does not exist on type 'DetailedHTMLProps<HTMLAttributes<HTMLParagraphElement>, HTMLParagraphElement>'. Did you mean 'className'?
src/pages/Dashboard.tsx(227,35): error TS2322: Type '{ children: string; href: string; class: string; }' is not assignable to type 'DetailedHTMLProps<AnchorHTMLAttributes<HTMLAnchorElement>, HTMLAnchorElement>'.
  Property 'class' does not exist on type 'DetailedHTMLProps<AnchorHTMLAttributes<HTMLAnchorElement>, HTMLAnchorElement>'. Did you mean 'className'?
src/pages/Dashboard.tsx(233,16): error TS2322: Type '{ children: Element[]; class: string; }' is not assignable to type 'DetailedHTMLProps<HTMLAttributes<HTMLDivElement>, HTMLDivElement>'.
  Property 'class' does not exist on type 'DetailedHTMLProps<HTMLAttributes<HTMLDivElement>, HTMLDivElement>'. Did you mean 'className'?
src/pages/Dashboard.tsx(234,17): error TS2322: Type '{ children: (string | Element)[]; class: string; }' is not assignable to type 'DetailedHTMLProps<HTMLAttributes<HTMLHeadingElement>, HTMLHeadingElement>'.
  Property 'class' does not exist on type 'DetailedHTMLProps<HTMLAttributes<HTMLHeadingElement>, HTMLHeadingElement>'. Did you mean 'className'?
src/pages/Dashboard.tsx(235,21): error TS2322: Type '{ children: string; class: string; }' is not assignable to type 'DetailedHTMLProps<HTMLAttributes<HTMLSpanElement>, HTMLSpanElement>'.
  Property 'class' does not exist on type 'DetailedHTMLProps<HTMLAttributes<HTMLSpanElement>, HTMLSpanElement>'. Did you mean 'className'?
src/pages/Dashboard.tsx(238,18): error TS2322: Type '{ children: Element[]; class: string; }' is not assignable to type 'DetailedHTMLProps<HTMLAttributes<HTMLDivElement>, HTMLDivElement>'.
  Property 'class' does not exist on type 'DetailedHTMLProps<HTMLAttributes<HTMLDivElement>, HTMLDivElement>'. Did you mean 'className'?
src/pages/Dashboard.tsx(239,20): error TS2322: Type '{ children: Element[]; class: string; }' is not assignable to type 'DetailedHTMLProps<HTMLAttributes<HTMLDivElement>, HTMLDivElement>'.
  Property 'class' does not exist on type 'DetailedHTMLProps<HTMLAttributes<HTMLDivElement>, HTMLDivElement>'. Did you mean 'className'?
src/pages/Dashboard.tsx(240,23): error TS2322: Type '{ children: string; class: string; }' is not assignable to type 'DetailedHTMLProps<HTMLAttributes<HTMLSpanElement>, HTMLSpanElement>'.
  Property 'class' does not exist on type 'DetailedHTMLProps<HTMLAttributes<HTMLSpanElement>, HTMLSpanElement>'. Did you mean 'className'?
src/pages/Dashboard.tsx(241,23): error TS2322: Type '{ children: (string | number)[]; class: string; }' is not assignable to type 'DetailedHTMLProps<HTMLAttributes<HTMLSpanElement>, HTMLSpanElement>'.
  Property 'class' does not exist on type 'DetailedHTMLProps<HTMLAttributes<HTMLSpanElement>, HTMLSpanElement>'. Did you mean 'className'?
src/pages/Dashboard.tsx(243,20): error TS2322: Type '{ children: Element[]; class: string; }' is not assignable to type 'DetailedHTMLProps<HTMLAttributes<HTMLDivElement>, HTMLDivElement>'.
  Property 'class' does not exist on type 'DetailedHTMLProps<HTMLAttributes<HTMLDivElement>, HTMLDivElement>'. Did you mean 'className'?
src/pages/Dashboard.tsx(244,23): error TS2322: Type '{ children: string; class: string; }' is not assignable to type 'DetailedHTMLProps<HTMLAttributes<HTMLSpanElement>, HTMLSpanElement>'.
  Property 'class' does not exist on type 'DetailedHTMLProps<HTMLAttributes<HTMLSpanElement>, HTMLSpanElement>'. Did you mean 'className'?
src/pages/Dashboard.tsx(245,23): error TS2322: Type '{ children: (string | number)[]; class: string; }' is not assignable to type 'DetailedHTMLProps<HTMLAttributes<HTMLSpanElement>, HTMLSpanElement>'.
  Property 'class' does not exist on type 'DetailedHTMLProps<HTMLAttributes<HTMLSpanElement>, HTMLSpanElement>'. Did you mean 'className'?
src/pages/Dashboard.tsx(247,20): error TS2322: Type '{ children: Element[]; class: string; }' is not assignable to type 'DetailedHTMLProps<HTMLAttributes<HTMLDivElement>, HTMLDivElement>'.
  Property 'class' does not exist on type 'DetailedHTMLProps<HTMLAttributes<HTMLDivElement>, HTMLDivElement>'. Did you mean 'className'?
src/pages/Dashboard.tsx(248,23): error TS2322: Type '{ children: string; class: string; }' is not assignable to type 'DetailedHTMLProps<HTMLAttributes<HTMLSpanElement>, HTMLSpanElement>'.
  Property 'class' does not exist on type 'DetailedHTMLProps<HTMLAttributes<HTMLSpanElement>, HTMLSpanElement>'. Did you mean 'className'?
src/pages/Dashboard.tsx(249,23): error TS2322: Type '{ children: number; class: string; }' is not assignable to type 'DetailedHTMLProps<HTMLAttributes<HTMLSpanElement>, HTMLSpanElement>'.
  Property 'class' does not exist on type 'DetailedHTMLProps<HTMLAttributes<HTMLSpanElement>, HTMLSpanElement>'. Did you mean 'className'?
src/pages/Dashboard.tsx(257,15): error TS2322: Type '{ children: Element[]; class: string; }' is not assignable to type 'DetailedHTMLProps<HTMLAttributes<HTMLElement>, HTMLElement>'.
  Property 'class' does not exist on type 'DetailedHTMLProps<HTMLAttributes<HTMLElement>, HTMLElement>'. Did you mean 'className'?
src/pages/Dashboard.tsx(258,21): error TS2322: Type '{ children: Element; href: string; class: string; }' is not assignable to type 'DetailedHTMLProps<AnchorHTMLAttributes<HTMLAnchorElement>, HTMLAnchorElement>'.
  Property 'class' does not exist on type 'DetailedHTMLProps<AnchorHTMLAttributes<HTMLAnchorElement>, HTMLAnchorElement>'. Did you mean 'className'?
src/pages/Dashboard.tsx(259,17): error TS2322: Type '{ children: string; class: string; }' is not assignable to type 'DetailedHTMLProps<HTMLAttributes<HTMLSpanElement>, HTMLSpanElement>'.
  Property 'class' does not exist on type 'DetailedHTMLProps<HTMLAttributes<HTMLSpanElement>, HTMLSpanElement>'. Did you mean 'className'?
src/pages/Dashboard.tsx(261,28): error TS2322: Type '{ children: Element; href: string; class: string; }' is not assignable to type 'DetailedHTMLProps<AnchorHTMLAttributes<HTMLAnchorElement>, HTMLAnchorElement>'.
  Property 'class' does not exist on type 'DetailedHTMLProps<AnchorHTMLAttributes<HTMLAnchorElement>, HTMLAnchorElement>'. Did you mean 'className'?
src/pages/Dashboard.tsx(262,17): error TS2322: Type '{ children: string; class: string; }' is not assignable to type 'DetailedHTMLProps<HTMLAttributes<HTMLSpanElement>, HTMLSpanElement>'.
  Property 'class' does not exist on type 'DetailedHTMLProps<HTMLAttributes<HTMLSpanElement>, HTMLSpanElement>'. Did you mean 'className'?
src/pages/Dashboard.tsx(264,28): error TS2322: Type '{ children: Element; href: string; class: string; }' is not assignable to type 'DetailedHTMLProps<AnchorHTMLAttributes<HTMLAnchorElement>, HTMLAnchorElement>'.
  Property 'class' does not exist on type 'DetailedHTMLProps<AnchorHTMLAttributes<HTMLAnchorElement>, HTMLAnchorElement>'. Did you mean 'className'?
src/pages/Dashboard.tsx(265,17): error TS2322: Type '{ children: string; class: string; }' is not assignable to type 'DetailedHTMLProps<HTMLAttributes<HTMLSpanElement>, HTMLSpanElement>'.
  Property 'class' does not exist on type 'DetailedHTMLProps<HTMLAttributes<HTMLSpanElement>, HTMLSpanElement>'. Did you mean 'className'?
src/pages/Dashboard.tsx(267,28): error TS2322: Type '{ children: Element; href: string; class: string; }' is not assignable to type 'DetailedHTMLProps<AnchorHTMLAttributes<HTMLAnchorElement>, HTMLAnchorElement>'.
  Property 'class' does not exist on type 'DetailedHTMLProps<AnchorHTMLAttributes<HTMLAnchorElement>, HTMLAnchorElement>'. Did you mean 'className'?
src/pages/Dashboard.tsx(268,17): error TS2322: Type '{ children: string; class: string; }' is not assignable to type 'DetailedHTMLProps<HTMLAttributes<HTMLSpanElement>, HTMLSpanElement>'.
  Property 'class' does not exist on type 'DetailedHTMLProps<HTMLAttributes<HTMLSpanElement>, HTMLSpanElement>'. Did you mean 'className'?
src/pages/Library.tsx(25,14): error TS2322: Type '({ formations, stats }: LibraryProps) => Element' is not assignable to type 'FC<LibraryProps>'.
  Type 'Element' is not assignable to type 'HtmlEscapedString | Promise<HtmlEscapedString> | null'.
src/pages/Library.tsx(37,10): error TS2322: Type '{ children: Element[]; class: string; }' is not assignable to type 'DetailedHTMLProps<HTMLAttributes<HTMLDivElement>, HTMLDivElement>'.
  Property 'class' does not exist on type 'DetailedHTMLProps<HTMLAttributes<HTMLDivElement>, HTMLDivElement>'. Did you mean 'className'?
src/pages/Library.tsx(40,13): error TS2322: Type '{ children: (false | Element)[]; class: string; }' is not assignable to type 'DetailedHTMLProps<HTMLAttributes<HTMLElement>, HTMLElement>'.
  Property 'class' does not exist on type 'DetailedHTMLProps<HTMLAttributes<HTMLElement>, HTMLElement>'. Did you mean 'className'?
src/pages/Library.tsx(42,14): error TS2322: Type '{ children: Element[]; class: string; }' is not assignable to type 'DetailedHTMLProps<HTMLAttributes<HTMLDivElement>, HTMLDivElement>'.
  Property 'class' does not exist on type 'DetailedHTMLProps<HTMLAttributes<HTMLDivElement>, HTMLDivElement>'. Did you mean 'className'?
src/pages/Library.tsx(44,17): error TS2322: Type '{ children: string; class: string; }' is not assignable to type 'DetailedHTMLProps<HTMLAttributes<HTMLHeadingElement>, HTMLHeadingElement>'.
  Property 'class' does not exist on type 'DetailedHTMLProps<HTMLAttributes<HTMLHeadingElement>, HTMLHeadingElement>'. Did you mean 'className'?
src/pages/Library.tsx(47,16): error TS2322: Type '{ children: string; class: string; }' is not assignable to type 'DetailedHTMLProps<HTMLAttributes<HTMLParagraphElement>, HTMLParagraphElement>'.
  Property 'class' does not exist on type 'DetailedHTMLProps<HTMLAttributes<HTMLParagraphElement>, HTMLParagraphElement>'. Did you mean 'className'?
src/pages/Library.tsx(51,16): error TS2322: Type '{ children: Element[]; class: string; }' is not assignable to type 'DetailedHTMLProps<HTMLAttributes<HTMLDivElement>, HTMLDivElement>'.
  Property 'class' does not exist on type 'DetailedHTMLProps<HTMLAttributes<HTMLDivElement>, HTMLDivElement>'. Did you mean 'className'?
src/pages/Library.tsx(52,18): error TS2322: Type '{ children: Element[]; class: string; }' is not assignable to type 'DetailedHTMLProps<HTMLAttributes<HTMLDivElement>, HTMLDivElement>'.
  Property 'class' does not exist on type 'DetailedHTMLProps<HTMLAttributes<HTMLDivElement>, HTMLDivElement>'. Did you mean 'className'?
src/pages/Library.tsx(53,21): error TS2322: Type '{ children: string; class: string; }' is not assignable to type 'DetailedHTMLProps<HTMLAttributes<HTMLSpanElement>, HTMLSpanElement>'.
  Property 'class' does not exist on type 'DetailedHTMLProps<HTMLAttributes<HTMLSpanElement>, HTMLSpanElement>'. Did you mean 'className'?
src/pages/Library.tsx(57,17): error TS2322: Type '{ type: "text"; placeholder: string; class: string; id: string; }' is not assignable to type 'DetailedHTMLProps<InputHTMLAttributes<HTMLInputElement>, HTMLInputElement>'.
  Property 'class' does not exist on type 'DetailedHTMLProps<InputHTMLAttributes<HTMLInputElement>, HTMLInputElement>'. Did you mean 'className'?
src/pages/Library.tsx(61,21): error TS2322: Type '{ children: (string | Element)[]; class: string; }' is not assignable to type 'DetailedHTMLProps<ButtonHTMLAttributes<HTMLButtonElement>, HTMLButtonElement>'.
  Property 'class' does not exist on type 'DetailedHTMLProps<ButtonHTMLAttributes<HTMLButtonElement>, HTMLButtonElement>'. Did you mean 'className'?
src/pages/Library.tsx(62,21): error TS2322: Type '{ children: string; class: string; }' is not assignable to type 'DetailedHTMLProps<HTMLAttributes<HTMLSpanElement>, HTMLSpanElement>'.
  Property 'class' does not exist on type 'DetailedHTMLProps<HTMLAttributes<HTMLSpanElement>, HTMLSpanElement>'. Did you mean 'className'?
src/pages/Library.tsx(69,14): error TS2322: Type '{ children: Element[]; class: string; }' is not assignable to type 'DetailedHTMLProps<HTMLAttributes<HTMLDivElement>, HTMLDivElement>'.
  Property 'class' does not exist on type 'DetailedHTMLProps<HTMLAttributes<HTMLDivElement>, HTMLDivElement>'. Did you mean 'className'?
src/pages/Library.tsx(72,15): error TS2322: Type '{ children: (string | number)[]; class: string; }' is not assignable to type 'DetailedHTMLProps<ButtonHTMLAttributes<HTMLButtonElement>, HTMLButtonElement>'.
  Property 'class' does not exist on type 'DetailedHTMLProps<ButtonHTMLAttributes<HTMLButtonElement>, HTMLButtonElement>'. Did you mean 'className'?
src/pages/Library.tsx(83,14): error TS2322: Type '{ children: Element[]; class: string; }' is not assignable to type 'DetailedHTMLProps<HTMLAttributes<HTMLDivElement>, HTMLDivElement>'.
  Property 'class' does not exist on type 'DetailedHTMLProps<HTMLAttributes<HTMLDivElement>, HTMLDivElement>'. Did you mean 'className'?
src/pages/Library.tsx(84,16): error TS2322: Type '{ children: Element; class: string; }' is not assignable to type 'DetailedHTMLProps<HTMLAttributes<HTMLDivElement>, HTMLDivElement>'.
  Property 'class' does not exist on type 'DetailedHTMLProps<HTMLAttributes<HTMLDivElement>, HTMLDivElement>'. Did you mean 'className'?
src/pages/Library.tsx(85,18): error TS2322: Type '{ children: Element[]; class: string; }' is not assignable to type 'DetailedHTMLProps<HTMLAttributes<HTMLDivElement>, HTMLDivElement>'.
  Property 'class' does not exist on type 'DetailedHTMLProps<HTMLAttributes<HTMLDivElement>, HTMLDivElement>'. Did you mean 'className'?
src/pages/Library.tsx(86,20): error TS2322: Type '{ children: Element; class: string; }' is not assignable to type 'DetailedHTMLProps<HTMLAttributes<HTMLDivElement>, HTMLDivElement>'.
  Property 'class' does not exist on type 'DetailedHTMLProps<HTMLAttributes<HTMLDivElement>, HTMLDivElement>'. Did you mean 'className'?
src/pages/Library.tsx(87,23): error TS2322: Type '{ children: string; class: string; }' is not assignable to type 'DetailedHTMLProps<HTMLAttributes<HTMLSpanElement>, HTMLSpanElement>'.
  Property 'class' does not exist on type 'DetailedHTMLProps<HTMLAttributes<HTMLSpanElement>, HTMLSpanElement>'. Did you mean 'className'?
src/pages/Library.tsx(90,20): error TS2322: Type '{ children: number; class: string; }' is not assignable to type 'DetailedHTMLProps<HTMLAttributes<HTMLParagraphElement>, HTMLParagraphElement>'.
  Property 'class' does not exist on type 'DetailedHTMLProps<HTMLAttributes<HTMLParagraphElement>, HTMLParagraphElement>'. Did you mean 'className'?
src/pages/Library.tsx(91,20): error TS2322: Type '{ children: string; class: string; }' is not assignable to type 'DetailedHTMLProps<HTMLAttributes<HTMLParagraphElement>, HTMLParagraphElement>'.
  Property 'class' does not exist on type 'DetailedHTMLProps<HTMLAttributes<HTMLParagraphElement>, HTMLParagraphElement>'. Did you mean 'className'?
src/pages/Library.tsx(95,16): error TS2322: Type '{ children: Element; class: string; }' is not assignable to type 'DetailedHTMLProps<HTMLAttributes<HTMLDivElement>, HTMLDivElement>'.
  Property 'class' does not exist on type 'DetailedHTMLProps<HTMLAttributes<HTMLDivElement>, HTMLDivElement>'. Did you mean 'className'?
src/pages/Library.tsx(96,18): error TS2322: Type '{ children: Element[]; class: string; }' is not assignable to type 'DetailedHTMLProps<HTMLAttributes<HTMLDivElement>, HTMLDivElement>'.
  Property 'class' does not exist on type 'DetailedHTMLProps<HTMLAttributes<HTMLDivElement>, HTMLDivElement>'. Did you mean 'className'?
src/pages/Library.tsx(97,20): error TS2322: Type '{ children: Element; class: string; }' is not assignable to type 'DetailedHTMLProps<HTMLAttributes<HTMLDivElement>, HTMLDivElement>'.
  Property 'class' does not exist on type 'DetailedHTMLProps<HTMLAttributes<HTMLDivElement>, HTMLDivElement>'. Did you mean 'className'?
src/pages/Library.tsx(98,23): error TS2322: Type '{ children: string; class: string; }' is not assignable to type 'DetailedHTMLProps<HTMLAttributes<HTMLSpanElement>, HTMLSpanElement>'.
  Property 'class' does not exist on type 'DetailedHTMLProps<HTMLAttributes<HTMLSpanElement>, HTMLSpanElement>'. Did you mean 'className'?
src/pages/Library.tsx(101,20): error TS2322: Type '{ children: number; class: string; }' is not assignable to type 'DetailedHTMLProps<HTMLAttributes<HTMLParagraphElement>, HTMLParagraphElement>'.
  Property 'class' does not exist on type 'DetailedHTMLProps<HTMLAttributes<HTMLParagraphElement>, HTMLParagraphElement>'. Did you mean 'className'?
src/pages/Library.tsx(102,20): error TS2322: Type '{ children: string; class: string; }' is not assignable to type 'DetailedHTMLProps<HTMLAttributes<HTMLParagraphElement>, HTMLParagraphElement>'.
  Property 'class' does not exist on type 'DetailedHTMLProps<HTMLAttributes<HTMLParagraphElement>, HTMLParagraphElement>'. Did you mean 'className'?
src/pages/Library.tsx(106,16): error TS2322: Type '{ children: Element; class: string; }' is not assignable to type 'DetailedHTMLProps<HTMLAttributes<HTMLDivElement>, HTMLDivElement>'.
  Property 'class' does not exist on type 'DetailedHTMLProps<HTMLAttributes<HTMLDivElement>, HTMLDivElement>'. Did you mean 'className'?
src/pages/Library.tsx(107,18): error TS2322: Type '{ children: Element[]; class: string; }' is not assignable to type 'DetailedHTMLProps<HTMLAttributes<HTMLDivElement>, HTMLDivElement>'.
  Property 'class' does not exist on type 'DetailedHTMLProps<HTMLAttributes<HTMLDivElement>, HTMLDivElement>'. Did you mean 'className'?
src/pages/Library.tsx(108,20): error TS2322: Type '{ children: Element; class: string; }' is not assignable to type 'DetailedHTMLProps<HTMLAttributes<HTMLDivElement>, HTMLDivElement>'.
  Property 'class' does not exist on type 'DetailedHTMLProps<HTMLAttributes<HTMLDivElement>, HTMLDivElement>'. Did you mean 'className'?
src/pages/Library.tsx(109,23): error TS2322: Type '{ children: string; class: string; }' is not assignable to type 'DetailedHTMLProps<HTMLAttributes<HTMLSpanElement>, HTMLSpanElement>'.
  Property 'class' does not exist on type 'DetailedHTMLProps<HTMLAttributes<HTMLSpanElement>, HTMLSpanElement>'. Did you mean 'className'?
src/pages/Library.tsx(112,20): error TS2322: Type '{ children: number; class: string; }' is not assignable to type 'DetailedHTMLProps<HTMLAttributes<HTMLParagraphElement>, HTMLParagraphElement>'.
  Property 'class' does not exist on type 'DetailedHTMLProps<HTMLAttributes<HTMLParagraphElement>, HTMLParagraphElement>'. Did you mean 'className'?
src/pages/Library.tsx(113,20): error TS2322: Type '{ children: string; class: string; }' is not assignable to type 'DetailedHTMLProps<HTMLAttributes<HTMLParagraphElement>, HTMLParagraphElement>'.
  Property 'class' does not exist on type 'DetailedHTMLProps<HTMLAttributes<HTMLParagraphElement>, HTMLParagraphElement>'. Did you mean 'className'?
src/pages/Library.tsx(120,14): error TS2322: Type '{ children: Element[]; class: string; id: string; }' is not assignable to type 'DetailedHTMLProps<HTMLAttributes<HTMLDivElement>, HTMLDivElement>'.
  Property 'class' does not exist on type 'DetailedHTMLProps<HTMLAttributes<HTMLDivElement>, HTMLDivElement>'. Did you mean 'className'?
src/pages/Library.tsx(124,15): error TS2322: Type '{ children: Element[]; href: string; class: string; onclick: string; }' is not assignable to type 'DetailedHTMLProps<AnchorHTMLAttributes<HTMLAnchorElement>, HTMLAnchorElement>'.
  Property 'class' does not exist on type 'DetailedHTMLProps<AnchorHTMLAttributes<HTMLAnchorElement>, HTMLAnchorElement>'. Did you mean 'className'?
src/pages/Library.tsx(128,20): error TS2322: Type '{ children: Element[]; class: string; }' is not assignable to type 'DetailedHTMLProps<HTMLAttributes<HTMLDivElement>, HTMLDivElement>'.
  Property 'class' does not exist on type 'DetailedHTMLProps<HTMLAttributes<HTMLDivElement>, HTMLDivElement>'. Did you mean 'className'?
src/pages/Library.tsx(131,19): error TS2559: Type 'string' has no properties in common with type 'Properties<string | number, string & {}>'.
src/pages/Library.tsx(133,22): error TS2322: Type '{ class: string; }' is not assignable to type 'DetailedHTMLProps<HTMLAttributes<HTMLDivElement>, HTMLDivElement>'.
  Property 'class' does not exist on type 'DetailedHTMLProps<HTMLAttributes<HTMLDivElement>, HTMLDivElement>'. Did you mean 'className'?
src/pages/Library.tsx(136,22): error TS2322: Type '{ children: (false | Element)[]; class: string; }' is not assignable to type 'DetailedHTMLProps<HTMLAttributes<HTMLDivElement>, HTMLDivElement>'.
  Property 'class' does not exist on type 'DetailedHTMLProps<HTMLAttributes<HTMLDivElement>, HTMLDivElement>'. Did you mean 'className'?
src/pages/Library.tsx(138,27): error TS2322: Type '{ children: (string | Element)[]; class: string; }' is not assignable to type 'DetailedHTMLProps<HTMLAttributes<HTMLSpanElement>, HTMLSpanElement>'.
  Property 'class' does not exist on type 'DetailedHTMLProps<HTMLAttributes<HTMLSpanElement>, HTMLSpanElement>'. Did you mean 'className'?
src/pages/Library.tsx(139,29): error TS2322: Type '{ children: string; class: string; }' is not assignable to type 'DetailedHTMLProps<HTMLAttributes<HTMLSpanElement>, HTMLSpanElement>'.
  Property 'class' does not exist on type 'DetailedHTMLProps<HTMLAttributes<HTMLSpanElement>, HTMLSpanElement>'. Did you mean 'className'?
src/pages/Library.tsx(144,27): error TS2322: Type '{ children: string; class: string; }' is not assignable to type 'DetailedHTMLProps<HTMLAttributes<HTMLSpanElement>, HTMLSpanElement>'.
  Property 'class' does not exist on type 'DetailedHTMLProps<HTMLAttributes<HTMLSpanElement>, HTMLSpanElement>'. Did you mean 'className'?
src/pages/Library.tsx(149,27): error TS2322: Type '{ children: string; class: string; }' is not assignable to type 'DetailedHTMLProps<HTMLAttributes<HTMLSpanElement>, HTMLSpanElement>'.
  Property 'class' does not exist on type 'DetailedHTMLProps<HTMLAttributes<HTMLSpanElement>, HTMLSpanElement>'. Did you mean 'className'?
src/pages/Library.tsx(154,27): error TS2322: Type '{ children: string; class: string; }' is not assignable to type 'DetailedHTMLProps<HTMLAttributes<HTMLSpanElement>, HTMLSpanElement>'.
  Property 'class' does not exist on type 'DetailedHTMLProps<HTMLAttributes<HTMLSpanElement>, HTMLSpanElement>'. Did you mean 'className'?
src/pages/Library.tsx(161,22): error TS2322: Type '{ children: Element; class: string; }' is not assignable to type 'DetailedHTMLProps<HTMLAttributes<HTMLDivElement>, HTMLDivElement>'.
  Property 'class' does not exist on type 'DetailedHTMLProps<HTMLAttributes<HTMLDivElement>, HTMLDivElement>'. Did you mean 'className'?
src/pages/Library.tsx(162,25): error TS2322: Type '{ children: string; class: string; }' is not assignable to type 'DetailedHTMLProps<HTMLAttributes<HTMLSpanElement>, HTMLSpanElement>'.
  Property 'class' does not exist on type 'DetailedHTMLProps<HTMLAttributes<HTMLSpanElement>, HTMLSpanElement>'. Did you mean 'className'?
src/pages/Library.tsx(167,20): error TS2322: Type '{ children: (false | Element)[]; class: string; }' is not assignable to type 'DetailedHTMLProps<HTMLAttributes<HTMLDivElement>, HTMLDivElement>'.
  Property 'class' does not exist on type 'DetailedHTMLProps<HTMLAttributes<HTMLDivElement>, HTMLDivElement>'. Did you mean 'className'?
src/pages/Library.tsx(168,21): error TS2322: Type '{ children: string; class: string; }' is not assignable to type 'DetailedHTMLProps<HTMLAttributes<HTMLHeadingElement>, HTMLHeadingElement>'.
  Property 'class' does not exist on type 'DetailedHTMLProps<HTMLAttributes<HTMLHeadingElement>, HTMLHeadingElement>'. Did you mean 'className'?
src/pages/Library.tsx(171,20): error TS2322: Type '{ children: string; class: string; }' is not assignable to type 'DetailedHTMLProps<HTMLAttributes<HTMLParagraphElement>, HTMLParagraphElement>'.
  Property 'class' does not exist on type 'DetailedHTMLProps<HTMLAttributes<HTMLParagraphElement>, HTMLParagraphElement>'. Did you mean 'className'?
src/pages/Library.tsx(176,22): error TS2322: Type '{ children: Element[]; class: string; }' is not assignable to type 'DetailedHTMLProps<HTMLAttributes<HTMLDivElement>, HTMLDivElement>'.
  Property 'class' does not exist on type 'DetailedHTMLProps<HTMLAttributes<HTMLDivElement>, HTMLDivElement>'. Did you mean 'className'?
src/pages/Library.tsx(177,25): error TS2322: Type '{ children: (string | Element)[]; class: string; }' is not assignable to type 'DetailedHTMLProps<HTMLAttributes<HTMLSpanElement>, HTMLSpanElement>'.
  Property 'class' does not exist on type 'DetailedHTMLProps<HTMLAttributes<HTMLSpanElement>, HTMLSpanElement>'. Did you mean 'className'?
src/pages/Library.tsx(178,27): error TS2322: Type '{ children: string; class: string; }' is not assignable to type 'DetailedHTMLProps<HTMLAttributes<HTMLSpanElement>, HTMLSpanElement>'.
  Property 'class' does not exist on type 'DetailedHTMLProps<HTMLAttributes<HTMLSpanElement>, HTMLSpanElement>'. Did you mean 'className'?
src/pages/Library.tsx(181,25): error TS2322: Type '{ children: (string | number | Element)[]; class: string; }' is not assignable to type 'DetailedHTMLProps<HTMLAttributes<HTMLSpanElement>, HTMLSpanElement>'.
  Property 'class' does not exist on type 'DetailedHTMLProps<HTMLAttributes<HTMLSpanElement>, HTMLSpanElement>'. Did you mean 'className'?
src/pages/Library.tsx(182,27): error TS2322: Type '{ children: string; class: string; }' is not assignable to type 'DetailedHTMLProps<HTMLAttributes<HTMLSpanElement>, HTMLSpanElement>'.
  Property 'class' does not exist on type 'DetailedHTMLProps<HTMLAttributes<HTMLSpanElement>, HTMLSpanElement>'. Did you mean 'className'?
src/pages/Library.tsx(189,24): error TS2322: Type '{ children: Element[]; class: string; }' is not assignable to type 'DetailedHTMLProps<HTMLAttributes<HTMLDivElement>, HTMLDivElement>'.
  Property 'class' does not exist on type 'DetailedHTMLProps<HTMLAttributes<HTMLDivElement>, HTMLDivElement>'. Did you mean 'className'?
src/pages/Library.tsx(190,26): error TS2322: Type '{ children: Element[]; class: string; }' is not assignable to type 'DetailedHTMLProps<HTMLAttributes<HTMLDivElement>, HTMLDivElement>'.
  Property 'class' does not exist on type 'DetailedHTMLProps<HTMLAttributes<HTMLDivElement>, HTMLDivElement>'. Did you mean 'className'?
src/pages/Library.tsx(194,26): error TS2322: Type '{ children: Element; class: string; }' is not assignable to type 'DetailedHTMLProps<HTMLAttributes<HTMLDivElement>, HTMLDivElement>'.
  Property 'class' does not exist on type 'DetailedHTMLProps<HTMLAttributes<HTMLDivElement>, HTMLDivElement>'. Did you mean 'className'?
src/pages/Library.tsx(198,25): error TS2559: Type 'string' has no properties in common with type 'Properties<string | number, string & {}>'.
src/pages/Library.tsx(205,27): error TS2322: Type '{ children: string; class: string; }' is not assignable to type 'DetailedHTMLProps<ButtonHTMLAttributes<HTMLButtonElement>, HTMLButtonElement>'.
  Property 'class' does not exist on type 'DetailedHTMLProps<ButtonHTMLAttributes<HTMLButtonElement>, HTMLButtonElement>'. Did you mean 'className'?
src/pages/Library.tsx(216,16): error TS2322: Type '{ children: Element[]; class: string; }' is not assignable to type 'DetailedHTMLProps<HTMLAttributes<HTMLDivElement>, HTMLDivElement>'.
  Property 'class' does not exist on type 'DetailedHTMLProps<HTMLAttributes<HTMLDivElement>, HTMLDivElement>'. Did you mean 'className'?
src/pages/Library.tsx(217,19): error TS2322: Type '{ children: string; class: string; }' is not assignable to type 'DetailedHTMLProps<HTMLAttributes<HTMLSpanElement>, HTMLSpanElement>'.
  Property 'class' does not exist on type 'DetailedHTMLProps<HTMLAttributes<HTMLSpanElement>, HTMLSpanElement>'. Did you mean 'className'?
src/pages/Library.tsx(218,16): error TS2322: Type '{ children: string; class: string; }' is not assignable to type 'DetailedHTMLProps<HTMLAttributes<HTMLParagraphElement>, HTMLParagraphElement>'.
  Property 'class' does not exist on type 'DetailedHTMLProps<HTMLAttributes<HTMLParagraphElement>, HTMLParagraphElement>'. Did you mean 'className'?
src/pages/Library.tsx(223,16): error TS2322: Type '{ children: Element; class: string; }' is not assignable to type 'DetailedHTMLProps<HTMLAttributes<HTMLDivElement>, HTMLDivElement>'.
  Property 'class' does not exist on type 'DetailedHTMLProps<HTMLAttributes<HTMLDivElement>, HTMLDivElement>'. Did you mean 'className'?
src/pages/Library.tsx(224,21): error TS2322: Type '{ children: string; class: string; }' is not assignable to type 'DetailedHTMLProps<ButtonHTMLAttributes<HTMLButtonElement>, HTMLButtonElement>'.
  Property 'class' does not exist on type 'DetailedHTMLProps<ButtonHTMLAttributes<HTMLButtonElement>, HTMLButtonElement>'. Did you mean 'className'?
src/pages/Library.tsx(232,15): error TS2322: Type '{ children: Element[]; class: string; }' is not assignable to type 'DetailedHTMLProps<HTMLAttributes<HTMLElement>, HTMLElement>'.
  Property 'class' does not exist on type 'DetailedHTMLProps<HTMLAttributes<HTMLElement>, HTMLElement>'. Did you mean 'className'?
src/pages/Library.tsx(233,21): error TS2322: Type '{ children: Element; href: string; class: string; }' is not assignable to type 'DetailedHTMLProps<AnchorHTMLAttributes<HTMLAnchorElement>, HTMLAnchorElement>'.
  Property 'class' does not exist on type 'DetailedHTMLProps<AnchorHTMLAttributes<HTMLAnchorElement>, HTMLAnchorElement>'. Did you mean 'className'?
src/pages/Library.tsx(234,17): error TS2322: Type '{ children: string; class: string; }' is not assignable to type 'DetailedHTMLProps<HTMLAttributes<HTMLSpanElement>, HTMLSpanElement>'.
  Property 'class' does not exist on type 'DetailedHTMLProps<HTMLAttributes<HTMLSpanElement>, HTMLSpanElement>'. Did you mean 'className'?
src/pages/Library.tsx(236,28): error TS2322: Type '{ children: Element; href: string; class: string; }' is not assignable to type 'DetailedHTMLProps<AnchorHTMLAttributes<HTMLAnchorElement>, HTMLAnchorElement>'.
  Property 'class' does not exist on type 'DetailedHTMLProps<AnchorHTMLAttributes<HTMLAnchorElement>, HTMLAnchorElement>'. Did you mean 'className'?
src/pages/Library.tsx(237,17): error TS2322: Type '{ children: string; class: string; }' is not assignable to type 'DetailedHTMLProps<HTMLAttributes<HTMLSpanElement>, HTMLSpanElement>'.
  Property 'class' does not exist on type 'DetailedHTMLProps<HTMLAttributes<HTMLSpanElement>, HTMLSpanElement>'. Did you mean 'className'?
src/pages/Library.tsx(239,28): error TS2322: Type '{ children: Element; href: string; class: string; }' is not assignable to type 'DetailedHTMLProps<AnchorHTMLAttributes<HTMLAnchorElement>, HTMLAnchorElement>'.
  Property 'class' does not exist on type 'DetailedHTMLProps<AnchorHTMLAttributes<HTMLAnchorElement>, HTMLAnchorElement>'. Did you mean 'className'?
src/pages/Library.tsx(240,17): error TS2322: Type '{ children: string; class: string; }' is not assignable to type 'DetailedHTMLProps<HTMLAttributes<HTMLSpanElement>, HTMLSpanElement>'.
  Property 'class' does not exist on type 'DetailedHTMLProps<HTMLAttributes<HTMLSpanElement>, HTMLSpanElement>'. Did you mean 'className'?
src/pages/Library.tsx(242,28): error TS2322: Type '{ children: Element; href: string; class: string; }' is not assignable to type 'DetailedHTMLProps<AnchorHTMLAttributes<HTMLAnchorElement>, HTMLAnchorElement>'.
  Property 'class' does not exist on type 'DetailedHTMLProps<AnchorHTMLAttributes<HTMLAnchorElement>, HTMLAnchorElement>'. Did you mean 'className'?
src/pages/Library.tsx(243,17): error TS2322: Type '{ children: string; class: string; }' is not assignable to type 'DetailedHTMLProps<HTMLAttributes<HTMLSpanElement>, HTMLSpanElement>'.
  Property 'class' does not exist on type 'DetailedHTMLProps<HTMLAttributes<HTMLSpanElement>, HTMLSpanElement>'. Did you mean 'className'?
src/pages/Mentorship.tsx(30,14): error TS2322: Type '({ mentors, userSessions }: MentorshipProps) => Element' is not assignable to type 'FC<MentorshipProps>'.
  Type 'Element' is not assignable to type 'HtmlEscapedString | Promise<HtmlEscapedString> | null'.
src/pages/Mentorship.tsx(48,10): error TS2322: Type '{ children: Element[]; class: string; }' is not assignable to type 'DetailedHTMLProps<HTMLAttributes<HTMLDivElement>, HTMLDivElement>'.
  Property 'class' does not exist on type 'DetailedHTMLProps<HTMLAttributes<HTMLDivElement>, HTMLDivElement>'. Did you mean 'className'?
src/pages/Mentorship.tsx(51,13): error TS2322: Type '{ children: Element[]; class: string; }' is not assignable to type 'DetailedHTMLProps<HTMLAttributes<HTMLElement>, HTMLElement>'.
  Property 'class' does not exist on type 'DetailedHTMLProps<HTMLAttributes<HTMLElement>, HTMLElement>'. Did you mean 'className'?
src/pages/Mentorship.tsx(53,14): error TS2322: Type '{ children: Element[]; class: string; }' is not assignable to type 'DetailedHTMLProps<HTMLAttributes<HTMLDivElement>, HTMLDivElement>'.
  Property 'class' does not exist on type 'DetailedHTMLProps<HTMLAttributes<HTMLDivElement>, HTMLDivElement>'. Did you mean 'className'?
src/pages/Mentorship.tsx(54,15): error TS2322: Type '{ children: string; class: string; }' is not assignable to type 'DetailedHTMLProps<HTMLAttributes<HTMLHeadingElement>, HTMLHeadingElement>'.
  Property 'class' does not exist on type 'DetailedHTMLProps<HTMLAttributes<HTMLHeadingElement>, HTMLHeadingElement>'. Did you mean 'className'?
src/pages/Mentorship.tsx(57,14): error TS2322: Type '{ children: string; class: string; }' is not assignable to type 'DetailedHTMLProps<HTMLAttributes<HTMLParagraphElement>, HTMLParagraphElement>'.
  Property 'class' does not exist on type 'DetailedHTMLProps<HTMLAttributes<HTMLParagraphElement>, HTMLParagraphElement>'. Did you mean 'className'?
src/pages/Mentorship.tsx(62,14): error TS2322: Type '{ children: Element[]; class: string; }' is not assignable to type 'DetailedHTMLProps<HTMLAttributes<HTMLDivElement>, HTMLDivElement>'.
  Property 'class' does not exist on type 'DetailedHTMLProps<HTMLAttributes<HTMLDivElement>, HTMLDivElement>'. Did you mean 'className'?
src/pages/Mentorship.tsx(64,16): error TS2322: Type '{ children: Element; class: string; }' is not assignable to type 'DetailedHTMLProps<HTMLAttributes<HTMLDivElement>, HTMLDivElement>'.
  Property 'class' does not exist on type 'DetailedHTMLProps<HTMLAttributes<HTMLDivElement>, HTMLDivElement>'. Did you mean 'className'?
src/pages/Mentorship.tsx(65,18): error TS2322: Type '{ children: Element[]; class: string; }' is not assignable to type 'DetailedHTMLProps<HTMLAttributes<HTMLDivElement>, HTMLDivElement>'.
  Property 'class' does not exist on type 'DetailedHTMLProps<HTMLAttributes<HTMLDivElement>, HTMLDivElement>'. Did you mean 'className'?
src/pages/Mentorship.tsx(66,20): error TS2322: Type '{ children: Element; class: string; }' is not assignable to type 'DetailedHTMLProps<HTMLAttributes<HTMLDivElement>, HTMLDivElement>'.
  Property 'class' does not exist on type 'DetailedHTMLProps<HTMLAttributes<HTMLDivElement>, HTMLDivElement>'. Did you mean 'className'?
src/pages/Mentorship.tsx(67,22): error TS2322: Type '{ class: string; }' is not assignable to type 'DetailedHTMLProps<HTMLAttributes<HTMLDivElement>, HTMLDivElement>'.
  Property 'class' does not exist on type 'DetailedHTMLProps<HTMLAttributes<HTMLDivElement>, HTMLDivElement>'. Did you mean 'className'?
src/pages/Mentorship.tsx(70,20): error TS2322: Type '{ children: Element[]; class: string; }' is not assignable to type 'DetailedHTMLProps<HTMLAttributes<HTMLDivElement>, HTMLDivElement>'.
  Property 'class' does not exist on type 'DetailedHTMLProps<HTMLAttributes<HTMLDivElement>, HTMLDivElement>'. Did you mean 'className'?
src/pages/Mentorship.tsx(71,22): error TS2322: Type '{ children: Element; class: string; }' is not assignable to type 'DetailedHTMLProps<HTMLAttributes<HTMLDivElement>, HTMLDivElement>'.
  Property 'class' does not exist on type 'DetailedHTMLProps<HTMLAttributes<HTMLDivElement>, HTMLDivElement>'. Did you mean 'className'?
src/pages/Mentorship.tsx(74,21): error TS2559: Type 'string' has no properties in common with type 'Properties<string | number, string & {}>'.
src/pages/Mentorship.tsx(78,22): error TS2322: Type '{ children: Element[]; class: string; }' is not assignable to type 'DetailedHTMLProps<HTMLAttributes<HTMLDivElement>, HTMLDivElement>'.
  Property 'class' does not exist on type 'DetailedHTMLProps<HTMLAttributes<HTMLDivElement>, HTMLDivElement>'. Did you mean 'className'?
src/pages/Mentorship.tsx(79,23): error TS2322: Type '{ children: string; class: string; }' is not assignable to type 'DetailedHTMLProps<HTMLAttributes<HTMLHeadingElement>, HTMLHeadingElement>'.
  Property 'class' does not exist on type 'DetailedHTMLProps<HTMLAttributes<HTMLHeadingElement>, HTMLHeadingElement>'. Did you mean 'className'?
src/pages/Mentorship.tsx(80,22): error TS2322: Type '{ children: string; class: string; }' is not assignable to type 'DetailedHTMLProps<HTMLAttributes<HTMLParagraphElement>, HTMLParagraphElement>'.
  Property 'class' does not exist on type 'DetailedHTMLProps<HTMLAttributes<HTMLParagraphElement>, HTMLParagraphElement>'. Did you mean 'className'?
src/pages/Mentorship.tsx(83,20): error TS2322: Type '{ children: string; class: string; }' is not assignable to type 'DetailedHTMLProps<HTMLAttributes<HTMLParagraphElement>, HTMLParagraphElement>'.
  Property 'class' does not exist on type 'DetailedHTMLProps<HTMLAttributes<HTMLParagraphElement>, HTMLParagraphElement>'. Did you mean 'className'?
src/pages/Mentorship.tsx(87,22): error TS2322: Type '{ children: Element[]; class: string; }' is not assignable to type 'DetailedHTMLProps<HTMLAttributes<HTMLDivElement>, HTMLDivElement>'.
  Property 'class' does not exist on type 'DetailedHTMLProps<HTMLAttributes<HTMLDivElement>, HTMLDivElement>'. Did you mean 'className'?
src/pages/Mentorship.tsx(88,23): error TS2322: Type '{ children: string; class: string; }' is not assignable to type 'DetailedHTMLProps<HTMLAttributes<HTMLHeadingElement>, HTMLHeadingElement>'.
  Property 'class' does not exist on type 'DetailedHTMLProps<HTMLAttributes<HTMLHeadingElement>, HTMLHeadingElement>'. Did you mean 'className'?
src/pages/Mentorship.tsx(89,24): error TS2322: Type '{ children: Element[]; class: string; }' is not assignable to type 'DetailedHTMLProps<HTMLAttributes<HTMLDivElement>, HTMLDivElement>'.
  Property 'class' does not exist on type 'DetailedHTMLProps<HTMLAttributes<HTMLDivElement>, HTMLDivElement>'. Did you mean 'className'?
src/pages/Mentorship.tsx(91,29): error TS2322: Type '{ children: string; class: string; }' is not assignable to type 'DetailedHTMLProps<HTMLAttributes<HTMLSpanElement>, HTMLSpanElement>'.
  Property 'class' does not exist on type 'DetailedHTMLProps<HTMLAttributes<HTMLSpanElement>, HTMLSpanElement>'. Did you mean 'className'?
src/pages/Mentorship.tsx(98,22): error TS2322: Type '{ children: Element[]; class: string; }' is not assignable to type 'DetailedHTMLProps<HTMLAttributes<HTMLDivElement>, HTMLDivElement>'.
  Property 'class' does not exist on type 'DetailedHTMLProps<HTMLAttributes<HTMLDivElement>, HTMLDivElement>'. Did you mean 'className'?
src/pages/Mentorship.tsx(99,24): error TS2322: Type '{ children: Element[]; class: string; }' is not assignable to type 'DetailedHTMLProps<HTMLAttributes<HTMLDivElement>, HTMLDivElement>'.
  Property 'class' does not exist on type 'DetailedHTMLProps<HTMLAttributes<HTMLDivElement>, HTMLDivElement>'. Did you mean 'className'?
src/pages/Mentorship.tsx(100,24): error TS2322: Type '{ children: number; class: string; }' is not assignable to type 'DetailedHTMLProps<HTMLAttributes<HTMLParagraphElement>, HTMLParagraphElement>'.
  Property 'class' does not exist on type 'DetailedHTMLProps<HTMLAttributes<HTMLParagraphElement>, HTMLParagraphElement>'. Did you mean 'className'?
src/pages/Mentorship.tsx(101,24): error TS2322: Type '{ children: string; class: string; }' is not assignable to type 'DetailedHTMLProps<HTMLAttributes<HTMLParagraphElement>, HTMLParagraphElement>'.
  Property 'class' does not exist on type 'DetailedHTMLProps<HTMLAttributes<HTMLParagraphElement>, HTMLParagraphElement>'. Did you mean 'className'?
src/pages/Mentorship.tsx(103,24): error TS2322: Type '{ children: Element[]; class: string; }' is not assignable to type 'DetailedHTMLProps<HTMLAttributes<HTMLDivElement>, HTMLDivElement>'.
  Property 'class' does not exist on type 'DetailedHTMLProps<HTMLAttributes<HTMLDivElement>, HTMLDivElement>'. Did you mean 'className'?
src/pages/Mentorship.tsx(104,24): error TS2322: Type '{ children: number; class: string; }' is not assignable to type 'DetailedHTMLProps<HTMLAttributes<HTMLParagraphElement>, HTMLParagraphElement>'.
  Property 'class' does not exist on type 'DetailedHTMLProps<HTMLAttributes<HTMLParagraphElement>, HTMLParagraphElement>'. Did you mean 'className'?
src/pages/Mentorship.tsx(105,24): error TS2322: Type '{ children: string; class: string; }' is not assignable to type 'DetailedHTMLProps<HTMLAttributes<HTMLParagraphElement>, HTMLParagraphElement>'.
  Property 'class' does not exist on type 'DetailedHTMLProps<HTMLAttributes<HTMLParagraphElement>, HTMLParagraphElement>'. Did you mean 'className'?
src/pages/Mentorship.tsx(107,24): error TS2322: Type '{ children: Element[]; class: string; }' is not assignable to type 'DetailedHTMLProps<HTMLAttributes<HTMLDivElement>, HTMLDivElement>'.
  Property 'class' does not exist on type 'DetailedHTMLProps<HTMLAttributes<HTMLDivElement>, HTMLDivElement>'. Did you mean 'className'?
src/pages/Mentorship.tsx(108,24): error TS2322: Type '{ children: (string | number)[]; class: string; }' is not assignable to type 'DetailedHTMLProps<HTMLAttributes<HTMLParagraphElement>, HTMLParagraphElement>'.
  Property 'class' does not exist on type 'DetailedHTMLProps<HTMLAttributes<HTMLParagraphElement>, HTMLParagraphElement>'. Did you mean 'className'?
src/pages/Mentorship.tsx(109,24): error TS2322: Type '{ children: string; class: string; }' is not assignable to type 'DetailedHTMLProps<HTMLAttributes<HTMLParagraphElement>, HTMLParagraphElement>'.
  Property 'class' does not exist on type 'DetailedHTMLProps<HTMLAttributes<HTMLParagraphElement>, HTMLParagraphElement>'. Did you mean 'className'?
src/pages/Mentorship.tsx(117,16): error TS2322: Type '{ children: Element[]; class: string; }' is not assignable to type 'DetailedHTMLProps<HTMLAttributes<HTMLDivElement>, HTMLDivElement>'.
  Property 'class' does not exist on type 'DetailedHTMLProps<HTMLAttributes<HTMLDivElement>, HTMLDivElement>'. Did you mean 'className'?
src/pages/Mentorship.tsx(118,18): error TS2322: Type '{ children: Element[]; class: string; }' is not assignable to type 'DetailedHTMLProps<HTMLAttributes<HTMLDivElement>, HTMLDivElement>'.
  Property 'class' does not exist on type 'DetailedHTMLProps<HTMLAttributes<HTMLDivElement>, HTMLDivElement>'. Did you mean 'className'?
src/pages/Mentorship.tsx(119,19): error TS2322: Type '{ children: string; class: string; }' is not assignable to type 'DetailedHTMLProps<HTMLAttributes<HTMLHeadingElement>, HTMLHeadingElement>'.
  Property 'class' does not exist on type 'DetailedHTMLProps<HTMLAttributes<HTMLHeadingElement>, HTMLHeadingElement>'. Did you mean 'className'?
src/pages/Mentorship.tsx(121,20): error TS2322: Type '{ children: Element[]; class: string; }' is not assignable to type 'DetailedHTMLProps<HTMLAttributes<HTMLDivElement>, HTMLDivElement>'.
  Property 'class' does not exist on type 'DetailedHTMLProps<HTMLAttributes<HTMLDivElement>, HTMLDivElement>'. Did you mean 'className'?
src/pages/Mentorship.tsx(122,40): error TS2322: Type '{ children: Element; id: string; class: string; }' is not assignable to type 'DetailedHTMLProps<ButtonHTMLAttributes<HTMLButtonElement>, HTMLButtonElement>'.
  Property 'class' does not exist on type 'DetailedHTMLProps<ButtonHTMLAttributes<HTMLButtonElement>, HTMLButtonElement>'. Did you mean 'className'?
src/pages/Mentorship.tsx(123,25): error TS2322: Type '{ children: string; class: string; }' is not assignable to type 'DetailedHTMLProps<HTMLAttributes<HTMLSpanElement>, HTMLSpanElement>'.
  Property 'class' does not exist on type 'DetailedHTMLProps<HTMLAttributes<HTMLSpanElement>, HTMLSpanElement>'. Did you mean 'className'?
src/pages/Mentorship.tsx(125,39): error TS2322: Type '{ children: string; id: string; class: string; }' is not assignable to type 'DetailedHTMLProps<HTMLAttributes<HTMLHeadingElement>, HTMLHeadingElement>'.
  Property 'class' does not exist on type 'DetailedHTMLProps<HTMLAttributes<HTMLHeadingElement>, HTMLHeadingElement>'. Did you mean 'className'?
src/pages/Mentorship.tsx(126,40): error TS2322: Type '{ children: Element; id: string; class: string; }' is not assignable to type 'DetailedHTMLProps<ButtonHTMLAttributes<HTMLButtonElement>, HTMLButtonElement>'.
  Property 'class' does not exist on type 'DetailedHTMLProps<ButtonHTMLAttributes<HTMLButtonElement>, HTMLButtonElement>'. Did you mean 'className'?
src/pages/Mentorship.tsx(127,25): error TS2322: Type '{ children: string; class: string; }' is not assignable to type 'DetailedHTMLProps<HTMLAttributes<HTMLSpanElement>, HTMLSpanElement>'.
  Property 'class' does not exist on type 'DetailedHTMLProps<HTMLAttributes<HTMLSpanElement>, HTMLSpanElement>'. Did you mean 'className'?
src/pages/Mentorship.tsx(131,35): error TS2322: Type '{ id: string; class: string; }' is not assignable to type 'DetailedHTMLProps<HTMLAttributes<HTMLDivElement>, HTMLDivElement>'.
  Property 'class' does not exist on type 'DetailedHTMLProps<HTMLAttributes<HTMLDivElement>, HTMLDivElement>'. Did you mean 'className'?
src/pages/Mentorship.tsx(135,46): error TS2322: Type '{ children: Element[]; id: string; class: string; }' is not assignable to type 'DetailedHTMLProps<HTMLAttributes<HTMLDivElement>, HTMLDivElement>'.
  Property 'class' does not exist on type 'DetailedHTMLProps<HTMLAttributes<HTMLDivElement>, HTMLDivElement>'. Did you mean 'className'?
src/pages/Mentorship.tsx(136,21): error TS2322: Type '{ children: string; class: string; }' is not assignable to type 'DetailedHTMLProps<HTMLAttributes<HTMLHeadingElement>, HTMLHeadingElement>'.
  Property 'class' does not exist on type 'DetailedHTMLProps<HTMLAttributes<HTMLHeadingElement>, HTMLHeadingElement>'. Did you mean 'className'?
src/pages/Mentorship.tsx(137,38): error TS2322: Type '{ id: string; class: string; }' is not assignable to type 'DetailedHTMLProps<HTMLAttributes<HTMLDivElement>, HTMLDivElement>'.
  Property 'class' does not exist on type 'DetailedHTMLProps<HTMLAttributes<HTMLDivElement>, HTMLDivElement>'. Did you mean 'className'?
src/pages/Mentorship.tsx(142,38): error TS2322: Type '{ children: Element[]; id: string; class: string; }' is not assignable to type 'DetailedHTMLProps<HTMLAttributes<HTMLDivElement>, HTMLDivElement>'.
  Property 'class' does not exist on type 'DetailedHTMLProps<HTMLAttributes<HTMLDivElement>, HTMLDivElement>'. Did you mean 'className'?
src/pages/Mentorship.tsx(144,26): error TS2322: Type '{ children: string; class: string; }' is not assignable to type 'DetailedHTMLProps<LabelHTMLAttributes<HTMLLabelElement>, HTMLLabelElement>'.
  Property 'class' does not exist on type 'DetailedHTMLProps<LabelHTMLAttributes<HTMLLabelElement>, HTMLLabelElement>'. Did you mean 'className'?
src/pages/Mentorship.tsx(149,21): error TS2322: Type '{ id: string; class: string; placeholder: string; }' is not assignable to type 'DetailedHTMLProps<TextareaHTMLAttributes<HTMLTextAreaElement>, HTMLTextAreaElement>'.
  Property 'class' does not exist on type 'DetailedHTMLProps<TextareaHTMLAttributes<HTMLTextAreaElement>, HTMLTextAreaElement>'. Did you mean 'className'?
src/pages/Mentorship.tsx(154,22): error TS2322: Type '{ children: Element[]; class: string; }' is not assignable to type 'DetailedHTMLProps<HTMLAttributes<HTMLDivElement>, HTMLDivElement>'.
  Property 'class' does not exist on type 'DetailedHTMLProps<HTMLAttributes<HTMLDivElement>, HTMLDivElement>'. Did you mean 'className'?
src/pages/Mentorship.tsx(155,24): error TS2322: Type '{ children: Element[]; class: string; }' is not assignable to type 'DetailedHTMLProps<HTMLAttributes<HTMLDivElement>, HTMLDivElement>'.
  Property 'class' does not exist on type 'DetailedHTMLProps<HTMLAttributes<HTMLDivElement>, HTMLDivElement>'. Did you mean 'className'?
src/pages/Mentorship.tsx(157,26): error TS2322: Type '{ children: string; class: string; }' is not assignable to type 'DetailedHTMLProps<HTMLAttributes<HTMLParagraphElement>, HTMLParagraphElement>'.
  Property 'class' does not exist on type 'DetailedHTMLProps<HTMLAttributes<HTMLParagraphElement>, HTMLParagraphElement>'. Did you mean 'className'?
src/pages/Mentorship.tsx(158,48): error TS2322: Type '{ children: string; id: string; class: string; }' is not assignable to type 'DetailedHTMLProps<HTMLAttributes<HTMLParagraphElement>, HTMLParagraphElement>'.
  Property 'class' does not exist on type 'DetailedHTMLProps<HTMLAttributes<HTMLParagraphElement>, HTMLParagraphElement>'. Did you mean 'className'?
src/pages/Mentorship.tsx(160,26): error TS2322: Type '{ children: Element[]; class: string; }' is not assignable to type 'DetailedHTMLProps<HTMLAttributes<HTMLDivElement>, HTMLDivElement>'.
  Property 'class' does not exist on type 'DetailedHTMLProps<HTMLAttributes<HTMLDivElement>, HTMLDivElement>'. Did you mean 'className'?
src/pages/Mentorship.tsx(161,26): error TS2322: Type '{ children: string; class: string; }' is not assignable to type 'DetailedHTMLProps<HTMLAttributes<HTMLParagraphElement>, HTMLParagraphElement>'.
  Property 'class' does not exist on type 'DetailedHTMLProps<HTMLAttributes<HTMLParagraphElement>, HTMLParagraphElement>'. Did you mean 'className'?
src/pages/Mentorship.tsx(162,26): error TS2322: Type '{ children: (string | number)[]; class: string; }' is not assignable to type 'DetailedHTMLProps<HTMLAttributes<HTMLParagraphElement>, HTMLParagraphElement>'.
  Property 'class' does not exist on type 'DetailedHTMLProps<HTMLAttributes<HTMLParagraphElement>, HTMLParagraphElement>'. Did you mean 'className'?
src/pages/Mentorship.tsx(167,21): error TS2322: Type '{ children: string; id: string; class: string; }' is not assignable to type 'DetailedHTMLProps<ButtonHTMLAttributes<HTMLButtonElement>, HTMLButtonElement>'.
  Property 'class' does not exist on type 'DetailedHTMLProps<ButtonHTMLAttributes<HTMLButtonElement>, HTMLButtonElement>'. Did you mean 'className'?
src/pages/Mentorship.tsx(174,46): error TS2322: Type '{ children: string; id: string; class: string; }' is not assignable to type 'DetailedHTMLProps<HTMLAttributes<HTMLDivElement>, HTMLDivElement>'.
  Property 'class' does not exist on type 'DetailedHTMLProps<HTMLAttributes<HTMLDivElement>, HTMLDivElement>'. Did you mean 'className'?
src/pages/Mentorship.tsx(180,18): error TS2322: Type '{ children: Element[]; class: string; }' is not assignable to type 'DetailedHTMLProps<HTMLAttributes<HTMLDivElement>, HTMLDivElement>'.
  Property 'class' does not exist on type 'DetailedHTMLProps<HTMLAttributes<HTMLDivElement>, HTMLDivElement>'. Did you mean 'className'?
src/pages/Mentorship.tsx(181,20): error TS2322: Type '{ children: Element[]; class: string; }' is not assignable to type 'DetailedHTMLProps<HTMLAttributes<HTMLDivElement>, HTMLDivElement>'.
  Property 'class' does not exist on type 'DetailedHTMLProps<HTMLAttributes<HTMLDivElement>, HTMLDivElement>'. Did you mean 'className'?
src/pages/Mentorship.tsx(182,21): error TS2322: Type '{ children: string; class: string; }' is not assignable to type 'DetailedHTMLProps<HTMLAttributes<HTMLHeadingElement>, HTMLHeadingElement>'.
  Property 'class' does not exist on type 'DetailedHTMLProps<HTMLAttributes<HTMLHeadingElement>, HTMLHeadingElement>'. Did you mean 'className'?
src/pages/Mentorship.tsx(183,23): error TS2322: Type '{ children: string; class: string; }' is not assignable to type 'DetailedHTMLProps<HTMLAttributes<HTMLSpanElement>, HTMLSpanElement>'.
  Property 'class' does not exist on type 'DetailedHTMLProps<HTMLAttributes<HTMLSpanElement>, HTMLSpanElement>'. Did you mean 'className'?
src/pages/Mentorship.tsx(188,39): error TS2322: Type '{ children: Element | Element[]; id: string; class: string; }' is not assignable to type 'DetailedHTMLProps<HTMLAttributes<HTMLDivElement>, HTMLDivElement>'.
  Property 'class' does not exist on type 'DetailedHTMLProps<HTMLAttributes<HTMLDivElement>, HTMLDivElement>'. Did you mean 'className'?
src/pages/Mentorship.tsx(196,26): error TS2322: Type '{ children: (false | Element)[]; class: string; }' is not assignable to type 'DetailedHTMLProps<HTMLAttributes<HTMLDivElement>, HTMLDivElement>'.
  Property 'class' does not exist on type 'DetailedHTMLProps<HTMLAttributes<HTMLDivElement>, HTMLDivElement>'. Did you mean 'className'?
src/pages/Mentorship.tsx(197,28): error TS2322: Type '{ children: Element[]; class: string; }' is not assignable to type 'DetailedHTMLProps<HTMLAttributes<HTMLDivElement>, HTMLDivElement>'.
  Property 'class' does not exist on type 'DetailedHTMLProps<HTMLAttributes<HTMLDivElement>, HTMLDivElement>'. Did you mean 'className'?
src/pages/Mentorship.tsx(198,30): error TS2322: Type '{ children: Element[]; class: string; }' is not assignable to type 'DetailedHTMLProps<HTMLAttributes<HTMLDivElement>, HTMLDivElement>'.
  Property 'class' does not exist on type 'DetailedHTMLProps<HTMLAttributes<HTMLDivElement>, HTMLDivElement>'. Did you mean 'className'?
src/pages/Mentorship.tsx(199,92): error TS2559: Type 'string' has no properties in common with type 'Properties<string | number, string & {}>'.
src/pages/Mentorship.tsx(201,32): error TS2322: Type '{ children: string | undefined; class: string; }' is not assignable to type 'DetailedHTMLProps<HTMLAttributes<HTMLParagraphElement>, HTMLParagraphElement>'.
  Property 'class' does not exist on type 'DetailedHTMLProps<HTMLAttributes<HTMLParagraphElement>, HTMLParagraphElement>'. Did you mean 'className'?
src/pages/Mentorship.tsx(202,32): error TS2322: Type '{ children: string | undefined; class: string; }' is not assignable to type 'DetailedHTMLProps<HTMLAttributes<HTMLParagraphElement>, HTMLParagraphElement>'.
  Property 'class' does not exist on type 'DetailedHTMLProps<HTMLAttributes<HTMLParagraphElement>, HTMLParagraphElement>'. Did you mean 'className'?
src/pages/Mentorship.tsx(205,31): error TS2322: Type '{ children: string; class: string; }' is not assignable to type 'DetailedHTMLProps<HTMLAttributes<HTMLSpanElement>, HTMLSpanElement>'.
  Property 'class' does not exist on type 'DetailedHTMLProps<HTMLAttributes<HTMLSpanElement>, HTMLSpanElement>'. Did you mean 'className'?
src/pages/Mentorship.tsx(209,28): error TS2322: Type '{ children: Element[]; class: string; }' is not assignable to type 'DetailedHTMLProps<HTMLAttributes<HTMLDivElement>, HTMLDivElement>'.
  Property 'class' does not exist on type 'DetailedHTMLProps<HTMLAttributes<HTMLDivElement>, HTMLDivElement>'. Did you mean 'className'?
src/pages/Mentorship.tsx(210,31): error TS2322: Type '{ children: (string | Element)[]; class: string; }' is not assignable to type 'DetailedHTMLProps<HTMLAttributes<HTMLSpanElement>, HTMLSpanElement>'.
  Property 'class' does not exist on type 'DetailedHTMLProps<HTMLAttributes<HTMLSpanElement>, HTMLSpanElement>'. Did you mean 'className'?
src/pages/Mentorship.tsx(211,33): error TS2322: Type '{ children: string; class: string; }' is not assignable to type 'DetailedHTMLProps<HTMLAttributes<HTMLSpanElement>, HTMLSpanElement>'.
  Property 'class' does not exist on type 'DetailedHTMLProps<HTMLAttributes<HTMLSpanElement>, HTMLSpanElement>'. Did you mean 'className'?
src/pages/Mentorship.tsx(214,31): error TS2322: Type '{ children: (string | Element)[]; class: string; }' is not assignable to type 'DetailedHTMLProps<HTMLAttributes<HTMLSpanElement>, HTMLSpanElement>'.
  Property 'class' does not exist on type 'DetailedHTMLProps<HTMLAttributes<HTMLSpanElement>, HTMLSpanElement>'. Did you mean 'className'?
src/pages/Mentorship.tsx(215,33): error TS2322: Type '{ children: string; class: string; }' is not assignable to type 'DetailedHTMLProps<HTMLAttributes<HTMLSpanElement>, HTMLSpanElement>'.
  Property 'class' does not exist on type 'DetailedHTMLProps<HTMLAttributes<HTMLSpanElement>, HTMLSpanElement>'. Did you mean 'className'?
src/pages/Mentorship.tsx(220,30): error TS2322: Type '{ children: Element[]; class: string; }' is not assignable to type 'DetailedHTMLProps<HTMLAttributes<HTMLDivElement>, HTMLDivElement>'.
  Property 'class' does not exist on type 'DetailedHTMLProps<HTMLAttributes<HTMLDivElement>, HTMLDivElement>'. Did you mean 'className'?
src/pages/Mentorship.tsx(222,76): error TS2322: Type '{ children: string; href: string; target: "_blank"; class: string; }' is not assignable to type 'DetailedHTMLProps<AnchorHTMLAttributes<HTMLAnchorElement>, HTMLAnchorElement>'.
  Property 'class' does not exist on type 'DetailedHTMLProps<AnchorHTMLAttributes<HTMLAnchorElement>, HTMLAnchorElement>'. Did you mean 'className'?
src/pages/Mentorship.tsx(226,34): error TS2322: Type '{ children: string; class: string; }' is not assignable to type 'DetailedHTMLProps<HTMLAttributes<HTMLDivElement>, HTMLDivElement>'.
  Property 'class' does not exist on type 'DetailedHTMLProps<HTMLAttributes<HTMLDivElement>, HTMLDivElement>'. Did you mean 'className'?
src/pages/Mentorship.tsx(231,29): error TS2322: Type '{ children: string; onclick: string; class: string; }' is not assignable to type 'DetailedHTMLProps<ButtonHTMLAttributes<HTMLButtonElement>, HTMLButtonElement>'.
  Property 'onclick' does not exist on type 'DetailedHTMLProps<ButtonHTMLAttributes<HTMLButtonElement>, HTMLButtonElement>'. Did you mean 'onClick'?
src/pages/Mentorship.tsx(241,24): error TS2322: Type '{ children: Element[]; class: string; }' is not assignable to type 'DetailedHTMLProps<HTMLAttributes<HTMLDivElement>, HTMLDivElement>'.
  Property 'class' does not exist on type 'DetailedHTMLProps<HTMLAttributes<HTMLDivElement>, HTMLDivElement>'. Did you mean 'className'?
src/pages/Mentorship.tsx(242,27): error TS2322: Type '{ children: string; class: string; }' is not assignable to type 'DetailedHTMLProps<HTMLAttributes<HTMLSpanElement>, HTMLSpanElement>'.
  Property 'class' does not exist on type 'DetailedHTMLProps<HTMLAttributes<HTMLSpanElement>, HTMLSpanElement>'. Did you mean 'className'?
src/pages/Mentorship.tsx(243,24): error TS2322: Type '{ children: string; class: string; }' is not assignable to type 'DetailedHTMLProps<HTMLAttributes<HTMLParagraphElement>, HTMLParagraphElement>'.
  Property 'class' does not exist on type 'DetailedHTMLProps<HTMLAttributes<HTMLParagraphElement>, HTMLParagraphElement>'. Did you mean 'className'?
src/pages/Profile.tsx(24,14): error TS2322: Type '({ profile, access, streak, stats, activity, email }: ProfileProps) => Element' is not assignable to type 'FC<ProfileProps>'.
  Type 'Element' is not assignable to type 'HtmlEscapedString | Promise<HtmlEscapedString> | null'.
src/pages/Profile.tsx(39,10): error TS2322: Type '{ children: Element[]; class: string; }' is not assignable to type 'DetailedHTMLProps<HTMLAttributes<HTMLDivElement>, HTMLDivElement>'.
  Property 'class' does not exist on type 'DetailedHTMLProps<HTMLAttributes<HTMLDivElement>, HTMLDivElement>'. Did you mean 'className'?
src/pages/Profile.tsx(46,13): error TS2322: Type '{ children: Element; class: string; }' is not assignable to type 'DetailedHTMLProps<HTMLAttributes<HTMLElement>, HTMLElement>'.
  Property 'class' does not exist on type 'DetailedHTMLProps<HTMLAttributes<HTMLElement>, HTMLElement>'. Did you mean 'className'?
src/pages/Profile.tsx(47,14): error TS2322: Type '{ children: Element[]; class: string; }' is not assignable to type 'DetailedHTMLProps<HTMLAttributes<HTMLDivElement>, HTMLDivElement>'.
  Property 'class' does not exist on type 'DetailedHTMLProps<HTMLAttributes<HTMLDivElement>, HTMLDivElement>'. Did you mean 'className'?
src/pages/Profile.tsx(49,16): error TS2322: Type '{ children: Element; class: string; }' is not assignable to type 'DetailedHTMLProps<HTMLAttributes<HTMLDivElement>, HTMLDivElement>'.
  Property 'class' does not exist on type 'DetailedHTMLProps<HTMLAttributes<HTMLDivElement>, HTMLDivElement>'. Did you mean 'className'?
src/pages/Profile.tsx(50,18): error TS2322: Type '{ children: Element[]; class: string; }' is not assignable to type 'DetailedHTMLProps<HTMLAttributes<HTMLDivElement>, HTMLDivElement>'.
  Property 'class' does not exist on type 'DetailedHTMLProps<HTMLAttributes<HTMLDivElement>, HTMLDivElement>'. Did you mean 'className'?
src/pages/Profile.tsx(52,20): error TS2322: Type '{ children: Element; class: string; }' is not assignable to type 'DetailedHTMLProps<HTMLAttributes<HTMLDivElement>, HTMLDivElement>'.
  Property 'class' does not exist on type 'DetailedHTMLProps<HTMLAttributes<HTMLDivElement>, HTMLDivElement>'. Did you mean 'className'?
src/pages/Profile.tsx(53,22): error TS2322: Type '{ children: Element; class: string; }' is not assignable to type 'DetailedHTMLProps<HTMLAttributes<HTMLDivElement>, HTMLDivElement>'.
  Property 'class' does not exist on type 'DetailedHTMLProps<HTMLAttributes<HTMLDivElement>, HTMLDivElement>'. Did you mean 'className'?
src/pages/Profile.tsx(54,27): error TS2322: Type '{ children: (string | Element)[]; class: string; }' is not assignable to type 'DetailedHTMLProps<ButtonHTMLAttributes<HTMLButtonElement>, HTMLButtonElement>'.
  Property 'class' does not exist on type 'DetailedHTMLProps<ButtonHTMLAttributes<HTMLButtonElement>, HTMLButtonElement>'. Did you mean 'className'?
src/pages/Profile.tsx(55,27): error TS2322: Type '{ children: string; class: string; }' is not assignable to type 'DetailedHTMLProps<HTMLAttributes<HTMLSpanElement>, HTMLSpanElement>'.
  Property 'class' does not exist on type 'DetailedHTMLProps<HTMLAttributes<HTMLSpanElement>, HTMLSpanElement>'. Did you mean 'className'?
src/pages/Profile.tsx(62,20): error TS2322: Type '{ children: Element[]; class: string; }' is not assignable to type 'DetailedHTMLProps<HTMLAttributes<HTMLDivElement>, HTMLDivElement>'.
  Property 'class' does not exist on type 'DetailedHTMLProps<HTMLAttributes<HTMLDivElement>, HTMLDivElement>'. Did you mean 'className'?
src/pages/Profile.tsx(63,22): error TS2322: Type '{ children: Element[]; class: string; }' is not assignable to type 'DetailedHTMLProps<HTMLAttributes<HTMLDivElement>, HTMLDivElement>'.
  Property 'class' does not exist on type 'DetailedHTMLProps<HTMLAttributes<HTMLDivElement>, HTMLDivElement>'. Did you mean 'className'?
src/pages/Profile.tsx(65,24): error TS2322: Type '{ children: Element[]; class: string; }' is not assignable to type 'DetailedHTMLProps<HTMLAttributes<HTMLDivElement>, HTMLDivElement>'.
  Property 'class' does not exist on type 'DetailedHTMLProps<HTMLAttributes<HTMLDivElement>, HTMLDivElement>'. Did you mean 'className'?
src/pages/Profile.tsx(69,23): error TS2559: Type 'string' has no properties in common with type 'Properties<string | number, string & {}>'.
src/pages/Profile.tsx(73,23): error TS2322: Type '{ children: Element; id: string; class: string; onclick: string; }' is not assignable to type 'DetailedHTMLProps<ButtonHTMLAttributes<HTMLButtonElement>, HTMLButtonElement>'.
  Property 'class' does not exist on type 'DetailedHTMLProps<ButtonHTMLAttributes<HTMLButtonElement>, HTMLButtonElement>'. Did you mean 'className'?
src/pages/Profile.tsx(76,29): error TS2322: Type '{ children: string; class: string; }' is not assignable to type 'DetailedHTMLProps<HTMLAttributes<HTMLSpanElement>, HTMLSpanElement>'.
  Property 'class' does not exist on type 'DetailedHTMLProps<HTMLAttributes<HTMLSpanElement>, HTMLSpanElement>'. Did you mean 'className'?
src/pages/Profile.tsx(81,24): error TS2322: Type '{ children: Element; class: string; }' is not assignable to type 'DetailedHTMLProps<HTMLAttributes<HTMLDivElement>, HTMLDivElement>'.
  Property 'class' does not exist on type 'DetailedHTMLProps<HTMLAttributes<HTMLDivElement>, HTMLDivElement>'. Did you mean 'className'?
src/pages/Profile.tsx(82,26): error TS2322: Type '{ children: Element[]; class: string; }' is not assignable to type 'DetailedHTMLProps<HTMLAttributes<HTMLDivElement>, HTMLDivElement>'.
  Property 'class' does not exist on type 'DetailedHTMLProps<HTMLAttributes<HTMLDivElement>, HTMLDivElement>'. Did you mean 'className'?
src/pages/Profile.tsx(84,44): error TS2322: Type '{ children: string; id: string; class: string; }' is not assignable to type 'DetailedHTMLProps<HTMLAttributes<HTMLHeadingElement>, HTMLHeadingElement>'.
  Property 'class' does not exist on type 'DetailedHTMLProps<HTMLAttributes<HTMLHeadingElement>, HTMLHeadingElement>'. Did you mean 'className'?
src/pages/Profile.tsx(85,44): error TS2322: Type '{ children: string; id: string; class: string; }' is not assignable to type 'DetailedHTMLProps<HTMLAttributes<HTMLParagraphElement>, HTMLParagraphElement>'.
  Property 'class' does not exist on type 'DetailedHTMLProps<HTMLAttributes<HTMLParagraphElement>, HTMLParagraphElement>'. Did you mean 'className'?
src/pages/Profile.tsx(87,28): error TS2322: Type '{ children: Element[]; class: string; }' is not assignable to type 'DetailedHTMLProps<HTMLAttributes<HTMLDivElement>, HTMLDivElement>'.
  Property 'class' does not exist on type 'DetailedHTMLProps<HTMLAttributes<HTMLDivElement>, HTMLDivElement>'. Did you mean 'className'?
src/pages/Profile.tsx(90,27): error TS2322: Type '{ children: string; id: string; class: string; onclick: string; }' is not assignable to type 'DetailedHTMLProps<ButtonHTMLAttributes<HTMLButtonElement>, HTMLButtonElement>'.
  Property 'class' does not exist on type 'DetailedHTMLProps<ButtonHTMLAttributes<HTMLButtonElement>, HTMLButtonElement>'. Did you mean 'className'?
src/pages/Profile.tsx(95,71): error TS2322: Type '{ children: Element; method: string; action: string; class: string; }' is not assignable to type 'DetailedHTMLProps<FormHTMLAttributes<HTMLFormElement>, HTMLFormElement>'.
  Property 'class' does not exist on type 'DetailedHTMLProps<FormHTMLAttributes<HTMLFormElement>, HTMLFormElement>'. Did you mean 'className'?
src/pages/Profile.tsx(98,29): error TS2322: Type '{ children: string; type: "submit"; class: string; }' is not assignable to type 'DetailedHTMLProps<ButtonHTMLAttributes<HTMLButtonElement>, HTMLButtonElement>'.
  Property 'class' does not exist on type 'DetailedHTMLProps<ButtonHTMLAttributes<HTMLButtonElement>, HTMLButtonElement>'. Did you mean 'className'?
src/pages/Profile.tsx(109,41): error TS2322: Type '{ children: (false | Element)[]; id: string; class: string; }' is not assignable to type 'DetailedHTMLProps<HTMLAttributes<HTMLDivElement>, HTMLDivElement>'.
  Property 'class' does not exist on type 'DetailedHTMLProps<HTMLAttributes<HTMLDivElement>, HTMLDivElement>'. Did you mean 'className'?
src/pages/Profile.tsx(110,24): error TS2322: Type '{ children: Element; class: string; }' is not assignable to type 'DetailedHTMLProps<HTMLAttributes<HTMLDivElement>, HTMLDivElement>'.
  Property 'class' does not exist on type 'DetailedHTMLProps<HTMLAttributes<HTMLDivElement>, HTMLDivElement>'. Did you mean 'className'?
src/pages/Profile.tsx(111,27): error TS2322: Type '{ children: string; class: string; }' is not assignable to type 'DetailedHTMLProps<HTMLAttributes<HTMLSpanElement>, HTMLSpanElement>'.
  Property 'class' does not exist on type 'DetailedHTMLProps<HTMLAttributes<HTMLSpanElement>, HTMLSpanElement>'. Did you mean 'className'?
src/pages/Profile.tsx(114,24): error TS2322: Type '{ children: string; class: string; }' is not assignable to type 'DetailedHTMLProps<HTMLAttributes<HTMLParagraphElement>, HTMLParagraphElement>'.
  Property 'class' does not exist on type 'DetailedHTMLProps<HTMLAttributes<HTMLParagraphElement>, HTMLParagraphElement>'. Did you mean 'className'?
src/pages/Profile.tsx(117,24): error TS2322: Type '{ children: string; class: string; }' is not assignable to type 'DetailedHTMLProps<HTMLAttributes<HTMLParagraphElement>, HTMLParagraphElement>'.
  Property 'class' does not exist on type 'DetailedHTMLProps<HTMLAttributes<HTMLParagraphElement>, HTMLParagraphElement>'. Did you mean 'className'?
src/pages/Profile.tsx(124,40): error TS2322: Type '{ children: string; href: string; class: string; }' is not assignable to type 'DetailedHTMLProps<AnchorHTMLAttributes<HTMLAnchorElement>, HTMLAnchorElement>'.
  Property 'class' does not exist on type 'DetailedHTMLProps<AnchorHTMLAttributes<HTMLAnchorElement>, HTMLAnchorElement>'. Did you mean 'className'?
src/pages/Profile.tsx(134,16): error TS2322: Type '{ children: Element[]; class: string; }' is not assignable to type 'DetailedHTMLProps<HTMLAttributes<HTMLDivElement>, HTMLDivElement>'.
  Property 'class' does not exist on type 'DetailedHTMLProps<HTMLAttributes<HTMLDivElement>, HTMLDivElement>'. Did you mean 'className'?
src/pages/Profile.tsx(135,18): error TS2322: Type '{ children: Element[]; class: string; }' is not assignable to type 'DetailedHTMLProps<HTMLAttributes<HTMLDivElement>, HTMLDivElement>'.
  Property 'class' does not exist on type 'DetailedHTMLProps<HTMLAttributes<HTMLDivElement>, HTMLDivElement>'. Did you mean 'className'?
src/pages/Profile.tsx(136,20): error TS2322: Type '{ children: Element[]; class: string; }' is not assignable to type 'DetailedHTMLProps<HTMLAttributes<HTMLDivElement>, HTMLDivElement>'.
  Property 'class' does not exist on type 'DetailedHTMLProps<HTMLAttributes<HTMLDivElement>, HTMLDivElement>'. Did you mean 'className'?
src/pages/Profile.tsx(137,37): error TS2322: Type '{ children: number | null; id: string; class: string; }' is not assignable to type 'DetailedHTMLProps<HTMLAttributes<HTMLParagraphElement>, HTMLParagraphElement>'.
  Property 'class' does not exist on type 'DetailedHTMLProps<HTMLAttributes<HTMLParagraphElement>, HTMLParagraphElement>'. Did you mean 'className'?
src/pages/Profile.tsx(138,20): error TS2322: Type '{ children: string; class: string; }' is not assignable to type 'DetailedHTMLProps<HTMLAttributes<HTMLParagraphElement>, HTMLParagraphElement>'.
  Property 'class' does not exist on type 'DetailedHTMLProps<HTMLAttributes<HTMLParagraphElement>, HTMLParagraphElement>'. Did you mean 'className'?
src/pages/Profile.tsx(140,20): error TS2322: Type '{ children: Element[]; class: string; }' is not assignable to type 'DetailedHTMLProps<HTMLAttributes<HTMLDivElement>, HTMLDivElement>'.
  Property 'class' does not exist on type 'DetailedHTMLProps<HTMLAttributes<HTMLDivElement>, HTMLDivElement>'. Did you mean 'className'?
src/pages/Profile.tsx(141,33): error TS2322: Type '{ children: string; id: string; class: string; }' is not assignable to type 'DetailedHTMLProps<HTMLAttributes<HTMLParagraphElement>, HTMLParagraphElement>'.
  Property 'class' does not exist on type 'DetailedHTMLProps<HTMLAttributes<HTMLParagraphElement>, HTMLParagraphElement>'. Did you mean 'className'?
src/pages/Profile.tsx(142,20): error TS2322: Type '{ children: string; class: string; }' is not assignable to type 'DetailedHTMLProps<HTMLAttributes<HTMLParagraphElement>, HTMLParagraphElement>'.
  Property 'class' does not exist on type 'DetailedHTMLProps<HTMLAttributes<HTMLParagraphElement>, HTMLParagraphElement>'. Did you mean 'className'?
src/pages/Profile.tsx(144,20): error TS2322: Type '{ children: Element[]; class: string; }' is not assignable to type 'DetailedHTMLProps<HTMLAttributes<HTMLDivElement>, HTMLDivElement>'.
  Property 'class' does not exist on type 'DetailedHTMLProps<HTMLAttributes<HTMLDivElement>, HTMLDivElement>'. Did you mean 'className'?
src/pages/Profile.tsx(145,38): error TS2322: Type '{ children: number; id: string; class: string; }' is not assignable to type 'DetailedHTMLProps<HTMLAttributes<HTMLParagraphElement>, HTMLParagraphElement>'.
  Property 'class' does not exist on type 'DetailedHTMLProps<HTMLAttributes<HTMLParagraphElement>, HTMLParagraphElement>'. Did you mean 'className'?
src/pages/Profile.tsx(146,20): error TS2322: Type '{ children: string; class: string; }' is not assignable to type 'DetailedHTMLProps<HTMLAttributes<HTMLParagraphElement>, HTMLParagraphElement>'.
  Property 'class' does not exist on type 'DetailedHTMLProps<HTMLAttributes<HTMLParagraphElement>, HTMLParagraphElement>'. Did you mean 'className'?
src/pages/Profile.tsx(148,20): error TS2322: Type '{ children: Element[]; class: string; }' is not assignable to type 'DetailedHTMLProps<HTMLAttributes<HTMLDivElement>, HTMLDivElement>'.
  Property 'class' does not exist on type 'DetailedHTMLProps<HTMLAttributes<HTMLDivElement>, HTMLDivElement>'. Did you mean 'className'?
src/pages/Profile.tsx(149,42): error TS2322: Type '{ children: number; id: string; class: string; }' is not assignable to type 'DetailedHTMLProps<HTMLAttributes<HTMLParagraphElement>, HTMLParagraphElement>'.
  Property 'class' does not exist on type 'DetailedHTMLProps<HTMLAttributes<HTMLParagraphElement>, HTMLParagraphElement>'. Did you mean 'className'?
src/pages/Profile.tsx(150,20): error TS2322: Type '{ children: string; class: string; }' is not assignable to type 'DetailedHTMLProps<HTMLAttributes<HTMLParagraphElement>, HTMLParagraphElement>'.
  Property 'class' does not exist on type 'DetailedHTMLProps<HTMLAttributes<HTMLParagraphElement>, HTMLParagraphElement>'. Did you mean 'className'?
src/pages/Profile.tsx(155,41): error TS2322: Type '{ children: Element[]; id: string; class: string; }' is not assignable to type 'DetailedHTMLProps<HTMLAttributes<HTMLDivElement>, HTMLDivElement>'.
  Property 'class' does not exist on type 'DetailedHTMLProps<HTMLAttributes<HTMLDivElement>, HTMLDivElement>'. Did you mean 'className'?
src/pages/Profile.tsx(156,19): error TS2322: Type '{ children: string; class: string; }' is not assignable to type 'DetailedHTMLProps<HTMLAttributes<HTMLHeadingElement>, HTMLHeadingElement>'.
  Property 'class' does not exist on type 'DetailedHTMLProps<HTMLAttributes<HTMLHeadingElement>, HTMLHeadingElement>'. Did you mean 'className'?
src/pages/Profile.tsx(157,39): error TS2322: Type '{ children: Element[]; id: string; class: string; }' is not assignable to type 'DetailedHTMLProps<FormHTMLAttributes<HTMLFormElement>, HTMLFormElement>'.
  Property 'class' does not exist on type 'DetailedHTMLProps<FormHTMLAttributes<HTMLFormElement>, HTMLFormElement>'. Did you mean 'className'?
src/pages/Profile.tsx(159,26): error TS2322: Type '{ children: string; class: string; }' is not assignable to type 'DetailedHTMLProps<LabelHTMLAttributes<HTMLLabelElement>, HTMLLabelElement>'.
  Property 'class' does not exist on type 'DetailedHTMLProps<LabelHTMLAttributes<HTMLLabelElement>, HTMLLabelElement>'. Did you mean 'className'?
src/pages/Profile.tsx(164,21): error TS2322: Type '{ type: "text"; id: string; value: string; class: string; placeholder: string; }' is not assignable to type 'DetailedHTMLProps<InputHTMLAttributes<HTMLInputElement>, HTMLInputElement>'.
  Property 'class' does not exist on type 'DetailedHTMLProps<InputHTMLAttributes<HTMLInputElement>, HTMLInputElement>'. Did you mean 'className'?
src/pages/Profile.tsx(169,26): error TS2322: Type '{ children: string; class: string; }' is not assignable to type 'DetailedHTMLProps<LabelHTMLAttributes<HTMLLabelElement>, HTMLLabelElement>'.
  Property 'class' does not exist on type 'DetailedHTMLProps<LabelHTMLAttributes<HTMLLabelElement>, HTMLLabelElement>'. Did you mean 'className'?
src/pages/Profile.tsx(174,21): error TS2322: Type '{ type: "url"; id: string; value: string; class: string; placeholder: string; }' is not assignable to type 'DetailedHTMLProps<InputHTMLAttributes<HTMLInputElement>, HTMLInputElement>'.
  Property 'class' does not exist on type 'DetailedHTMLProps<InputHTMLAttributes<HTMLInputElement>, HTMLInputElement>'. Did you mean 'className'?
src/pages/Profile.tsx(177,22): error TS2322: Type '{ children: string; class: string; }' is not assignable to type 'DetailedHTMLProps<HTMLAttributes<HTMLParagraphElement>, HTMLParagraphElement>'.
  Property 'class' does not exist on type 'DetailedHTMLProps<HTMLAttributes<HTMLParagraphElement>, HTMLParagraphElement>'. Did you mean 'className'?
src/pages/Profile.tsx(179,22): error TS2322: Type '{ children: Element[]; class: string; }' is not assignable to type 'DetailedHTMLProps<HTMLAttributes<HTMLDivElement>, HTMLDivElement>'.
  Property 'class' does not exist on type 'DetailedHTMLProps<HTMLAttributes<HTMLDivElement>, HTMLDivElement>'. Did you mean 'className'?
src/pages/Profile.tsx(182,21): error TS2322: Type '{ children: string; type: "submit"; class: string; }' is not assignable to type 'DetailedHTMLProps<ButtonHTMLAttributes<HTMLButtonElement>, HTMLButtonElement>'.
  Property 'class' does not exist on type 'DetailedHTMLProps<ButtonHTMLAttributes<HTMLButtonElement>, HTMLButtonElement>'. Did you mean 'className'?
src/pages/Profile.tsx(188,21): error TS2322: Type '{ children: string; type: "button"; onclick: string; class: string; }' is not assignable to type 'DetailedHTMLProps<ButtonHTMLAttributes<HTMLButtonElement>, HTMLButtonElement>'.
  Property 'onclick' does not exist on type 'DetailedHTMLProps<ButtonHTMLAttributes<HTMLButtonElement>, HTMLButtonElement>'. Did you mean 'onClick'?
src/pages/Profile.tsx(198,18): error TS2322: Type '{ children: Element[]; class: string; }' is not assignable to type 'DetailedHTMLProps<HTMLAttributes<HTMLDivElement>, HTMLDivElement>'.
  Property 'class' does not exist on type 'DetailedHTMLProps<HTMLAttributes<HTMLDivElement>, HTMLDivElement>'. Did you mean 'className'?
src/pages/Profile.tsx(199,19): error TS2322: Type '{ children: string; class: string; }' is not assignable to type 'DetailedHTMLProps<HTMLAttributes<HTMLHeadingElement>, HTMLHeadingElement>'.
  Property 'class' does not exist on type 'DetailedHTMLProps<HTMLAttributes<HTMLHeadingElement>, HTMLHeadingElement>'. Did you mean 'className'?
src/pages/Profile.tsx(200,40): error TS2322: Type '{ children: Element[]; id: string; class: string; }' is not assignable to type 'DetailedHTMLProps<FormHTMLAttributes<HTMLFormElement>, HTMLFormElement>'.
  Property 'class' does not exist on type 'DetailedHTMLProps<FormHTMLAttributes<HTMLFormElement>, HTMLFormElement>'. Did you mean 'className'?
src/pages/Profile.tsx(202,26): error TS2322: Type '{ children: string; class: string; }' is not assignable to type 'DetailedHTMLProps<LabelHTMLAttributes<HTMLLabelElement>, HTMLLabelElement>'.
  Property 'class' does not exist on type 'DetailedHTMLProps<LabelHTMLAttributes<HTMLLabelElement>, HTMLLabelElement>'. Did you mean 'className'?
src/pages/Profile.tsx(206,21): error TS2322: Type '{ type: "password"; id: string; class: string; placeholder: string; required: true; }' is not assignable to type 'DetailedHTMLProps<InputHTMLAttributes<HTMLInputElement>, HTMLInputElement>'.
  Property 'class' does not exist on type 'DetailedHTMLProps<InputHTMLAttributes<HTMLInputElement>, HTMLInputElement>'. Did you mean 'className'?
src/pages/Profile.tsx(210,22): error TS2322: Type '{ children: string; class: string; }' is not assignable to type 'DetailedHTMLProps<HTMLAttributes<HTMLParagraphElement>, HTMLParagraphElement>'.
  Property 'class' does not exist on type 'DetailedHTMLProps<HTMLAttributes<HTMLParagraphElement>, HTMLParagraphElement>'. Did you mean 'className'?
src/pages/Profile.tsx(213,26): error TS2322: Type '{ children: string; class: string; }' is not assignable to type 'DetailedHTMLProps<LabelHTMLAttributes<HTMLLabelElement>, HTMLLabelElement>'.
  Property 'class' does not exist on type 'DetailedHTMLProps<LabelHTMLAttributes<HTMLLabelElement>, HTMLLabelElement>'. Did you mean 'className'?
src/pages/Profile.tsx(217,21): error TS2322: Type '{ type: "password"; id: string; class: string; placeholder: string; required: true; }' is not assignable to type 'DetailedHTMLProps<InputHTMLAttributes<HTMLInputElement>, HTMLInputElement>'.
  Property 'class' does not exist on type 'DetailedHTMLProps<InputHTMLAttributes<HTMLInputElement>, HTMLInputElement>'. Did you mean 'className'?
src/pages/Profile.tsx(224,19): error TS2322: Type '{ children: string; type: "submit"; class: string; }' is not assignable to type 'DetailedHTMLProps<ButtonHTMLAttributes<HTMLButtonElement>, HTMLButtonElement>'.
  Property 'class' does not exist on type 'DetailedHTMLProps<ButtonHTMLAttributes<HTMLButtonElement>, HTMLButtonElement>'. Did you mean 'className'?
src/pages/Profile.tsx(232,18): error TS2322: Type '{ children: Element[]; class: string; }' is not assignable to type 'DetailedHTMLProps<HTMLAttributes<HTMLDivElement>, HTMLDivElement>'.
  Property 'class' does not exist on type 'DetailedHTMLProps<HTMLAttributes<HTMLDivElement>, HTMLDivElement>'. Did you mean 'className'?
src/pages/Profile.tsx(233,19): error TS2322: Type '{ children: string; class: string; }' is not assignable to type 'DetailedHTMLProps<HTMLAttributes<HTMLHeadingElement>, HTMLHeadingElement>'.
  Property 'class' does not exist on type 'DetailedHTMLProps<HTMLAttributes<HTMLHeadingElement>, HTMLHeadingElement>'. Did you mean 'className'?
src/pages/Profile.tsx(234,39): error TS2322: Type '{ children: Element | Element[]; id: string; class: string; }' is not assignable to type 'DetailedHTMLProps<HTMLAttributes<HTMLDivElement>, HTMLDivElement>'.
  Property 'class' does not exist on type 'DetailedHTMLProps<HTMLAttributes<HTMLDivElement>, HTMLDivElement>'. Did you mean 'className'?
src/pages/Profile.tsx(237,26): error TS2322: Type '{ children: Element[]; class: string; }' is not assignable to type 'DetailedHTMLProps<HTMLAttributes<HTMLDivElement>, HTMLDivElement>'.
  Property 'class' does not exist on type 'DetailedHTMLProps<HTMLAttributes<HTMLDivElement>, HTMLDivElement>'. Did you mean 'className'?
src/pages/Profile.tsx(238,28): error TS2322: Type '{ children: Element; class: string; }' is not assignable to type 'DetailedHTMLProps<HTMLAttributes<HTMLDivElement>, HTMLDivElement>'.
  Property 'class' does not exist on type 'DetailedHTMLProps<HTMLAttributes<HTMLDivElement>, HTMLDivElement>'. Did you mean 'className'?
src/pages/Profile.tsx(241,31): error TS2322: Type '{ children: string; class: string; }' is not assignable to type 'DetailedHTMLProps<HTMLAttributes<HTMLSpanElement>, HTMLSpanElement>'.
  Property 'class' does not exist on type 'DetailedHTMLProps<HTMLAttributes<HTMLSpanElement>, HTMLSpanElement>'. Did you mean 'className'?
src/pages/Profile.tsx(245,28): error TS2322: Type '{ children: Element[]; class: string; }' is not assignable to type 'DetailedHTMLProps<HTMLAttributes<HTMLDivElement>, HTMLDivElement>'.
  Property 'class' does not exist on type 'DetailedHTMLProps<HTMLAttributes<HTMLDivElement>, HTMLDivElement>'. Did you mean 'className'?
src/pages/Profile.tsx(246,28): error TS2322: Type '{ children: string; class: string; }' is not assignable to type 'DetailedHTMLProps<HTMLAttributes<HTMLParagraphElement>, HTMLParagraphElement>'.
  Property 'class' does not exist on type 'DetailedHTMLProps<HTMLAttributes<HTMLParagraphElement>, HTMLParagraphElement>'. Did you mean 'className'?
src/pages/Profile.tsx(247,28): error TS2322: Type '{ children: string[]; class: string; }' is not assignable to type 'DetailedHTMLProps<HTMLAttributes<HTMLParagraphElement>, HTMLParagraphElement>'.
  Property 'class' does not exist on type 'DetailedHTMLProps<HTMLAttributes<HTMLParagraphElement>, HTMLParagraphElement>'. Did you mean 'className'?
src/pages/Profile.tsx(255,22): error TS2322: Type '{ children: string; class: string; }' is not assignable to type 'DetailedHTMLProps<HTMLAttributes<HTMLParagraphElement>, HTMLParagraphElement>'.
  Property 'class' does not exist on type 'DetailedHTMLProps<HTMLAttributes<HTMLParagraphElement>, HTMLParagraphElement>'. Did you mean 'className'?
src/pages/Profile.tsx(262,16): error TS2322: Type '{ children: Element[]; class: string; }' is not assignable to type 'DetailedHTMLProps<HTMLAttributes<HTMLDivElement>, HTMLDivElement>'.
  Property 'class' does not exist on type 'DetailedHTMLProps<HTMLAttributes<HTMLDivElement>, HTMLDivElement>'. Did you mean 'className'?
src/pages/Profile.tsx(264,18): error TS2322: Type '{ children: Element[]; class: string; }' is not assignable to type 'DetailedHTMLProps<HTMLAttributes<HTMLDivElement>, HTMLDivElement>'.
  Property 'class' does not exist on type 'DetailedHTMLProps<HTMLAttributes<HTMLDivElement>, HTMLDivElement>'. Did you mean 'className'?
src/pages/Profile.tsx(265,20): error TS2322: Type '{ children: Element[]; class: string; }' is not assignable to type 'DetailedHTMLProps<HTMLAttributes<HTMLDivElement>, HTMLDivElement>'.
  Property 'class' does not exist on type 'DetailedHTMLProps<HTMLAttributes<HTMLDivElement>, HTMLDivElement>'. Did you mean 'className'?
src/pages/Profile.tsx(266,21): error TS2322: Type '{ children: string; class: string; }' is not assignable to type 'DetailedHTMLProps<HTMLAttributes<HTMLHeadingElement>, HTMLHeadingElement>'.
  Property 'class' does not exist on type 'DetailedHTMLProps<HTMLAttributes<HTMLHeadingElement>, HTMLHeadingElement>'. Did you mean 'className'?
src/pages/Profile.tsx(267,39): error TS2322: Type '{ children: number; id: string; class: string; }' is not assignable to type 'DetailedHTMLProps<HTMLAttributes<HTMLSpanElement>, HTMLSpanElement>'.
  Property 'class' does not exist on type 'DetailedHTMLProps<HTMLAttributes<HTMLSpanElement>, HTMLSpanElement>'. Did you mean 'className'?
src/pages/Profile.tsx(269,20): error TS2322: Type '{ children: Element[]; class: string; }' is not assignable to type 'DetailedHTMLProps<HTMLAttributes<HTMLDivElement>, HTMLDivElement>'.
  Property 'class' does not exist on type 'DetailedHTMLProps<HTMLAttributes<HTMLDivElement>, HTMLDivElement>'. Did you mean 'className'?
src/pages/Profile.tsx(270,22): error TS2322: Type '{ children: Element[]; class: string; }' is not assignable to type 'DetailedHTMLProps<HTMLAttributes<HTMLDivElement>, HTMLDivElement>'.
  Property 'class' does not exist on type 'DetailedHTMLProps<HTMLAttributes<HTMLDivElement>, HTMLDivElement>'. Did you mean 'className'?
src/pages/Profile.tsx(274,22): error TS2322: Type '{ children: Element; class: string; }' is not assignable to type 'DetailedHTMLProps<HTMLAttributes<HTMLDivElement>, HTMLDivElement>'.
  Property 'class' does not exist on type 'DetailedHTMLProps<HTMLAttributes<HTMLDivElement>, HTMLDivElement>'. Did you mean 'className'?
src/pages/Profile.tsx(275,63): error TS2559: Type 'string' has no properties in common with type 'Properties<string | number, string & {}>'.
src/pages/Profile.tsx(277,20): error TS2322: Type '{ children: (string | number)[]; class: string; }' is not assignable to type 'DetailedHTMLProps<HTMLAttributes<HTMLParagraphElement>, HTMLParagraphElement>'.
  Property 'class' does not exist on type 'DetailedHTMLProps<HTMLAttributes<HTMLParagraphElement>, HTMLParagraphElement>'. Did you mean 'className'?
src/pages/Profile.tsx(282,18): error TS2322: Type '{ children: Element[]; class: string; }' is not assignable to type 'DetailedHTMLProps<HTMLAttributes<HTMLDivElement>, HTMLDivElement>'.
  Property 'class' does not exist on type 'DetailedHTMLProps<HTMLAttributes<HTMLDivElement>, HTMLDivElement>'. Did you mean 'className'?
src/pages/Profile.tsx(283,19): error TS2322: Type '{ children: string; class: string; }' is not assignable to type 'DetailedHTMLProps<HTMLAttributes<HTMLHeadingElement>, HTMLHeadingElement>'.
  Property 'class' does not exist on type 'DetailedHTMLProps<HTMLAttributes<HTMLHeadingElement>, HTMLHeadingElement>'. Did you mean 'className'?
src/pages/Profile.tsx(284,43): error TS2322: Type '{ children: Element[]; id: string; class: string; }' is not assignable to type 'DetailedHTMLProps<HTMLAttributes<HTMLDivElement>, HTMLDivElement>'.
  Property 'class' does not exist on type 'DetailedHTMLProps<HTMLAttributes<HTMLDivElement>, HTMLDivElement>'. Did you mean 'className'?
src/pages/Profile.tsx(286,24): error TS2322: Type '{ children: Element[]; class: string; }' is not assignable to type 'DetailedHTMLProps<HTMLAttributes<HTMLDivElement>, HTMLDivElement>'.
  Property 'class' does not exist on type 'DetailedHTMLProps<HTMLAttributes<HTMLDivElement>, HTMLDivElement>'. Did you mean 'className'?
src/pages/Profile.tsx(287,26): error TS2322: Type '{ children: Element[]; class: string; }' is not assignable to type 'DetailedHTMLProps<HTMLAttributes<HTMLDivElement>, HTMLDivElement>'.
  Property 'class' does not exist on type 'DetailedHTMLProps<HTMLAttributes<HTMLDivElement>, HTMLDivElement>'. Did you mean 'className'?
src/pages/Profile.tsx(290,25): error TS2559: Type 'string' has no properties in common with type 'Properties<string | number, string & {}>'.
src/pages/Profile.tsx(293,28): error TS2322: Type '{ children: string; class: string; }' is not assignable to type 'DetailedHTMLProps<HTMLAttributes<HTMLParagraphElement>, HTMLParagraphElement>'.
  Property 'class' does not exist on type 'DetailedHTMLProps<HTMLAttributes<HTMLParagraphElement>, HTMLParagraphElement>'. Did you mean 'className'?
src/pages/Profile.tsx(294,28): error TS2322: Type '{ children: string; class: string; }' is not assignable to type 'DetailedHTMLProps<HTMLAttributes<HTMLParagraphElement>, HTMLParagraphElement>'.
  Property 'class' does not exist on type 'DetailedHTMLProps<HTMLAttributes<HTMLParagraphElement>, HTMLParagraphElement>'. Did you mean 'className'?
src/pages/Profile.tsx(297,24): error TS2322: Type '{ children: string; class: string; }' is not assignable to type 'DetailedHTMLProps<HTMLAttributes<HTMLParagraphElement>, HTMLParagraphElement>'.
  Property 'class' does not exist on type 'DetailedHTMLProps<HTMLAttributes<HTMLParagraphElement>, HTMLParagraphElement>'. Did you mean 'className'?
src/pages/Profile.tsx(300,24): error TS2322: Type '{ children: Element[]; class: string; }' is not assignable to type 'DetailedHTMLProps<HTMLAttributes<HTMLDivElement>, HTMLDivElement>'.
  Property 'class' does not exist on type 'DetailedHTMLProps<HTMLAttributes<HTMLDivElement>, HTMLDivElement>'. Did you mean 'className'?
src/pages/Profile.tsx(301,24): error TS2322: Type '{ children: string; class: string; }' is not assignable to type 'DetailedHTMLProps<HTMLAttributes<HTMLParagraphElement>, HTMLParagraphElement>'.
  Property 'class' does not exist on type 'DetailedHTMLProps<HTMLAttributes<HTMLParagraphElement>, HTMLParagraphElement>'. Did you mean 'className'?
src/pages/Profile.tsx(302,43): error TS2322: Type '{ children: string; href: string; class: string; }' is not assignable to type 'DetailedHTMLProps<AnchorHTMLAttributes<HTMLAnchorElement>, HTMLAnchorElement>'.
  Property 'class' does not exist on type 'DetailedHTMLProps<AnchorHTMLAttributes<HTMLAnchorElement>, HTMLAnchorElement>'. Did you mean 'className'?
src/pages/Profile.tsx(305,39): error TS2322: Type '{ children: string; href: string; class: string; }' is not assignable to type 'DetailedHTMLProps<AnchorHTMLAttributes<HTMLAnchorElement>, HTMLAnchorElement>'.
  Property 'class' does not exist on type 'DetailedHTMLProps<AnchorHTMLAttributes<HTMLAnchorElement>, HTMLAnchorElement>'. Did you mean 'className'?
src/pages/Profile.tsx(312,18): error TS2322: Type '{ children: Element[]; class: string; }' is not assignable to type 'DetailedHTMLProps<HTMLAttributes<HTMLDivElement>, HTMLDivElement>'.
  Property 'class' does not exist on type 'DetailedHTMLProps<HTMLAttributes<HTMLDivElement>, HTMLDivElement>'. Did you mean 'className'?
src/pages/Profile.tsx(313,19): error TS2322: Type '{ children: string; class: string; }' is not assignable to type 'DetailedHTMLProps<HTMLAttributes<HTMLHeadingElement>, HTMLHeadingElement>'.
  Property 'class' does not exist on type 'DetailedHTMLProps<HTMLAttributes<HTMLHeadingElement>, HTMLHeadingElement>'. Did you mean 'className'?
src/pages/Profile.tsx(314,18): error TS2322: Type '{ children: string; class: string; }' is not assignable to type 'DetailedHTMLProps<HTMLAttributes<HTMLParagraphElement>, HTMLParagraphElement>'.
  Property 'class' does not exist on type 'DetailedHTMLProps<HTMLAttributes<HTMLParagraphElement>, HTMLParagraphElement>'. Did you mean 'className'?
src/pages/Profile.tsx(317,23): error TS2322: Type '{ children: string; class: string; }' is not assignable to type 'DetailedHTMLProps<ButtonHTMLAttributes<HTMLButtonElement>, HTMLButtonElement>'.
  Property 'class' does not exist on type 'DetailedHTMLProps<ButtonHTMLAttributes<HTMLButtonElement>, HTMLButtonElement>'. Did you mean 'className'?
src/pages/Profile.tsx(381,15): error TS2322: Type '{ children: Element[]; class: string; }' is not assignable to type 'DetailedHTMLProps<HTMLAttributes<HTMLElement>, HTMLElement>'.
  Property 'class' does not exist on type 'DetailedHTMLProps<HTMLAttributes<HTMLElement>, HTMLElement>'. Did you mean 'className'?
src/pages/Profile.tsx(382,21): error TS2322: Type '{ children: Element; href: string; class: string; }' is not assignable to type 'DetailedHTMLProps<AnchorHTMLAttributes<HTMLAnchorElement>, HTMLAnchorElement>'.
  Property 'class' does not exist on type 'DetailedHTMLProps<AnchorHTMLAttributes<HTMLAnchorElement>, HTMLAnchorElement>'. Did you mean 'className'?
src/pages/Profile.tsx(383,17): error TS2322: Type '{ children: string; class: string; }' is not assignable to type 'DetailedHTMLProps<HTMLAttributes<HTMLSpanElement>, HTMLSpanElement>'.
  Property 'class' does not exist on type 'DetailedHTMLProps<HTMLAttributes<HTMLSpanElement>, HTMLSpanElement>'. Did you mean 'className'?
src/pages/Profile.tsx(385,28): error TS2322: Type '{ children: Element; href: string; class: string; }' is not assignable to type 'DetailedHTMLProps<AnchorHTMLAttributes<HTMLAnchorElement>, HTMLAnchorElement>'.
  Property 'class' does not exist on type 'DetailedHTMLProps<AnchorHTMLAttributes<HTMLAnchorElement>, HTMLAnchorElement>'. Did you mean 'className'?
src/pages/Profile.tsx(386,17): error TS2322: Type '{ children: string; class: string; }' is not assignable to type 'DetailedHTMLProps<HTMLAttributes<HTMLSpanElement>, HTMLSpanElement>'.
  Property 'class' does not exist on type 'DetailedHTMLProps<HTMLAttributes<HTMLSpanElement>, HTMLSpanElement>'. Did you mean 'className'?
src/pages/Profile.tsx(388,28): error TS2322: Type '{ children: Element; href: string; class: string; }' is not assignable to type 'DetailedHTMLProps<AnchorHTMLAttributes<HTMLAnchorElement>, HTMLAnchorElement>'.
  Property 'class' does not exist on type 'DetailedHTMLProps<AnchorHTMLAttributes<HTMLAnchorElement>, HTMLAnchorElement>'. Did you mean 'className'?
src/pages/Profile.tsx(389,17): error TS2322: Type '{ children: string; class: string; }' is not assignable to type 'DetailedHTMLProps<HTMLAttributes<HTMLSpanElement>, HTMLSpanElement>'.
  Property 'class' does not exist on type 'DetailedHTMLProps<HTMLAttributes<HTMLSpanElement>, HTMLSpanElement>'. Did you mean 'className'?
src/pages/Profile.tsx(391,28): error TS2322: Type '{ children: Element; href: string; class: string; }' is not assignable to type 'DetailedHTMLProps<AnchorHTMLAttributes<HTMLAnchorElement>, HTMLAnchorElement>'.
  Property 'class' does not exist on type 'DetailedHTMLProps<AnchorHTMLAttributes<HTMLAnchorElement>, HTMLAnchorElement>'. Did you mean 'className'?
src/pages/Profile.tsx(392,17): error TS2322: Type '{ children: string; class: string; }' is not assignable to type 'DetailedHTMLProps<HTMLAttributes<HTMLSpanElement>, HTMLSpanElement>'.
  Property 'class' does not exist on type 'DetailedHTMLProps<HTMLAttributes<HTMLSpanElement>, HTMLSpanElement>'. Did you mean 'className'?
src/pages/Quest.tsx(34,14): error TS2322: Type '({ lesson, moduleLessons, progress, navigation }: QuestProps) => Element' is not assignable to type 'FC<QuestProps>'.
  Type 'Element' is not assignable to type 'HtmlEscapedString | Promise<HtmlEscapedString> | null'.
src/pages/Quest.tsx(44,10): error TS2322: Type '{ children: Element[]; class: string; }' is not assignable to type 'DetailedHTMLProps<HTMLAttributes<HTMLDivElement>, HTMLDivElement>'.
  Property 'class' does not exist on type 'DetailedHTMLProps<HTMLAttributes<HTMLDivElement>, HTMLDivElement>'. Did you mean 'className'?
src/pages/Quest.tsx(47,13): error TS2322: Type '{ children: Element[]; class: string; }' is not assignable to type 'DetailedHTMLProps<HTMLAttributes<HTMLElement>, HTMLElement>'.
  Property 'class' does not exist on type 'DetailedHTMLProps<HTMLAttributes<HTMLElement>, HTMLElement>'. Did you mean 'className'?
src/pages/Quest.tsx(49,14): error TS2322: Type '{ children: Element[]; class: string; }' is not assignable to type 'DetailedHTMLProps<HTMLAttributes<HTMLDivElement>, HTMLDivElement>'.
  Property 'class' does not exist on type 'DetailedHTMLProps<HTMLAttributes<HTMLDivElement>, HTMLDivElement>'. Did you mean 'className'?
src/pages/Quest.tsx(50,30): error TS2322: Type '{ children: string; href: string; class: string; }' is not assignable to type 'DetailedHTMLProps<AnchorHTMLAttributes<HTMLAnchorElement>, HTMLAnchorElement>'.
  Property 'class' does not exist on type 'DetailedHTMLProps<AnchorHTMLAttributes<HTMLAnchorElement>, HTMLAnchorElement>'. Did you mean 'className'?
src/pages/Quest.tsx(53,17): error TS2322: Type '{ children: string; class: string; }' is not assignable to type 'DetailedHTMLProps<HTMLAttributes<HTMLSpanElement>, HTMLSpanElement>'.
  Property 'class' does not exist on type 'DetailedHTMLProps<HTMLAttributes<HTMLSpanElement>, HTMLSpanElement>'. Did you mean 'className'?
src/pages/Quest.tsx(54,17): error TS2322: Type '{ children: string; class: string; }' is not assignable to type 'DetailedHTMLProps<HTMLAttributes<HTMLSpanElement>, HTMLSpanElement>'.
  Property 'class' does not exist on type 'DetailedHTMLProps<HTMLAttributes<HTMLSpanElement>, HTMLSpanElement>'. Did you mean 'className'?
src/pages/Quest.tsx(59,14): error TS2322: Type '{ children: Element[]; class: string; }' is not assignable to type 'DetailedHTMLProps<HTMLAttributes<HTMLDivElement>, HTMLDivElement>'.
  Property 'class' does not exist on type 'DetailedHTMLProps<HTMLAttributes<HTMLDivElement>, HTMLDivElement>'. Did you mean 'className'?
src/pages/Quest.tsx(61,16): error TS2322: Type '{ children: Element[]; class: string; }' is not assignable to type 'DetailedHTMLProps<HTMLAttributes<HTMLDivElement>, HTMLDivElement>'.
  Property 'class' does not exist on type 'DetailedHTMLProps<HTMLAttributes<HTMLDivElement>, HTMLDivElement>'. Did you mean 'className'?
src/pages/Quest.tsx(63,18): error TS2322: Type '{ children: Element[]; class: string; }' is not assignable to type 'DetailedHTMLProps<HTMLAttributes<HTMLDivElement>, HTMLDivElement>'.
  Property 'class' does not exist on type 'DetailedHTMLProps<HTMLAttributes<HTMLDivElement>, HTMLDivElement>'. Did you mean 'className'?
src/pages/Quest.tsx(64,20): error TS2322: Type '{ children: Element[]; class: string; }' is not assignable to type 'DetailedHTMLProps<HTMLAttributes<HTMLDivElement>, HTMLDivElement>'.
  Property 'class' does not exist on type 'DetailedHTMLProps<HTMLAttributes<HTMLDivElement>, HTMLDivElement>'. Did you mean 'className'?
src/pages/Quest.tsx(65,21): error TS2322: Type '{ children: string; class: string; }' is not assignable to type 'DetailedHTMLProps<HTMLAttributes<HTMLHeadingElement>, HTMLHeadingElement>'.
  Property 'class' does not exist on type 'DetailedHTMLProps<HTMLAttributes<HTMLHeadingElement>, HTMLHeadingElement>'. Did you mean 'className'?
src/pages/Quest.tsx(68,20): error TS2322: Type '{ children: (string | number)[]; class: string; }' is not assignable to type 'DetailedHTMLProps<HTMLAttributes<HTMLParagraphElement>, HTMLParagraphElement>'.
  Property 'class' does not exist on type 'DetailedHTMLProps<HTMLAttributes<HTMLParagraphElement>, HTMLParagraphElement>'. Did you mean 'className'?
src/pages/Quest.tsx(72,23): error TS2322: Type '{ children: Element[]; class: string; }' is not assignable to type 'DetailedHTMLProps<ButtonHTMLAttributes<HTMLButtonElement>, HTMLButtonElement>'.
  Property 'class' does not exist on type 'DetailedHTMLProps<ButtonHTMLAttributes<HTMLButtonElement>, HTMLButtonElement>'. Did you mean 'className'?
src/pages/Quest.tsx(73,23): error TS2322: Type '{ children: string; class: string; }' is not assignable to type 'DetailedHTMLProps<HTMLAttributes<HTMLSpanElement>, HTMLSpanElement>'.
  Property 'class' does not exist on type 'DetailedHTMLProps<HTMLAttributes<HTMLSpanElement>, HTMLSpanElement>'. Did you mean 'className'?
src/pages/Quest.tsx(79,18): error TS2322: Type '{ children: Element; class: string; }' is not assignable to type 'DetailedHTMLProps<HTMLAttributes<HTMLDivElement>, HTMLDivElement>'.
  Property 'class' does not exist on type 'DetailedHTMLProps<HTMLAttributes<HTMLDivElement>, HTMLDivElement>'. Did you mean 'className'?
src/pages/Quest.tsx(83,17): error TS2559: Type 'string' has no properties in common with type 'Properties<string | number, string & {}>'.
src/pages/Quest.tsx(90,21): error TS2322: Type '{ id: string; src: string; class: string; frameborder: string; allow: string; allowfullscreen: true; }' is not assignable to type 'DetailedHTMLProps<IframeHTMLAttributes<HTMLIFrameElement>, HTMLIFrameElement>'.
  Property 'class' does not exist on type 'DetailedHTMLProps<IframeHTMLAttributes<HTMLIFrameElement>, HTMLIFrameElement>'. Did you mean 'className'?
src/pages/Quest.tsx(97,26): error TS2322: Type '{ class: string; }' is not assignable to type 'DetailedHTMLProps<HTMLAttributes<HTMLDivElement>, HTMLDivElement>'.
  Property 'class' does not exist on type 'DetailedHTMLProps<HTMLAttributes<HTMLDivElement>, HTMLDivElement>'. Did you mean 'className'?
src/pages/Quest.tsx(98,43): error TS2322: Type '{ children: Element; id: string; class: string; }' is not assignable to type 'DetailedHTMLProps<ButtonHTMLAttributes<HTMLButtonElement>, HTMLButtonElement>'.
  Property 'class' does not exist on type 'DetailedHTMLProps<ButtonHTMLAttributes<HTMLButtonElement>, HTMLButtonElement>'. Did you mean 'className'?
src/pages/Quest.tsx(99,29): error TS2322: Type '{ children: string; class: string; }' is not assignable to type 'DetailedHTMLProps<HTMLAttributes<HTMLSpanElement>, HTMLSpanElement>'.
  Property 'class' does not exist on type 'DetailedHTMLProps<HTMLAttributes<HTMLSpanElement>, HTMLSpanElement>'. Did you mean 'className'?
src/pages/Quest.tsx(106,24): error TS2322: Type '{ children: Element[]; class: string; }' is not assignable to type 'DetailedHTMLProps<HTMLAttributes<HTMLDivElement>, HTMLDivElement>'.
  Property 'class' does not exist on type 'DetailedHTMLProps<HTMLAttributes<HTMLDivElement>, HTMLDivElement>'. Did you mean 'className'?
src/pages/Quest.tsx(107,26): error TS2322: Type '{ children: Element; class: string; id: string; }' is not assignable to type 'DetailedHTMLProps<HTMLAttributes<HTMLDivElement>, HTMLDivElement>'.
  Property 'class' does not exist on type 'DetailedHTMLProps<HTMLAttributes<HTMLDivElement>, HTMLDivElement>'. Did you mean 'className'?
src/pages/Quest.tsx(108,86): error TS2559: Type 'string' has no properties in common with type 'Properties<string | number, string & {}>'.
src/pages/Quest.tsx(109,30): error TS2322: Type '{ class: string; }' is not assignable to type 'DetailedHTMLProps<HTMLAttributes<HTMLDivElement>, HTMLDivElement>'.
  Property 'class' does not exist on type 'DetailedHTMLProps<HTMLAttributes<HTMLDivElement>, HTMLDivElement>'. Did you mean 'className'?
src/pages/Quest.tsx(113,26): error TS2322: Type '{ children: Element[]; class: string; }' is not assignable to type 'DetailedHTMLProps<HTMLAttributes<HTMLDivElement>, HTMLDivElement>'.
  Property 'class' does not exist on type 'DetailedHTMLProps<HTMLAttributes<HTMLDivElement>, HTMLDivElement>'. Did you mean 'className'?
src/pages/Quest.tsx(114,28): error TS2322: Type '{ children: Element[]; class: string; }' is not assignable to type 'DetailedHTMLProps<HTMLAttributes<HTMLDivElement>, HTMLDivElement>'.
  Property 'class' does not exist on type 'DetailedHTMLProps<HTMLAttributes<HTMLDivElement>, HTMLDivElement>'. Did you mean 'className'?
src/pages/Quest.tsx(115,33): error TS2322: Type '{ children: Element; class: string; id: string; }' is not assignable to type 'DetailedHTMLProps<ButtonHTMLAttributes<HTMLButtonElement>, HTMLButtonElement>'.
  Property 'class' does not exist on type 'DetailedHTMLProps<ButtonHTMLAttributes<HTMLButtonElement>, HTMLButtonElement>'. Did you mean 'className'?
src/pages/Quest.tsx(116,33): error TS2322: Type '{ children: string; class: string; }' is not assignable to type 'DetailedHTMLProps<HTMLAttributes<HTMLSpanElement>, HTMLSpanElement>'.
  Property 'class' does not exist on type 'DetailedHTMLProps<HTMLAttributes<HTMLSpanElement>, HTMLSpanElement>'. Did you mean 'className'?
src/pages/Quest.tsx(118,33): error TS2322: Type '{ children: Element; class: string; }' is not assignable to type 'DetailedHTMLProps<ButtonHTMLAttributes<HTMLButtonElement>, HTMLButtonElement>'.
  Property 'class' does not exist on type 'DetailedHTMLProps<ButtonHTMLAttributes<HTMLButtonElement>, HTMLButtonElement>'. Did you mean 'className'?
src/pages/Quest.tsx(119,33): error TS2322: Type '{ children: string; class: string; }' is not assignable to type 'DetailedHTMLProps<HTMLAttributes<HTMLSpanElement>, HTMLSpanElement>'.
  Property 'class' does not exist on type 'DetailedHTMLProps<HTMLAttributes<HTMLSpanElement>, HTMLSpanElement>'. Did you mean 'className'?
src/pages/Quest.tsx(121,28): error TS2322: Type '{ children: (string | Element)[]; class: string; }' is not assignable to type 'DetailedHTMLProps<HTMLAttributes<HTMLParagraphElement>, HTMLParagraphElement>'.
  Property 'class' does not exist on type 'DetailedHTMLProps<HTMLAttributes<HTMLParagraphElement>, HTMLParagraphElement>'. Did you mean 'className'?
src/pages/Quest.tsx(125,28): error TS2322: Type '{ children: Element; class: string; }' is not assignable to type 'DetailedHTMLProps<HTMLAttributes<HTMLDivElement>, HTMLDivElement>'.
  Property 'class' does not exist on type 'DetailedHTMLProps<HTMLAttributes<HTMLDivElement>, HTMLDivElement>'. Did you mean 'className'?
src/pages/Quest.tsx(126,33): error TS2322: Type '{ children: Element; class: string; }' is not assignable to type 'DetailedHTMLProps<ButtonHTMLAttributes<HTMLButtonElement>, HTMLButtonElement>'.
  Property 'class' does not exist on type 'DetailedHTMLProps<ButtonHTMLAttributes<HTMLButtonElement>, HTMLButtonElement>'. Did you mean 'className'?
src/pages/Quest.tsx(127,33): error TS2322: Type '{ children: string; class: string; }' is not assignable to type 'DetailedHTMLProps<HTMLAttributes<HTMLSpanElement>, HTMLSpanElement>'.
  Property 'class' does not exist on type 'DetailedHTMLProps<HTMLAttributes<HTMLSpanElement>, HTMLSpanElement>'. Did you mean 'className'?
src/pages/Quest.tsx(137,18): error TS2322: Type '{ children: Element[]; class: string; }' is not assignable to type 'DetailedHTMLProps<HTMLAttributes<HTMLDivElement>, HTMLDivElement>'.
  Property 'class' does not exist on type 'DetailedHTMLProps<HTMLAttributes<HTMLDivElement>, HTMLDivElement>'. Did you mean 'className'?
src/pages/Quest.tsx(138,20): error TS2322: Type '{ children: Element[]; class: string; }' is not assignable to type 'DetailedHTMLProps<HTMLAttributes<HTMLDivElement>, HTMLDivElement>'.
  Property 'class' does not exist on type 'DetailedHTMLProps<HTMLAttributes<HTMLDivElement>, HTMLDivElement>'. Did you mean 'className'?
src/pages/Quest.tsx(139,22): error TS2322: Type '{ class: string; }' is not assignable to type 'DetailedHTMLProps<HTMLAttributes<HTMLDivElement>, HTMLDivElement>'.
  Property 'class' does not exist on type 'DetailedHTMLProps<HTMLAttributes<HTMLDivElement>, HTMLDivElement>'. Did you mean 'className'?
src/pages/Quest.tsx(140,21): error TS2322: Type '{ children: string; class: string; }' is not assignable to type 'DetailedHTMLProps<HTMLAttributes<HTMLHeadingElement>, HTMLHeadingElement>'.
  Property 'class' does not exist on type 'DetailedHTMLProps<HTMLAttributes<HTMLHeadingElement>, HTMLHeadingElement>'. Did you mean 'className'?
src/pages/Quest.tsx(143,20): error TS2322: Type '{ children: Element[]; class: string; }' is not assignable to type 'DetailedHTMLProps<HTMLAttributes<HTMLDivElement>, HTMLDivElement>'.
  Property 'class' does not exist on type 'DetailedHTMLProps<HTMLAttributes<HTMLDivElement>, HTMLDivElement>'. Did you mean 'className'?
src/pages/Quest.tsx(145,22): error TS2322: Type '{ children: Element[]; class: string; }' is not assignable to type 'DetailedHTMLProps<HTMLAttributes<HTMLDivElement>, HTMLDivElement>'.
  Property 'class' does not exist on type 'DetailedHTMLProps<HTMLAttributes<HTMLDivElement>, HTMLDivElement>'. Did you mean 'className'?
src/pages/Quest.tsx(146,24): error TS2322: Type '{ children: Element[]; class: string; }' is not assignable to type 'DetailedHTMLProps<HTMLAttributes<HTMLDivElement>, HTMLDivElement>'.
  Property 'class' does not exist on type 'DetailedHTMLProps<HTMLAttributes<HTMLDivElement>, HTMLDivElement>'. Did you mean 'className'?
src/pages/Quest.tsx(148,26): error TS2322: Type '{ children: string; class: string; }' is not assignable to type 'DetailedHTMLProps<HTMLAttributes<HTMLParagraphElement>, HTMLParagraphElement>'.
  Property 'class' does not exist on type 'DetailedHTMLProps<HTMLAttributes<HTMLParagraphElement>, HTMLParagraphElement>'. Did you mean 'className'?
src/pages/Quest.tsx(149,26): error TS2322: Type '{ children: string; class: string; }' is not assignable to type 'DetailedHTMLProps<HTMLAttributes<HTMLParagraphElement>, HTMLParagraphElement>'.
  Property 'class' does not exist on type 'DetailedHTMLProps<HTMLAttributes<HTMLParagraphElement>, HTMLParagraphElement>'. Did you mean 'className'?
src/pages/Quest.tsx(151,27): error TS2322: Type '{ children: string; class: string; }' is not assignable to type 'DetailedHTMLProps<HTMLAttributes<HTMLSpanElement>, HTMLSpanElement>'.
  Property 'class' does not exist on type 'DetailedHTMLProps<HTMLAttributes<HTMLSpanElement>, HTMLSpanElement>'. Did you mean 'className'?
src/pages/Quest.tsx(155,24): error TS2322: Type '{ children: Element[]; class: string; }' is not assignable to type 'DetailedHTMLProps<HTMLAttributes<HTMLDivElement>, HTMLDivElement>'.
  Property 'class' does not exist on type 'DetailedHTMLProps<HTMLAttributes<HTMLDivElement>, HTMLDivElement>'. Did you mean 'className'?
src/pages/Quest.tsx(156,29): error TS2322: Type '{ children: Element; class: string; }' is not assignable to type 'DetailedHTMLProps<ButtonHTMLAttributes<HTMLButtonElement>, HTMLButtonElement>'.
  Property 'class' does not exist on type 'DetailedHTMLProps<ButtonHTMLAttributes<HTMLButtonElement>, HTMLButtonElement>'. Did you mean 'className'?
src/pages/Quest.tsx(157,29): error TS2322: Type '{ children: string; class: string; }' is not assignable to type 'DetailedHTMLProps<HTMLAttributes<HTMLSpanElement>, HTMLSpanElement>'.
  Property 'class' does not exist on type 'DetailedHTMLProps<HTMLAttributes<HTMLSpanElement>, HTMLSpanElement>'. Did you mean 'className'?
src/pages/Quest.tsx(159,26): error TS2322: Type '{ children: Element[]; class: string; }' is not assignable to type 'DetailedHTMLProps<HTMLAttributes<HTMLDivElement>, HTMLDivElement>'.
  Property 'class' does not exist on type 'DetailedHTMLProps<HTMLAttributes<HTMLDivElement>, HTMLDivElement>'. Did you mean 'className'?
src/pages/Quest.tsx(160,28): error TS2322: Type '{ class: string; }' is not assignable to type 'DetailedHTMLProps<HTMLAttributes<HTMLDivElement>, HTMLDivElement>'.
  Property 'class' does not exist on type 'DetailedHTMLProps<HTMLAttributes<HTMLDivElement>, HTMLDivElement>'. Did you mean 'className'?
src/pages/Quest.tsx(161,75): error TS2559: Type 'string' has no properties in common with type 'Properties<string | number, string & {}>'.
src/pages/Quest.tsx(162,75): error TS2559: Type 'string' has no properties in common with type 'Properties<string | number, string & {}>'.
src/pages/Quest.tsx(163,75): error TS2559: Type 'string' has no properties in common with type 'Properties<string | number, string & {}>'.
src/pages/Quest.tsx(164,72): error TS2559: Type 'string' has no properties in common with type 'Properties<string | number, string & {}>'.
src/pages/Quest.tsx(165,75): error TS2559: Type 'string' has no properties in common with type 'Properties<string | number, string & {}>'.
src/pages/Quest.tsx(171,22): error TS2322: Type '{ children: Element[]; class: string; }' is not assignable to type 'DetailedHTMLProps<HTMLAttributes<HTMLDivElement>, HTMLDivElement>'.
  Property 'class' does not exist on type 'DetailedHTMLProps<HTMLAttributes<HTMLDivElement>, HTMLDivElement>'. Did you mean 'className'?
src/pages/Quest.tsx(172,24): error TS2322: Type '{ class: string; }' is not assignable to type 'DetailedHTMLProps<HTMLAttributes<HTMLDivElement>, HTMLDivElement>'.
  Property 'class' does not exist on type 'DetailedHTMLProps<HTMLAttributes<HTMLDivElement>, HTMLDivElement>'. Did you mean 'className'?
src/pages/Quest.tsx(173,24): error TS2322: Type '{ children: Element[]; class: string; }' is not assignable to type 'DetailedHTMLProps<HTMLAttributes<HTMLDivElement>, HTMLDivElement>'.
  Property 'class' does not exist on type 'DetailedHTMLProps<HTMLAttributes<HTMLDivElement>, HTMLDivElement>'. Did you mean 'className'?
src/pages/Quest.tsx(174,27): error TS2322: Type '{ children: string; class: string; }' is not assignable to type 'DetailedHTMLProps<HTMLAttributes<HTMLSpanElement>, HTMLSpanElement>'.
  Property 'class' does not exist on type 'DetailedHTMLProps<HTMLAttributes<HTMLSpanElement>, HTMLSpanElement>'. Did you mean 'className'?
src/pages/Quest.tsx(175,24): error TS2322: Type '{ children: string; class: string; }' is not assignable to type 'DetailedHTMLProps<HTMLAttributes<HTMLParagraphElement>, HTMLParagraphElement>'.
  Property 'class' does not exist on type 'DetailedHTMLProps<HTMLAttributes<HTMLParagraphElement>, HTMLParagraphElement>'. Did you mean 'className'?
src/pages/Quest.tsx(177,46): error TS2322: Type '{ children: Element[]; id: string; class: string; }' is not assignable to type 'DetailedHTMLProps<FormHTMLAttributes<HTMLFormElement>, HTMLFormElement>'.
  Property 'class' does not exist on type 'DetailedHTMLProps<FormHTMLAttributes<HTMLFormElement>, HTMLFormElement>'. Did you mean 'className'?
src/pages/Quest.tsx(181,23): error TS2322: Type '{ type: "text"; name: string; class: string; placeholder: string; required: true; }' is not assignable to type 'DetailedHTMLProps<InputHTMLAttributes<HTMLInputElement>, HTMLInputElement>'.
  Property 'class' does not exist on type 'DetailedHTMLProps<InputHTMLAttributes<HTMLInputElement>, HTMLInputElement>'. Did you mean 'className'?
src/pages/Quest.tsx(185,43): error TS2322: Type '{ children: Element; type: "submit"; class: string; }' is not assignable to type 'DetailedHTMLProps<ButtonHTMLAttributes<HTMLButtonElement>, HTMLButtonElement>'.
  Property 'class' does not exist on type 'DetailedHTMLProps<ButtonHTMLAttributes<HTMLButtonElement>, HTMLButtonElement>'. Did you mean 'className'?
src/pages/Quest.tsx(186,29): error TS2322: Type '{ children: string; class: string; }' is not assignable to type 'DetailedHTMLProps<HTMLAttributes<HTMLSpanElement>, HTMLSpanElement>'.
  Property 'class' does not exist on type 'DetailedHTMLProps<HTMLAttributes<HTMLSpanElement>, HTMLSpanElement>'. Did you mean 'className'?
src/pages/Quest.tsx(189,22): error TS2322: Type '{ children: string; class: string; }' is not assignable to type 'DetailedHTMLProps<HTMLAttributes<HTMLParagraphElement>, HTMLParagraphElement>'.
  Property 'class' does not exist on type 'DetailedHTMLProps<HTMLAttributes<HTMLParagraphElement>, HTMLParagraphElement>'. Did you mean 'className'?
src/pages/Quest.tsx(196,20): error TS2322: Type '{ children: Element[]; class: string; }' is not assignable to type 'DetailedHTMLProps<HTMLAttributes<HTMLDivElement>, HTMLDivElement>'.
  Property 'class' does not exist on type 'DetailedHTMLProps<HTMLAttributes<HTMLDivElement>, HTMLDivElement>'. Did you mean 'className'?
src/pages/Quest.tsx(197,22): error TS2322: Type '{ children: Element[]; class: string; }' is not assignable to type 'DetailedHTMLProps<HTMLAttributes<HTMLDivElement>, HTMLDivElement>'.
  Property 'class' does not exist on type 'DetailedHTMLProps<HTMLAttributes<HTMLDivElement>, HTMLDivElement>'. Did you mean 'className'?
src/pages/Quest.tsx(198,25): error TS2322: Type '{ children: string; class: string; }' is not assignable to type 'DetailedHTMLProps<HTMLAttributes<HTMLSpanElement>, HTMLSpanElement>'.
  Property 'class' does not exist on type 'DetailedHTMLProps<HTMLAttributes<HTMLSpanElement>, HTMLSpanElement>'. Did you mean 'className'?
src/pages/Quest.tsx(199,22): error TS2322: Type '{ children: string; class: string; }' is not assignable to type 'DetailedHTMLProps<HTMLAttributes<HTMLParagraphElement>, HTMLParagraphElement>'.
  Property 'class' does not exist on type 'DetailedHTMLProps<HTMLAttributes<HTMLParagraphElement>, HTMLParagraphElement>'. Did you mean 'className'?
src/pages/Quest.tsx(203,19): error TS2322: Type '{ id: string; class: string; placeholder: string; }' is not assignable to type 'DetailedHTMLProps<TextareaHTMLAttributes<HTMLTextAreaElement>, HTMLTextAreaElement>'.
  Property 'class' does not exist on type 'DetailedHTMLProps<TextareaHTMLAttributes<HTMLTextAreaElement>, HTMLTextAreaElement>'. Did you mean 'className'?
src/pages/Quest.tsx(206,22): error TS2322: Type '{ children: Element[]; class: string; }' is not assignable to type 'DetailedHTMLProps<HTMLAttributes<HTMLDivElement>, HTMLDivElement>'.
  Property 'class' does not exist on type 'DetailedHTMLProps<HTMLAttributes<HTMLDivElement>, HTMLDivElement>'. Did you mean 'className'?
src/pages/Quest.tsx(207,45): error TS2322: Type '{ children: (string | Element)[]; id: string; class: string; }' is not assignable to type 'DetailedHTMLProps<HTMLAttributes<HTMLSpanElement>, HTMLSpanElement>'.
  Property 'class' does not exist on type 'DetailedHTMLProps<HTMLAttributes<HTMLSpanElement>, HTMLSpanElement>'. Did you mean 'className'?
src/pages/Quest.tsx(208,27): error TS2322: Type '{ children: string; class: string; }' is not assignable to type 'DetailedHTMLProps<HTMLAttributes<HTMLSpanElement>, HTMLSpanElement>'.
  Property 'class' does not exist on type 'DetailedHTMLProps<HTMLAttributes<HTMLSpanElement>, HTMLSpanElement>'. Did you mean 'className'?
src/pages/Quest.tsx(212,21): error TS2322: Type '{ children: string; id: string; class: string; }' is not assignable to type 'DetailedHTMLProps<ButtonHTMLAttributes<HTMLButtonElement>, HTMLButtonElement>'.
  Property 'class' does not exist on type 'DetailedHTMLProps<ButtonHTMLAttributes<HTMLButtonElement>, HTMLButtonElement>'. Did you mean 'className'?
src/pages/Quest.tsx(222,16): error TS2322: Type '{ children: Element; class: string; }' is not assignable to type 'DetailedHTMLProps<HTMLAttributes<HTMLDivElement>, HTMLDivElement>'.
  Property 'class' does not exist on type 'DetailedHTMLProps<HTMLAttributes<HTMLDivElement>, HTMLDivElement>'. Did you mean 'className'?
src/pages/Quest.tsx(223,18): error TS2322: Type '{ children: Element[]; class: string; }' is not assignable to type 'DetailedHTMLProps<HTMLAttributes<HTMLDivElement>, HTMLDivElement>'.
  Property 'class' does not exist on type 'DetailedHTMLProps<HTMLAttributes<HTMLDivElement>, HTMLDivElement>'. Did you mean 'className'?
src/pages/Quest.tsx(225,20): error TS2322: Type '{ children: Element[]; class: string; }' is not assignable to type 'DetailedHTMLProps<HTMLAttributes<HTMLDivElement>, HTMLDivElement>'.
  Property 'class' does not exist on type 'DetailedHTMLProps<HTMLAttributes<HTMLDivElement>, HTMLDivElement>'. Did you mean 'className'?
src/pages/Quest.tsx(226,22): error TS2322: Type '{ children: Element[]; class: string; }' is not assignable to type 'DetailedHTMLProps<HTMLAttributes<HTMLDivElement>, HTMLDivElement>'.
  Property 'class' does not exist on type 'DetailedHTMLProps<HTMLAttributes<HTMLDivElement>, HTMLDivElement>'. Did you mean 'className'?
src/pages/Quest.tsx(227,23): error TS2322: Type '{ children: string; class: string; }' is not assignable to type 'DetailedHTMLProps<HTMLAttributes<HTMLHeadingElement>, HTMLHeadingElement>'.
  Property 'class' does not exist on type 'DetailedHTMLProps<HTMLAttributes<HTMLHeadingElement>, HTMLHeadingElement>'. Did you mean 'className'?
src/pages/Quest.tsx(228,25): error TS2322: Type '{ children: (string | number)[]; class: string; }' is not assignable to type 'DetailedHTMLProps<HTMLAttributes<HTMLSpanElement>, HTMLSpanElement>'.
  Property 'class' does not exist on type 'DetailedHTMLProps<HTMLAttributes<HTMLSpanElement>, HTMLSpanElement>'. Did you mean 'className'?
src/pages/Quest.tsx(230,22): error TS2322: Type '{ children: Element; class: string; }' is not assignable to type 'DetailedHTMLProps<HTMLAttributes<HTMLDivElement>, HTMLDivElement>'.
  Property 'class' does not exist on type 'DetailedHTMLProps<HTMLAttributes<HTMLDivElement>, HTMLDivElement>'. Did you mean 'className'?
src/pages/Quest.tsx(231,66): error TS2559: Type 'string' has no properties in common with type 'Properties<string | number, string & {}>'.
src/pages/Quest.tsx(236,20): error TS2322: Type '{ children: Element[]; class: string; }' is not assignable to type 'DetailedHTMLProps<HTMLAttributes<HTMLDivElement>, HTMLDivElement>'.
  Property 'class' does not exist on type 'DetailedHTMLProps<HTMLAttributes<HTMLDivElement>, HTMLDivElement>'. Did you mean 'className'?
src/pages/Quest.tsx(240,21): error TS2322: Type '{ children: Element; href: string; class: string; }' is not assignable to type 'DetailedHTMLProps<AnchorHTMLAttributes<HTMLAnchorElement>, HTMLAnchorElement>'.
  Property 'class' does not exist on type 'DetailedHTMLProps<AnchorHTMLAttributes<HTMLAnchorElement>, HTMLAnchorElement>'. Did you mean 'className'?
src/pages/Quest.tsx(247,26): error TS2322: Type '{ children: Element[]; class: string; }' is not assignable to type 'DetailedHTMLProps<HTMLAttributes<HTMLDivElement>, HTMLDivElement>'.
  Property 'class' does not exist on type 'DetailedHTMLProps<HTMLAttributes<HTMLDivElement>, HTMLDivElement>'. Did you mean 'className'?
src/pages/Quest.tsx(248,28): error TS2322: Type '{ children: Element; class: string; }' is not assignable to type 'DetailedHTMLProps<HTMLAttributes<HTMLDivElement>, HTMLDivElement>'.
  Property 'class' does not exist on type 'DetailedHTMLProps<HTMLAttributes<HTMLDivElement>, HTMLDivElement>'. Did you mean 'className'?
src/pages/Quest.tsx(251,31): error TS2322: Type '{ children: string; class: string; }' is not assignable to type 'DetailedHTMLProps<HTMLAttributes<HTMLSpanElement>, HTMLSpanElement>'.
  Property 'class' does not exist on type 'DetailedHTMLProps<HTMLAttributes<HTMLSpanElement>, HTMLSpanElement>'. Did you mean 'className'?
src/pages/Quest.tsx(256,28): error TS2322: Type '{ children: Element[]; class: string; }' is not assignable to type 'DetailedHTMLProps<HTMLAttributes<HTMLDivElement>, HTMLDivElement>'.
  Property 'class' does not exist on type 'DetailedHTMLProps<HTMLAttributes<HTMLDivElement>, HTMLDivElement>'. Did you mean 'className'?
src/pages/Quest.tsx(257,28): error TS2322: Type '{ children: (string | number)[]; class: string; }' is not assignable to type 'DetailedHTMLProps<HTMLAttributes<HTMLParagraphElement>, HTMLParagraphElement>'.
  Property 'class' does not exist on type 'DetailedHTMLProps<HTMLAttributes<HTMLParagraphElement>, HTMLParagraphElement>'. Did you mean 'className'?
src/pages/Quest.tsx(262,28): error TS2322: Type '{ children: string[]; class: string; }' is not assignable to type 'DetailedHTMLProps<HTMLAttributes<HTMLParagraphElement>, HTMLParagraphElement>'.
  Property 'class' does not exist on type 'DetailedHTMLProps<HTMLAttributes<HTMLParagraphElement>, HTMLParagraphElement>'. Did you mean 'className'?
src/pages/Quest.tsx(273,20): error TS2322: Type '{ children: (Element | undefined)[]; class: string; }' is not assignable to type 'DetailedHTMLProps<HTMLAttributes<HTMLDivElement>, HTMLDivElement>'.
  Property 'class' does not exist on type 'DetailedHTMLProps<HTMLAttributes<HTMLDivElement>, HTMLDivElement>'. Did you mean 'className'?
src/pages/Quest.tsx(275,60): error TS2322: Type '{ children: (string | Element)[]; href: string; class: string; }' is not assignable to type 'DetailedHTMLProps<AnchorHTMLAttributes<HTMLAnchorElement>, HTMLAnchorElement>'.
  Property 'class' does not exist on type 'DetailedHTMLProps<AnchorHTMLAttributes<HTMLAnchorElement>, HTMLAnchorElement>'. Did you mean 'className'?
src/pages/Quest.tsx(277,27): error TS2322: Type '{ children: string; class: string; }' is not assignable to type 'DetailedHTMLProps<HTMLAttributes<HTMLSpanElement>, HTMLSpanElement>'.
  Property 'class' does not exist on type 'DetailedHTMLProps<HTMLAttributes<HTMLSpanElement>, HTMLSpanElement>'. Did you mean 'className'?
src/pages/Quest.tsx(281,64): error TS2322: Type '{ children: (string | Element)[]; href: string; class: string; }' is not assignable to type 'DetailedHTMLProps<AnchorHTMLAttributes<HTMLAnchorElement>, HTMLAnchorElement>'.
  Property 'class' does not exist on type 'DetailedHTMLProps<AnchorHTMLAttributes<HTMLAnchorElement>, HTMLAnchorElement>'. Did you mean 'className'?
src/pages/Quest.tsx(282,27): error TS2322: Type '{ children: string; class: string; }' is not assignable to type 'DetailedHTMLProps<HTMLAttributes<HTMLSpanElement>, HTMLSpanElement>'.
  Property 'class' does not exist on type 'DetailedHTMLProps<HTMLAttributes<HTMLSpanElement>, HTMLSpanElement>'. Did you mean 'className'?
src/pages/Quest.tsx(410,15): error TS2322: Type '{ children: Element; class: string; }' is not assignable to type 'DetailedHTMLProps<HTMLAttributes<HTMLElement>, HTMLElement>'.
  Property 'class' does not exist on type 'DetailedHTMLProps<HTMLAttributes<HTMLElement>, HTMLElement>'. Did you mean 'className'?
src/pages/Quest.tsx(411,14): error TS2322: Type '{ children: Element[]; class: string; }' is not assignable to type 'DetailedHTMLProps<HTMLAttributes<HTMLDivElement>, HTMLDivElement>'.
  Property 'class' does not exist on type 'DetailedHTMLProps<HTMLAttributes<HTMLDivElement>, HTMLDivElement>'. Did you mean 'className'?
src/pages/Quest.tsx(412,16): error TS2322: Type '{ children: Element[]; class: string; }' is not assignable to type 'DetailedHTMLProps<HTMLAttributes<HTMLDivElement>, HTMLDivElement>'.
  Property 'class' does not exist on type 'DetailedHTMLProps<HTMLAttributes<HTMLDivElement>, HTMLDivElement>'. Did you mean 'className'?
src/pages/Quest.tsx(414,19): error TS2322: Type '{ children: string; class: string; }' is not assignable to type 'DetailedHTMLProps<HTMLAttributes<HTMLSpanElement>, HTMLSpanElement>'.
  Property 'class' does not exist on type 'DetailedHTMLProps<HTMLAttributes<HTMLSpanElement>, HTMLSpanElement>'. Did you mean 'className'?
src/pages/Quest.tsx(416,16): error TS2322: Type '{ children: Element[]; class: string; }' is not assignable to type 'DetailedHTMLProps<HTMLAttributes<HTMLDivElement>, HTMLDivElement>'.
  Property 'class' does not exist on type 'DetailedHTMLProps<HTMLAttributes<HTMLDivElement>, HTMLDivElement>'. Did you mean 'className'?
src/pages/Quest.tsx(417,19): error TS2322: Type '{ children: (string | Element)[]; class: string; }' is not assignable to type 'DetailedHTMLProps<HTMLAttributes<HTMLSpanElement>, HTMLSpanElement>'.
  Property 'class' does not exist on type 'DetailedHTMLProps<HTMLAttributes<HTMLSpanElement>, HTMLSpanElement>'. Did you mean 'className'?
src/pages/Quest.tsx(418,21): error TS2322: Type '{ class: string; }' is not assignable to type 'DetailedHTMLProps<HTMLAttributes<HTMLSpanElement>, HTMLSpanElement>'.
  Property 'class' does not exist on type 'DetailedHTMLProps<HTMLAttributes<HTMLSpanElement>, HTMLSpanElement>'. Did you mean 'className'?
src/pages/Quest.tsx(421,19): error TS2322: Type '{ children: string; class: string; }' is not assignable to type 'DetailedHTMLProps<HTMLAttributes<HTMLSpanElement>, HTMLSpanElement>'.
  Property 'class' does not exist on type 'DetailedHTMLProps<HTMLAttributes<HTMLSpanElement>, HTMLSpanElement>'. Did you mean 'className'?
src/pages/Taberna.tsx(4,14): error TS2322: Type '() => JSX.Element' is not assignable to type 'FC'.
  Type 'Element' is not assignable to type 'HtmlEscapedString | Promise<HtmlEscapedString> | null'.
src/pages/Taberna.tsx(45,10): error TS2322: Type '{ children: Element[]; class: string; }' is not assignable to type 'DetailedHTMLProps<HTMLAttributes<HTMLDivElement>, HTMLDivElement>'.
  Property 'class' does not exist on type 'DetailedHTMLProps<HTMLAttributes<HTMLDivElement>, HTMLDivElement>'. Did you mean 'className'?
src/pages/Taberna.tsx(48,13): error TS2322: Type '{ children: Element[]; class: string; }' is not assignable to type 'DetailedHTMLProps<HTMLAttributes<HTMLElement>, HTMLElement>'.
  Property 'class' does not exist on type 'DetailedHTMLProps<HTMLAttributes<HTMLElement>, HTMLElement>'. Did you mean 'className'?
src/pages/Taberna.tsx(50,16): error TS2322: Type '{ children: Element[]; class: string; }' is not assignable to type 'DetailedHTMLProps<HTMLAttributes<HTMLElement>, HTMLElement>'.
  Property 'class' does not exist on type 'DetailedHTMLProps<HTMLAttributes<HTMLElement>, HTMLElement>'. Did you mean 'className'?
src/pages/Taberna.tsx(51,16): error TS2322: Type '{ children: Element[]; class: string; }' is not assignable to type 'DetailedHTMLProps<HTMLAttributes<HTMLDivElement>, HTMLDivElement>'.
  Property 'class' does not exist on type 'DetailedHTMLProps<HTMLAttributes<HTMLDivElement>, HTMLDivElement>'. Did you mean 'className'?
src/pages/Taberna.tsx(52,17): error TS2322: Type '{ children: string; class: string; }' is not assignable to type 'DetailedHTMLProps<HTMLAttributes<HTMLHeadingElement>, HTMLHeadingElement>'.
  Property 'class' does not exist on type 'DetailedHTMLProps<HTMLAttributes<HTMLHeadingElement>, HTMLHeadingElement>'. Did you mean 'className'?
src/pages/Taberna.tsx(53,16): error TS2322: Type '{ children: string; class: string; }' is not assignable to type 'DetailedHTMLProps<HTMLAttributes<HTMLParagraphElement>, HTMLParagraphElement>'.
  Property 'class' does not exist on type 'DetailedHTMLProps<HTMLAttributes<HTMLParagraphElement>, HTMLParagraphElement>'. Did you mean 'className'?
src/pages/Taberna.tsx(57,16): error TS2322: Type '{ children: Element[]; class: string; }' is not assignable to type 'DetailedHTMLProps<HTMLAttributes<HTMLDivElement>, HTMLDivElement>'.
  Property 'class' does not exist on type 'DetailedHTMLProps<HTMLAttributes<HTMLDivElement>, HTMLDivElement>'. Did you mean 'className'?
src/pages/Taberna.tsx(58,18): error TS2322: Type '{ children: Element[]; class: string; }' is not assignable to type 'DetailedHTMLProps<HTMLAttributes<HTMLDivElement>, HTMLDivElement>'.
  Property 'class' does not exist on type 'DetailedHTMLProps<HTMLAttributes<HTMLDivElement>, HTMLDivElement>'. Did you mean 'className'?
src/pages/Taberna.tsx(59,21): error TS2322: Type '{ children: string; class: string; }' is not assignable to type 'DetailedHTMLProps<HTMLAttributes<HTMLSpanElement>, HTMLSpanElement>'.
  Property 'class' does not exist on type 'DetailedHTMLProps<HTMLAttributes<HTMLSpanElement>, HTMLSpanElement>'. Did you mean 'className'?
src/pages/Taberna.tsx(60,18): error TS2322: Type '{ children: string; class: string; }' is not assignable to type 'DetailedHTMLProps<HTMLAttributes<HTMLParagraphElement>, HTMLParagraphElement>'.
  Property 'class' does not exist on type 'DetailedHTMLProps<HTMLAttributes<HTMLParagraphElement>, HTMLParagraphElement>'. Did you mean 'className'?
src/pages/Taberna.tsx(62,35): error TS2322: Type '{ children: Element[]; href: string; class: string; }' is not assignable to type 'DetailedHTMLProps<AnchorHTMLAttributes<HTMLAnchorElement>, HTMLAnchorElement>'.
  Property 'class' does not exist on type 'DetailedHTMLProps<AnchorHTMLAttributes<HTMLAnchorElement>, HTMLAnchorElement>'. Did you mean 'className'?
src/pages/Taberna.tsx(63,21): error TS2322: Type '{ children: string; class: string; }' is not assignable to type 'DetailedHTMLProps<HTMLAttributes<HTMLSpanElement>, HTMLSpanElement>'.
  Property 'class' does not exist on type 'DetailedHTMLProps<HTMLAttributes<HTMLSpanElement>, HTMLSpanElement>'. Did you mean 'className'?
src/pages/Taberna.tsx(64,18): error TS2322: Type '{ children: string; class: string; }' is not assignable to type 'DetailedHTMLProps<HTMLAttributes<HTMLParagraphElement>, HTMLParagraphElement>'.
  Property 'class' does not exist on type 'DetailedHTMLProps<HTMLAttributes<HTMLParagraphElement>, HTMLParagraphElement>'. Did you mean 'className'?
src/pages/Taberna.tsx(66,31): error TS2322: Type '{ children: Element[]; href: string; class: string; }' is not assignable to type 'DetailedHTMLProps<AnchorHTMLAttributes<HTMLAnchorElement>, HTMLAnchorElement>'.
  Property 'class' does not exist on type 'DetailedHTMLProps<AnchorHTMLAttributes<HTMLAnchorElement>, HTMLAnchorElement>'. Did you mean 'className'?
src/pages/Taberna.tsx(67,21): error TS2322: Type '{ children: string; class: string; }' is not assignable to type 'DetailedHTMLProps<HTMLAttributes<HTMLSpanElement>, HTMLSpanElement>'.
  Property 'class' does not exist on type 'DetailedHTMLProps<HTMLAttributes<HTMLSpanElement>, HTMLSpanElement>'. Did you mean 'className'?
src/pages/Taberna.tsx(68,18): error TS2322: Type '{ children: string; class: string; }' is not assignable to type 'DetailedHTMLProps<HTMLAttributes<HTMLParagraphElement>, HTMLParagraphElement>'.
  Property 'class' does not exist on type 'DetailedHTMLProps<HTMLAttributes<HTMLParagraphElement>, HTMLParagraphElement>'. Did you mean 'className'?
src/pages/Taberna.tsx(70,33): error TS2322: Type '{ children: Element[]; href: string; class: string; }' is not assignable to type 'DetailedHTMLProps<AnchorHTMLAttributes<HTMLAnchorElement>, HTMLAnchorElement>'.
  Property 'class' does not exist on type 'DetailedHTMLProps<AnchorHTMLAttributes<HTMLAnchorElement>, HTMLAnchorElement>'. Did you mean 'className'?
src/pages/Taberna.tsx(71,21): error TS2322: Type '{ children: string; class: string; }' is not assignable to type 'DetailedHTMLProps<HTMLAttributes<HTMLSpanElement>, HTMLSpanElement>'.
  Property 'class' does not exist on type 'DetailedHTMLProps<HTMLAttributes<HTMLSpanElement>, HTMLSpanElement>'. Did you mean 'className'?
src/pages/Taberna.tsx(72,18): error TS2322: Type '{ children: string; class: string; }' is not assignable to type 'DetailedHTMLProps<HTMLAttributes<HTMLParagraphElement>, HTMLParagraphElement>'.
  Property 'class' does not exist on type 'DetailedHTMLProps<HTMLAttributes<HTMLParagraphElement>, HTMLParagraphElement>'. Did you mean 'className'?
src/pages/Taberna.tsx(74,32): error TS2322: Type '{ children: Element[]; href: string; class: string; }' is not assignable to type 'DetailedHTMLProps<AnchorHTMLAttributes<HTMLAnchorElement>, HTMLAnchorElement>'.
  Property 'class' does not exist on type 'DetailedHTMLProps<AnchorHTMLAttributes<HTMLAnchorElement>, HTMLAnchorElement>'. Did you mean 'className'?
src/pages/Taberna.tsx(75,21): error TS2322: Type '{ children: string; class: string; }' is not assignable to type 'DetailedHTMLProps<HTMLAttributes<HTMLSpanElement>, HTMLSpanElement>'.
  Property 'class' does not exist on type 'DetailedHTMLProps<HTMLAttributes<HTMLSpanElement>, HTMLSpanElement>'. Did you mean 'className'?
src/pages/Taberna.tsx(76,18): error TS2322: Type '{ children: string; class: string; }' is not assignable to type 'DetailedHTMLProps<HTMLAttributes<HTMLParagraphElement>, HTMLParagraphElement>'.
  Property 'class' does not exist on type 'DetailedHTMLProps<HTMLAttributes<HTMLParagraphElement>, HTMLParagraphElement>'. Did you mean 'className'?
src/pages/Taberna.tsx(81,16): error TS2322: Type '{ children: Element[]; class: string; }' is not assignable to type 'DetailedHTMLProps<HTMLAttributes<HTMLDivElement>, HTMLDivElement>'.
  Property 'class' does not exist on type 'DetailedHTMLProps<HTMLAttributes<HTMLDivElement>, HTMLDivElement>'. Did you mean 'className'?
src/pages/Taberna.tsx(82,18): error TS2322: Type '{ children: Element[]; class: string; }' is not assignable to type 'DetailedHTMLProps<HTMLAttributes<HTMLDivElement>, HTMLDivElement>'.
  Property 'class' does not exist on type 'DetailedHTMLProps<HTMLAttributes<HTMLDivElement>, HTMLDivElement>'. Did you mean 'className'?
src/pages/Taberna.tsx(83,21): error TS2322: Type '{ children: string; class: string; }' is not assignable to type 'DetailedHTMLProps<HTMLAttributes<HTMLSpanElement>, HTMLSpanElement>'.
  Property 'class' does not exist on type 'DetailedHTMLProps<HTMLAttributes<HTMLSpanElement>, HTMLSpanElement>'. Did you mean 'className'?
src/pages/Taberna.tsx(84,21): error TS2322: Type '{ children: string; class: string; }' is not assignable to type 'DetailedHTMLProps<HTMLAttributes<HTMLSpanElement>, HTMLSpanElement>'.
  Property 'class' does not exist on type 'DetailedHTMLProps<HTMLAttributes<HTMLSpanElement>, HTMLSpanElement>'. Did you mean 'className'?
src/pages/Taberna.tsx(86,16): error TS2322: Type '{ children: string; class: string; }' is not assignable to type 'DetailedHTMLProps<HTMLAttributes<HTMLParagraphElement>, HTMLParagraphElement>'.
  Property 'class' does not exist on type 'DetailedHTMLProps<HTMLAttributes<HTMLParagraphElement>, HTMLParagraphElement>'. Did you mean 'className'?
src/pages/Taberna.tsx(93,14): error TS2322: Type '{ children: Element[]; class: string; }' is not assignable to type 'DetailedHTMLProps<HTMLAttributes<HTMLDivElement>, HTMLDivElement>'.
  Property 'class' does not exist on type 'DetailedHTMLProps<HTMLAttributes<HTMLDivElement>, HTMLDivElement>'. Did you mean 'className'?
src/pages/Taberna.tsx(95,16): error TS2322: Type '{ children: Element[]; class: string; }' is not assignable to type 'DetailedHTMLProps<HTMLAttributes<HTMLDivElement>, HTMLDivElement>'.
  Property 'class' does not exist on type 'DetailedHTMLProps<HTMLAttributes<HTMLDivElement>, HTMLDivElement>'. Did you mean 'className'?
src/pages/Taberna.tsx(96,17): error TS2322: Type '{ children: string; class: string; }' is not assignable to type 'DetailedHTMLProps<HTMLAttributes<HTMLHeadingElement>, HTMLHeadingElement>'.
  Property 'class' does not exist on type 'DetailedHTMLProps<HTMLAttributes<HTMLHeadingElement>, HTMLHeadingElement>'. Did you mean 'className'?
src/pages/Taberna.tsx(99,16): error TS2322: Type '{ children: string; class: string; }' is not assignable to type 'DetailedHTMLProps<HTMLAttributes<HTMLParagraphElement>, HTMLParagraphElement>'.
  Property 'class' does not exist on type 'DetailedHTMLProps<HTMLAttributes<HTMLParagraphElement>, HTMLParagraphElement>'. Did you mean 'className'?
src/pages/Taberna.tsx(105,16): error TS2322: Type '{ children: Element; class: string; }' is not assignable to type 'DetailedHTMLProps<HTMLAttributes<HTMLDivElement>, HTMLDivElement>'.
  Property 'class' does not exist on type 'DetailedHTMLProps<HTMLAttributes<HTMLDivElement>, HTMLDivElement>'. Did you mean 'className'?
src/pages/Taberna.tsx(106,18): error TS2322: Type '{ children: Element[]; class: string; }' is not assignable to type 'DetailedHTMLProps<HTMLAttributes<HTMLDivElement>, HTMLDivElement>'.
  Property 'class' does not exist on type 'DetailedHTMLProps<HTMLAttributes<HTMLDivElement>, HTMLDivElement>'. Did you mean 'className'?
src/pages/Taberna.tsx(109,17): error TS2559: Type 'string' has no properties in common with type 'Properties<string | number, string & {}>'.
src/pages/Taberna.tsx(111,20): error TS2322: Type '{ children: Element[]; class: string; }' is not assignable to type 'DetailedHTMLProps<HTMLAttributes<HTMLDivElement>, HTMLDivElement>'.
  Property 'class' does not exist on type 'DetailedHTMLProps<HTMLAttributes<HTMLDivElement>, HTMLDivElement>'. Did you mean 'className'?
src/pages/Taberna.tsx(113,19): error TS2322: Type '{ class: string; placeholder: string; }' is not assignable to type 'DetailedHTMLProps<TextareaHTMLAttributes<HTMLTextAreaElement>, HTMLTextAreaElement>'.
  Property 'class' does not exist on type 'DetailedHTMLProps<TextareaHTMLAttributes<HTMLTextAreaElement>, HTMLTextAreaElement>'. Did you mean 'className'?
src/pages/Taberna.tsx(116,22): error TS2322: Type '{ children: Element[]; class: string; }' is not assignable to type 'DetailedHTMLProps<HTMLAttributes<HTMLDivElement>, HTMLDivElement>'.
  Property 'class' does not exist on type 'DetailedHTMLProps<HTMLAttributes<HTMLDivElement>, HTMLDivElement>'. Did you mean 'className'?
src/pages/Taberna.tsx(117,24): error TS2322: Type '{ children: Element[]; class: string; }' is not assignable to type 'DetailedHTMLProps<HTMLAttributes<HTMLDivElement>, HTMLDivElement>'.
  Property 'class' does not exist on type 'DetailedHTMLProps<HTMLAttributes<HTMLDivElement>, HTMLDivElement>'. Did you mean 'className'?
src/pages/Taberna.tsx(118,29): error TS2322: Type '{ children: Element; class: string; }' is not assignable to type 'DetailedHTMLProps<ButtonHTMLAttributes<HTMLButtonElement>, HTMLButtonElement>'.
  Property 'class' does not exist on type 'DetailedHTMLProps<ButtonHTMLAttributes<HTMLButtonElement>, HTMLButtonElement>'. Did you mean 'className'?
src/pages/Taberna.tsx(119,29): error TS2322: Type '{ children: string; class: string; }' is not assignable to type 'DetailedHTMLProps<HTMLAttributes<HTMLSpanElement>, HTMLSpanElement>'.
  Property 'class' does not exist on type 'DetailedHTMLProps<HTMLAttributes<HTMLSpanElement>, HTMLSpanElement>'. Did you mean 'className'?
src/pages/Taberna.tsx(121,29): error TS2322: Type '{ children: Element; class: string; }' is not assignable to type 'DetailedHTMLProps<ButtonHTMLAttributes<HTMLButtonElement>, HTMLButtonElement>'.
  Property 'class' does not exist on type 'DetailedHTMLProps<ButtonHTMLAttributes<HTMLButtonElement>, HTMLButtonElement>'. Did you mean 'className'?
src/pages/Taberna.tsx(122,29): error TS2322: Type '{ children: string; class: string; }' is not assignable to type 'DetailedHTMLProps<HTMLAttributes<HTMLSpanElement>, HTMLSpanElement>'.
  Property 'class' does not exist on type 'DetailedHTMLProps<HTMLAttributes<HTMLSpanElement>, HTMLSpanElement>'. Did you mean 'className'?
src/pages/Taberna.tsx(124,29): error TS2322: Type '{ children: Element; class: string; }' is not assignable to type 'DetailedHTMLProps<ButtonHTMLAttributes<HTMLButtonElement>, HTMLButtonElement>'.
  Property 'class' does not exist on type 'DetailedHTMLProps<ButtonHTMLAttributes<HTMLButtonElement>, HTMLButtonElement>'. Did you mean 'className'?
src/pages/Taberna.tsx(125,29): error TS2322: Type '{ children: string; class: string; }' is not assignable to type 'DetailedHTMLProps<HTMLAttributes<HTMLSpanElement>, HTMLSpanElement>'.
  Property 'class' does not exist on type 'DetailedHTMLProps<HTMLAttributes<HTMLSpanElement>, HTMLSpanElement>'. Did you mean 'className'?
src/pages/Taberna.tsx(128,27): error TS2322: Type '{ children: string; class: string; }' is not assignable to type 'DetailedHTMLProps<ButtonHTMLAttributes<HTMLButtonElement>, HTMLButtonElement>'.
  Property 'class' does not exist on type 'DetailedHTMLProps<ButtonHTMLAttributes<HTMLButtonElement>, HTMLButtonElement>'. Did you mean 'className'?
src/pages/Taberna.tsx(137,16): error TS2322: Type '{ children: Element[]; class: string; }' is not assignable to type 'DetailedHTMLProps<HTMLAttributes<HTMLDivElement>, HTMLDivElement>'.
  Property 'class' does not exist on type 'DetailedHTMLProps<HTMLAttributes<HTMLDivElement>, HTMLDivElement>'. Did you mean 'className'?
src/pages/Taberna.tsx(138,21): error TS2322: Type '{ children: string; class: string; }' is not assignable to type 'DetailedHTMLProps<ButtonHTMLAttributes<HTMLButtonElement>, HTMLButtonElement>'.
  Property 'class' does not exist on type 'DetailedHTMLProps<ButtonHTMLAttributes<HTMLButtonElement>, HTMLButtonElement>'. Did you mean 'className'?
src/pages/Taberna.tsx(141,21): error TS2322: Type '{ children: string; class: string; }' is not assignable to type 'DetailedHTMLProps<ButtonHTMLAttributes<HTMLButtonElement>, HTMLButtonElement>'.
  Property 'class' does not exist on type 'DetailedHTMLProps<ButtonHTMLAttributes<HTMLButtonElement>, HTMLButtonElement>'. Did you mean 'className'?
src/pages/Taberna.tsx(144,21): error TS2322: Type '{ children: string; class: string; }' is not assignable to type 'DetailedHTMLProps<ButtonHTMLAttributes<HTMLButtonElement>, HTMLButtonElement>'.
  Property 'class' does not exist on type 'DetailedHTMLProps<ButtonHTMLAttributes<HTMLButtonElement>, HTMLButtonElement>'. Did you mean 'className'?
src/pages/Taberna.tsx(150,16): error TS2322: Type '{ children: Element[]; class: string; }' is not assignable to type 'DetailedHTMLProps<HTMLAttributes<HTMLDivElement>, HTMLDivElement>'.
  Property 'class' does not exist on type 'DetailedHTMLProps<HTMLAttributes<HTMLDivElement>, HTMLDivElement>'. Did you mean 'className'?
src/pages/Taberna.tsx(152,24): error TS2322: Type '{ children: Element[]; class: string; }' is not assignable to type 'DetailedHTMLProps<HTMLAttributes<HTMLElement>, HTMLElement>'.
  Property 'class' does not exist on type 'DetailedHTMLProps<HTMLAttributes<HTMLElement>, HTMLElement>'. Did you mean 'className'?
src/pages/Taberna.tsx(153,22): error TS2322: Type '{ children: Element[]; class: string; }' is not assignable to type 'DetailedHTMLProps<HTMLAttributes<HTMLDivElement>, HTMLDivElement>'.
  Property 'class' does not exist on type 'DetailedHTMLProps<HTMLAttributes<HTMLDivElement>, HTMLDivElement>'. Did you mean 'className'?
src/pages/Taberna.tsx(154,24): error TS2322: Type '{ children: Element[]; class: string; }' is not assignable to type 'DetailedHTMLProps<HTMLAttributes<HTMLDivElement>, HTMLDivElement>'.
  Property 'class' does not exist on type 'DetailedHTMLProps<HTMLAttributes<HTMLDivElement>, HTMLDivElement>'. Did you mean 'className'?
src/pages/Taberna.tsx(157,23): error TS2559: Type 'string' has no properties in common with type 'Properties<string | number, string & {}>'.
src/pages/Taberna.tsx(160,27): error TS2322: Type '{ children: string; class: string; }' is not assignable to type 'DetailedHTMLProps<HTMLAttributes<HTMLHeadingElement>, HTMLHeadingElement>'.
  Property 'class' does not exist on type 'DetailedHTMLProps<HTMLAttributes<HTMLHeadingElement>, HTMLHeadingElement>'. Did you mean 'className'?
src/pages/Taberna.tsx(161,26): error TS2322: Type '{ children: string[]; class: string; }' is not assignable to type 'DetailedHTMLProps<HTMLAttributes<HTMLParagraphElement>, HTMLParagraphElement>'.
  Property 'class' does not exist on type 'DetailedHTMLProps<HTMLAttributes<HTMLParagraphElement>, HTMLParagraphElement>'. Did you mean 'className'?
src/pages/Taberna.tsx(164,27): error TS2322: Type '{ children: Element; class: string; }' is not assignable to type 'DetailedHTMLProps<ButtonHTMLAttributes<HTMLButtonElement>, HTMLButtonElement>'.
  Property 'class' does not exist on type 'DetailedHTMLProps<ButtonHTMLAttributes<HTMLButtonElement>, HTMLButtonElement>'. Did you mean 'className'?
src/pages/Taberna.tsx(165,27): error TS2322: Type '{ children: string; class: string; }' is not assignable to type 'DetailedHTMLProps<HTMLAttributes<HTMLSpanElement>, HTMLSpanElement>'.
  Property 'class' does not exist on type 'DetailedHTMLProps<HTMLAttributes<HTMLSpanElement>, HTMLSpanElement>'. Did you mean 'className'?
src/pages/Taberna.tsx(168,20): error TS2322: Type '{ children: string; class: string; }' is not assignable to type 'DetailedHTMLProps<HTMLAttributes<HTMLParagraphElement>, HTMLParagraphElement>'.
  Property 'class' does not exist on type 'DetailedHTMLProps<HTMLAttributes<HTMLParagraphElement>, HTMLParagraphElement>'. Did you mean 'className'?
src/pages/Taberna.tsx(171,22): error TS2322: Type '{ children: Element[]; class: string; }' is not assignable to type 'DetailedHTMLProps<HTMLAttributes<HTMLDivElement>, HTMLDivElement>'.
  Property 'class' does not exist on type 'DetailedHTMLProps<HTMLAttributes<HTMLDivElement>, HTMLDivElement>'. Did you mean 'className'?
src/pages/Taberna.tsx(172,27): error TS2322: Type '{ children: Element[]; class: string; }' is not assignable to type 'DetailedHTMLProps<ButtonHTMLAttributes<HTMLButtonElement>, HTMLButtonElement>'.
  Property 'class' does not exist on type 'DetailedHTMLProps<ButtonHTMLAttributes<HTMLButtonElement>, HTMLButtonElement>'. Did you mean 'className'?
src/pages/Taberna.tsx(173,27): error TS2322: Type '{ children: string; class: string; }' is not assignable to type 'DetailedHTMLProps<HTMLAttributes<HTMLSpanElement>, HTMLSpanElement>'.
  Property 'class' does not exist on type 'DetailedHTMLProps<HTMLAttributes<HTMLSpanElement>, HTMLSpanElement>'. Did you mean 'className'?
src/pages/Taberna.tsx(174,27): error TS2322: Type '{ children: (string | number)[]; class: string; }' is not assignable to type 'DetailedHTMLProps<HTMLAttributes<HTMLSpanElement>, HTMLSpanElement>'.
  Property 'class' does not exist on type 'DetailedHTMLProps<HTMLAttributes<HTMLSpanElement>, HTMLSpanElement>'. Did you mean 'className'?
src/pages/Taberna.tsx(176,27): error TS2322: Type '{ children: Element[]; class: string; }' is not assignable to type 'DetailedHTMLProps<ButtonHTMLAttributes<HTMLButtonElement>, HTMLButtonElement>'.
  Property 'class' does not exist on type 'DetailedHTMLProps<ButtonHTMLAttributes<HTMLButtonElement>, HTMLButtonElement>'. Did you mean 'className'?
src/pages/Taberna.tsx(177,27): error TS2322: Type '{ children: string; class: string; }' is not assignable to type 'DetailedHTMLProps<HTMLAttributes<HTMLSpanElement>, HTMLSpanElement>'.
  Property 'class' does not exist on type 'DetailedHTMLProps<HTMLAttributes<HTMLSpanElement>, HTMLSpanElement>'. Did you mean 'className'?
src/pages/Taberna.tsx(178,27): error TS2322: Type '{ children: (string | number)[]; class: string; }' is not assignable to type 'DetailedHTMLProps<HTMLAttributes<HTMLSpanElement>, HTMLSpanElement>'.
  Property 'class' does not exist on type 'DetailedHTMLProps<HTMLAttributes<HTMLSpanElement>, HTMLSpanElement>'. Did you mean 'className'?
src/pages/Taberna.tsx(187,16): error TS2322: Type '{ children: Element[]; class: string; }' is not assignable to type 'DetailedHTMLProps<HTMLAttributes<HTMLElement>, HTMLElement>'.
  Property 'class' does not exist on type 'DetailedHTMLProps<HTMLAttributes<HTMLElement>, HTMLElement>'. Did you mean 'className'?
src/pages/Taberna.tsx(189,19): error TS2322: Type '{ children: Element[]; class: string; }' is not assignable to type 'DetailedHTMLProps<ButtonHTMLAttributes<HTMLButtonElement>, HTMLButtonElement>'.
  Property 'class' does not exist on type 'DetailedHTMLProps<ButtonHTMLAttributes<HTMLButtonElement>, HTMLButtonElement>'. Did you mean 'className'?
src/pages/Taberna.tsx(190,18): error TS2322: Type '{ class: string; }' is not assignable to type 'DetailedHTMLProps<HTMLAttributes<HTMLDivElement>, HTMLDivElement>'.
  Property 'class' does not exist on type 'DetailedHTMLProps<HTMLAttributes<HTMLDivElement>, HTMLDivElement>'. Did you mean 'className'?
src/pages/Taberna.tsx(191,18): error TS2322: Type '{ children: Element[]; class: string; }' is not assignable to type 'DetailedHTMLProps<HTMLAttributes<HTMLDivElement>, HTMLDivElement>'.
  Property 'class' does not exist on type 'DetailedHTMLProps<HTMLAttributes<HTMLDivElement>, HTMLDivElement>'. Did you mean 'className'?
src/pages/Taberna.tsx(192,21): error TS2322: Type '{ children: string; class: string; }' is not assignable to type 'DetailedHTMLProps<HTMLAttributes<HTMLSpanElement>, HTMLSpanElement>'.
  Property 'class' does not exist on type 'DetailedHTMLProps<HTMLAttributes<HTMLSpanElement>, HTMLSpanElement>'. Did you mean 'className'?
src/pages/Taberna.tsx(193,19): error TS2322: Type '{ children: string; class: string; }' is not assignable to type 'DetailedHTMLProps<HTMLAttributes<HTMLHeadingElement>, HTMLHeadingElement>'.
  Property 'class' does not exist on type 'DetailedHTMLProps<HTMLAttributes<HTMLHeadingElement>, HTMLHeadingElement>'. Did you mean 'className'?
src/pages/Taberna.tsx(194,18): error TS2322: Type '{ children: string; class: string; }' is not assignable to type 'DetailedHTMLProps<HTMLAttributes<HTMLParagraphElement>, HTMLParagraphElement>'.
  Property 'class' does not exist on type 'DetailedHTMLProps<HTMLAttributes<HTMLParagraphElement>, HTMLParagraphElement>'. Did you mean 'className'?
src/pages/Taberna.tsx(195,20): error TS2322: Type '{ children: string; class: string; }' is not assignable to type 'DetailedHTMLProps<HTMLAttributes<HTMLDivElement>, HTMLDivElement>'.
  Property 'class' does not exist on type 'DetailedHTMLProps<HTMLAttributes<HTMLDivElement>, HTMLDivElement>'. Did you mean 'className'?
src/pages/Taberna.tsx(202,16): error TS2322: Type '{ children: Element[]; class: string; }' is not assignable to type 'DetailedHTMLProps<HTMLAttributes<HTMLDivElement>, HTMLDivElement>'.
  Property 'class' does not exist on type 'DetailedHTMLProps<HTMLAttributes<HTMLDivElement>, HTMLDivElement>'. Did you mean 'className'?
src/pages/Taberna.tsx(203,18): error TS2322: Type '{ children: Element[]; class: string; }' is not assignable to type 'DetailedHTMLProps<HTMLAttributes<HTMLDivElement>, HTMLDivElement>'.
  Property 'class' does not exist on type 'DetailedHTMLProps<HTMLAttributes<HTMLDivElement>, HTMLDivElement>'. Did you mean 'className'?
src/pages/Taberna.tsx(204,19): error TS2322: Type '{ children: string; class: string; }' is not assignable to type 'DetailedHTMLProps<HTMLAttributes<HTMLHeadingElement>, HTMLHeadingElement>'.
  Property 'class' does not exist on type 'DetailedHTMLProps<HTMLAttributes<HTMLHeadingElement>, HTMLHeadingElement>'. Did you mean 'className'?
src/pages/Taberna.tsx(205,21): error TS2322: Type '{ children: string; class: string; }' is not assignable to type 'DetailedHTMLProps<HTMLAttributes<HTMLSpanElement>, HTMLSpanElement>'.
  Property 'class' does not exist on type 'DetailedHTMLProps<HTMLAttributes<HTMLSpanElement>, HTMLSpanElement>'. Did you mean 'className'?
src/pages/Taberna.tsx(207,18): error TS2322: Type '{ children: Element[]; class: string; }' is not assignable to type 'DetailedHTMLProps<HTMLAttributes<HTMLDivElement>, HTMLDivElement>'.
  Property 'class' does not exist on type 'DetailedHTMLProps<HTMLAttributes<HTMLDivElement>, HTMLDivElement>'. Did you mean 'className'?
src/pages/Taberna.tsx(209,22): error TS2322: Type '{ children: Element[]; class: string; }' is not assignable to type 'DetailedHTMLProps<HTMLAttributes<HTMLDivElement>, HTMLDivElement>'.
  Property 'class' does not exist on type 'DetailedHTMLProps<HTMLAttributes<HTMLDivElement>, HTMLDivElement>'. Did you mean 'className'?
src/pages/Taberna.tsx(210,24): error TS2322: Type '{ children: Element[]; class: string; }' is not assignable to type 'DetailedHTMLProps<HTMLAttributes<HTMLDivElement>, HTMLDivElement>'.
  Property 'class' does not exist on type 'DetailedHTMLProps<HTMLAttributes<HTMLDivElement>, HTMLDivElement>'. Did you mean 'className'?
src/pages/Taberna.tsx(211,26): error TS2322: Type '{ children: Element[]; class: string; }' is not assignable to type 'DetailedHTMLProps<HTMLAttributes<HTMLDivElement>, HTMLDivElement>'.
  Property 'class' does not exist on type 'DetailedHTMLProps<HTMLAttributes<HTMLDivElement>, HTMLDivElement>'. Did you mean 'className'?
src/pages/Taberna.tsx(214,25): error TS2559: Type 'string' has no properties in common with type 'Properties<string | number, string & {}>'.
src/pages/Taberna.tsx(216,28): error TS2322: Type '{ class: string; }' is not assignable to type 'DetailedHTMLProps<HTMLAttributes<HTMLDivElement>, HTMLDivElement>'.
  Property 'class' does not exist on type 'DetailedHTMLProps<HTMLAttributes<HTMLDivElement>, HTMLDivElement>'. Did you mean 'className'?
src/pages/Taberna.tsx(218,26): error TS2322: Type '{ children: Element[]; class: string; }' is not assignable to type 'DetailedHTMLProps<HTMLAttributes<HTMLDivElement>, HTMLDivElement>'.
  Property 'class' does not exist on type 'DetailedHTMLProps<HTMLAttributes<HTMLDivElement>, HTMLDivElement>'. Did you mean 'className'?
src/pages/Taberna.tsx(219,29): error TS2322: Type '{ children: string; class: string; }' is not assignable to type 'DetailedHTMLProps<HTMLAttributes<HTMLSpanElement>, HTMLSpanElement>'.
  Property 'class' does not exist on type 'DetailedHTMLProps<HTMLAttributes<HTMLSpanElement>, HTMLSpanElement>'. Did you mean 'className'?
src/pages/Taberna.tsx(222,29): error TS2322: Type '{ children: string; class: string; }' is not assignable to type 'DetailedHTMLProps<HTMLAttributes<HTMLSpanElement>, HTMLSpanElement>'.
  Property 'class' does not exist on type 'DetailedHTMLProps<HTMLAttributes<HTMLSpanElement>, HTMLSpanElement>'. Did you mean 'className'?
src/pages/Taberna.tsx(227,25): error TS2322: Type '{ children: string; class: string; }' is not assignable to type 'DetailedHTMLProps<HTMLAttributes<HTMLSpanElement>, HTMLSpanElement>'.
  Property 'class' does not exist on type 'DetailedHTMLProps<HTMLAttributes<HTMLSpanElement>, HTMLSpanElement>'. Did you mean 'className'?
src/pages/Taberna.tsx(231,21): error TS2322: Type '{ children: string; class: string; }' is not assignable to type 'DetailedHTMLProps<ButtonHTMLAttributes<HTMLButtonElement>, HTMLButtonElement>'.
  Property 'class' does not exist on type 'DetailedHTMLProps<ButtonHTMLAttributes<HTMLButtonElement>, HTMLButtonElement>'. Did you mean 'className'?
src/pages/Taberna.tsx(237,16): error TS2322: Type '{ children: Element[]; class: string; }' is not assignable to type 'DetailedHTMLProps<HTMLAttributes<HTMLDivElement>, HTMLDivElement>'.
  Property 'class' does not exist on type 'DetailedHTMLProps<HTMLAttributes<HTMLDivElement>, HTMLDivElement>'. Did you mean 'className'?
src/pages/Taberna.tsx(238,17): error TS2322: Type '{ children: string; class: string; }' is not assignable to type 'DetailedHTMLProps<HTMLAttributes<HTMLHeadingElement>, HTMLHeadingElement>'.
  Property 'class' does not exist on type 'DetailedHTMLProps<HTMLAttributes<HTMLHeadingElement>, HTMLHeadingElement>'. Did you mean 'className'?
src/pages/Taberna.tsx(239,16): error TS2322: Type '{ children: string; class: string; }' is not assignable to type 'DetailedHTMLProps<HTMLAttributes<HTMLParagraphElement>, HTMLParagraphElement>'.
  Property 'class' does not exist on type 'DetailedHTMLProps<HTMLAttributes<HTMLParagraphElement>, HTMLParagraphElement>'. Did you mean 'className'?
src/pages/Taberna.tsx(242,18): error TS2322: Type '{ children: Element[]; class: string; }' is not assignable to type 'DetailedHTMLProps<HTMLAttributes<HTMLDivElement>, HTMLDivElement>'.
  Property 'class' does not exist on type 'DetailedHTMLProps<HTMLAttributes<HTMLDivElement>, HTMLDivElement>'. Did you mean 'className'?
src/pages/Taberna.tsx(243,21): error TS2322: Type '{ children: string; class: string; }' is not assignable to type 'DetailedHTMLProps<HTMLAttributes<HTMLSpanElement>, HTMLSpanElement>'.
  Property 'class' does not exist on type 'DetailedHTMLProps<HTMLAttributes<HTMLSpanElement>, HTMLSpanElement>'. Did you mean 'className'?
src/pages/Taberna.tsx(244,21): error TS2322: Type '{ children: string; class: string; }' is not assignable to type 'DetailedHTMLProps<HTMLAttributes<HTMLSpanElement>, HTMLSpanElement>'.
  Property 'class' does not exist on type 'DetailedHTMLProps<HTMLAttributes<HTMLSpanElement>, HTMLSpanElement>'. Did you mean 'className'?
src/pages/Taberna.tsx(251,15): error TS2322: Type '{ children: Element[]; class: string; }' is not assignable to type 'DetailedHTMLProps<HTMLAttributes<HTMLElement>, HTMLElement>'.
  Property 'class' does not exist on type 'DetailedHTMLProps<HTMLAttributes<HTMLElement>, HTMLElement>'. Did you mean 'className'?
src/pages/Taberna.tsx(252,21): error TS2322: Type '{ children: Element; href: string; class: string; }' is not assignable to type 'DetailedHTMLProps<AnchorHTMLAttributes<HTMLAnchorElement>, HTMLAnchorElement>'.
  Property 'class' does not exist on type 'DetailedHTMLProps<AnchorHTMLAttributes<HTMLAnchorElement>, HTMLAnchorElement>'. Did you mean 'className'?
src/pages/Taberna.tsx(253,17): error TS2322: Type '{ children: string; class: string; }' is not assignable to type 'DetailedHTMLProps<HTMLAttributes<HTMLSpanElement>, HTMLSpanElement>'.
  Property 'class' does not exist on type 'DetailedHTMLProps<HTMLAttributes<HTMLSpanElement>, HTMLSpanElement>'. Did you mean 'className'?
src/pages/Taberna.tsx(255,28): error TS2322: Type '{ children: Element; href: string; class: string; }' is not assignable to type 'DetailedHTMLProps<AnchorHTMLAttributes<HTMLAnchorElement>, HTMLAnchorElement>'.
  Property 'class' does not exist on type 'DetailedHTMLProps<AnchorHTMLAttributes<HTMLAnchorElement>, HTMLAnchorElement>'. Did you mean 'className'?
src/pages/Taberna.tsx(256,17): error TS2322: Type '{ children: string; class: string; }' is not assignable to type 'DetailedHTMLProps<HTMLAttributes<HTMLSpanElement>, HTMLSpanElement>'.
  Property 'class' does not exist on type 'DetailedHTMLProps<HTMLAttributes<HTMLSpanElement>, HTMLSpanElement>'. Did you mean 'className'?
src/pages/Taberna.tsx(258,28): error TS2322: Type '{ children: Element; href: string; class: string; }' is not assignable to type 'DetailedHTMLProps<AnchorHTMLAttributes<HTMLAnchorElement>, HTMLAnchorElement>'.
  Property 'class' does not exist on type 'DetailedHTMLProps<AnchorHTMLAttributes<HTMLAnchorElement>, HTMLAnchorElement>'. Did you mean 'className'?
src/pages/Taberna.tsx(259,17): error TS2322: Type '{ children: string; class: string; }' is not assignable to type 'DetailedHTMLProps<HTMLAttributes<HTMLSpanElement>, HTMLSpanElement>'.
  Property 'class' does not exist on type 'DetailedHTMLProps<HTMLAttributes<HTMLSpanElement>, HTMLSpanElement>'. Did you mean 'className'?
src/pages/Taberna.tsx(261,28): error TS2322: Type '{ children: Element; href: string; class: string; }' is not assignable to type 'DetailedHTMLProps<AnchorHTMLAttributes<HTMLAnchorElement>, HTMLAnchorElement>'.
  Property 'class' does not exist on type 'DetailedHTMLProps<AnchorHTMLAttributes<HTMLAnchorElement>, HTMLAnchorElement>'. Did you mean 'className'?
src/pages/Taberna.tsx(262,17): error TS2322: Type '{ children: string; class: string; }' is not assignable to type 'DetailedHTMLProps<HTMLAttributes<HTMLSpanElement>, HTMLSpanElement>'.
  Property 'class' does not exist on type 'DetailedHTMLProps<HTMLAttributes<HTMLSpanElement>, HTMLSpanElement>'. Did you mean 'className'?
